17:03:06 - ERROR    - RandomForestModel:load                         - Fehler beim Laden des RF-Modells: [Errno 2] No such file or directory: 'models/advanced_ki.pkl'
17:03:06 - INFO     - steuerung      :execute_campaign             - Starte 1 Session(s).
17:03:06 - INFO     - sonar          :verbinden                    - Versuche, Sonar auf Port COM5 zu verbinden...
17:03:07 - INFO     - sonar          :verbinden                    - Echolot erfolgreich auf COM5 mit 115200 Baud erkannt.
17:03:07 - INFO     - steuerung      :execute_campaign             - === Starte Session 1 (2 Tasks, 10 Wiederholungen) ===
17:03:07 - INFO     - steuerung      :execute_campaign             - === Wiederholung 1/10
17:03:07 - INFO     - steuerung      :execute_measurement          - --- Starte Test: Modus '12bit-Echogram' (4) mit Frequenz 'low' ---
17:03:08 - INFO     - sonar          :konfigurieren                - Konfiguration: output_mode='4', frequency='low' (Befehl: IdSetLowFreq)
17:03:08 - INFO     - sonar          :daten_lesen                  - Starte Ping für 2.0 Sekunden...
17:03:16 - INFO     - datenverarbeitung:verarbeite_daten             - Verarbeite Daten für Modus '12bit-Echogram' mit Processor 'EchogramProcessor'...
17:03:16 - INFO     - EchogramProcessor:process                      - 2 Ping(s) mit insgesamt 758 Datenpunkten geparst.
17:03:16 - INFO     - steuerung      :execute_measurement          - --- Starte Test: Modus '12bit-Echogram' (4) mit Frequenz 'high' ---
17:03:18 - INFO     - sonar          :konfigurieren                - Konfiguration: output_mode='4', frequency='high' (Befehl: IdSetHighFreq)
17:03:18 - INFO     - sonar          :daten_lesen                  - Starte Ping für 2.0 Sekunden...
17:03:25 - INFO     - datenverarbeitung:verarbeite_daten             - Verarbeite Daten für Modus '12bit-Echogram' mit Processor 'EchogramProcessor'...
17:03:25 - INFO     - EchogramProcessor:process                      - 1 Ping(s) mit insgesamt 400 Datenpunkten geparst.
17:03:25 - INFO     - steuerung      :execute_session              - --- Starte KI-Klassifizierung für Session---
17:03:25 - ERROR    - RandomForestModel:predict                      - Fehler bei RF-Prediction: 'NoneType' object has no attribute 'predict'
17:03:25 - INFO     - steuerung      :execute_campaign             - === Wiederholung 2/10
17:03:25 - INFO     - steuerung      :execute_measurement          - --- Starte Test: Modus '12bit-Echogram' (4) mit Frequenz 'low' ---
17:03:27 - INFO     - sonar          :konfigurieren                - Konfiguration: output_mode='4', frequency='low' (Befehl: IdSetLowFreq)
17:03:27 - INFO     - sonar          :daten_lesen                  - Starte Ping für 2.0 Sekunden...
17:03:34 - INFO     - datenverarbeitung:verarbeite_daten             - Verarbeite Daten für Modus '12bit-Echogram' mit Processor 'EchogramProcessor'...
17:03:34 - INFO     - EchogramProcessor:process                      - 2 Ping(s) mit insgesamt 756 Datenpunkten geparst.
17:03:34 - INFO     - steuerung      :execute_measurement          - --- Starte Test: Modus '12bit-Echogram' (4) mit Frequenz 'high' ---
17:03:36 - INFO     - sonar          :konfigurieren                - Konfiguration: output_mode='4', frequency='high' (Befehl: IdSetHighFreq)
17:03:36 - INFO     - sonar          :daten_lesen                  - Starte Ping für 2.0 Sekunden...
17:03:43 - INFO     - datenverarbeitung:verarbeite_daten             - Verarbeite Daten für Modus '12bit-Echogram' mit Processor 'EchogramProcessor'...
17:03:43 - INFO     - EchogramProcessor:process                      - 2 Ping(s) mit insgesamt 800 Datenpunkten geparst.
17:03:43 - INFO     - steuerung      :execute_session              - --- Starte KI-Klassifizierung für Session---
17:03:43 - ERROR    - RandomForestModel:predict                      - Fehler bei RF-Prediction: 'NoneType' object has no attribute 'predict'
17:03:43 - INFO     - steuerung      :execute_campaign             - === Wiederholung 3/10
17:03:43 - INFO     - steuerung      :execute_measurement          - --- Starte Test: Modus '12bit-Echogram' (4) mit Frequenz 'low' ---
17:03:45 - INFO     - sonar          :konfigurieren                - Konfiguration: output_mode='4', frequency='low' (Befehl: IdSetLowFreq)
17:03:45 - INFO     - sonar          :daten_lesen                  - Starte Ping für 2.0 Sekunden...
17:03:53 - INFO     - datenverarbeitung:verarbeite_daten             - Verarbeite Daten für Modus '12bit-Echogram' mit Processor 'EchogramProcessor'...
17:03:53 - INFO     - EchogramProcessor:process                      - 2 Ping(s) mit insgesamt 757 Datenpunkten geparst.
17:03:53 - INFO     - steuerung      :execute_measurement          - --- Starte Test: Modus '12bit-Echogram' (4) mit Frequenz 'high' ---
17:03:54 - INFO     - sonar          :konfigurieren                - Konfiguration: output_mode='4', frequency='high' (Befehl: IdSetHighFreq)
17:03:54 - INFO     - sonar          :daten_lesen                  - Starte Ping für 2.0 Sekunden...
17:04:02 - INFO     - datenverarbeitung:verarbeite_daten             - Verarbeite Daten für Modus '12bit-Echogram' mit Processor 'EchogramProcessor'...
17:04:02 - INFO     - EchogramProcessor:process                      - 2 Ping(s) mit insgesamt 427 Datenpunkten geparst.
17:04:02 - INFO     - steuerung      :execute_session              - --- Starte KI-Klassifizierung für Session---
17:04:02 - ERROR    - RandomForestModel:predict                      - Fehler bei RF-Prediction: 'NoneType' object has no attribute 'predict'
17:04:02 - INFO     - steuerung      :execute_campaign             - === Wiederholung 4/10
17:04:02 - INFO     - steuerung      :execute_measurement          - --- Starte Test: Modus '12bit-Echogram' (4) mit Frequenz 'low' ---
17:04:03 - INFO     - sonar          :konfigurieren                - Konfiguration: output_mode='4', frequency='low' (Befehl: IdSetLowFreq)
17:04:03 - INFO     - sonar          :daten_lesen                  - Starte Ping für 2.0 Sekunden...
17:04:11 - INFO     - datenverarbeitung:verarbeite_daten             - Verarbeite Daten für Modus '12bit-Echogram' mit Processor 'EchogramProcessor'...
17:04:11 - INFO     - EchogramProcessor:process                      - 2 Ping(s) mit insgesamt 757 Datenpunkten geparst.
17:04:11 - INFO     - steuerung      :execute_measurement          - --- Starte Test: Modus '12bit-Echogram' (4) mit Frequenz 'high' ---
17:04:13 - INFO     - sonar          :konfigurieren                - Konfiguration: output_mode='4', frequency='high' (Befehl: IdSetHighFreq)
17:04:13 - INFO     - sonar          :daten_lesen                  - Starte Ping für 2.0 Sekunden...
17:04:20 - INFO     - datenverarbeitung:verarbeite_daten             - Verarbeite Daten für Modus '12bit-Echogram' mit Processor 'EchogramProcessor'...
17:04:20 - INFO     - EchogramProcessor:process                      - 2 Ping(s) mit insgesamt 800 Datenpunkten geparst.
17:04:20 - INFO     - steuerung      :execute_session              - --- Starte KI-Klassifizierung für Session---
17:04:20 - ERROR    - RandomForestModel:predict                      - Fehler bei RF-Prediction: 'NoneType' object has no attribute 'predict'
17:04:20 - INFO     - steuerung      :execute_campaign             - === Wiederholung 5/10
17:04:20 - INFO     - steuerung      :execute_measurement          - --- Starte Test: Modus '12bit-Echogram' (4) mit Frequenz 'low' ---
17:04:22 - INFO     - sonar          :konfigurieren                - Konfiguration: output_mode='4', frequency='low' (Befehl: IdSetLowFreq)
17:04:22 - INFO     - sonar          :daten_lesen                  - Starte Ping für 2.0 Sekunden...
17:04:29 - INFO     - datenverarbeitung:verarbeite_daten             - Verarbeite Daten für Modus '12bit-Echogram' mit Processor 'EchogramProcessor'...
17:04:29 - INFO     - EchogramProcessor:process                      - 2 Ping(s) mit insgesamt 756 Datenpunkten geparst.
17:04:29 - INFO     - steuerung      :execute_measurement          - --- Starte Test: Modus '12bit-Echogram' (4) mit Frequenz 'high' ---
17:04:31 - INFO     - sonar          :konfigurieren                - Konfiguration: output_mode='4', frequency='high' (Befehl: IdSetHighFreq)
17:04:31 - INFO     - sonar          :daten_lesen                  - Starte Ping für 2.0 Sekunden...
17:04:38 - INFO     - datenverarbeitung:verarbeite_daten             - Verarbeite Daten für Modus '12bit-Echogram' mit Processor 'EchogramProcessor'...
17:04:38 - INFO     - EchogramProcessor:process                      - 2 Ping(s) mit insgesamt 800 Datenpunkten geparst.
17:04:38 - INFO     - steuerung      :execute_session              - --- Starte KI-Klassifizierung für Session---
17:04:38 - ERROR    - RandomForestModel:predict                      - Fehler bei RF-Prediction: 'NoneType' object has no attribute 'predict'
17:04:38 - INFO     - steuerung      :execute_campaign             - === Wiederholung 6/10
17:04:38 - INFO     - steuerung      :execute_measurement          - --- Starte Test: Modus '12bit-Echogram' (4) mit Frequenz 'low' ---
17:04:40 - INFO     - sonar          :konfigurieren                - Konfiguration: output_mode='4', frequency='low' (Befehl: IdSetLowFreq)
17:04:40 - INFO     - sonar          :daten_lesen                  - Starte Ping für 2.0 Sekunden...
17:04:47 - INFO     - datenverarbeitung:verarbeite_daten             - Verarbeite Daten für Modus '12bit-Echogram' mit Processor 'EchogramProcessor'...
17:04:47 - INFO     - EchogramProcessor:process                      - 2 Ping(s) mit insgesamt 756 Datenpunkten geparst.
17:04:47 - INFO     - steuerung      :execute_measurement          - --- Starte Test: Modus '12bit-Echogram' (4) mit Frequenz 'high' ---
17:04:49 - INFO     - sonar          :konfigurieren                - Konfiguration: output_mode='4', frequency='high' (Befehl: IdSetHighFreq)
17:04:49 - INFO     - sonar          :daten_lesen                  - Starte Ping für 2.0 Sekunden...
17:04:57 - INFO     - datenverarbeitung:verarbeite_daten             - Verarbeite Daten für Modus '12bit-Echogram' mit Processor 'EchogramProcessor'...
17:04:57 - INFO     - EchogramProcessor:process                      - 2 Ping(s) mit insgesamt 800 Datenpunkten geparst.
17:04:57 - INFO     - steuerung      :execute_session              - --- Starte KI-Klassifizierung für Session---
17:04:57 - ERROR    - RandomForestModel:predict                      - Fehler bei RF-Prediction: 'NoneType' object has no attribute 'predict'
17:04:57 - INFO     - steuerung      :execute_campaign             - === Wiederholung 7/10
17:04:57 - INFO     - steuerung      :execute_measurement          - --- Starte Test: Modus '12bit-Echogram' (4) mit Frequenz 'low' ---
17:04:59 - INFO     - sonar          :konfigurieren                - Konfiguration: output_mode='4', frequency='low' (Befehl: IdSetLowFreq)
17:04:59 - INFO     - sonar          :daten_lesen                  - Starte Ping für 2.0 Sekunden...
17:05:06 - INFO     - datenverarbeitung:verarbeite_daten             - Verarbeite Daten für Modus '12bit-Echogram' mit Processor 'EchogramProcessor'...
17:05:06 - INFO     - EchogramProcessor:process                      - 2 Ping(s) mit insgesamt 757 Datenpunkten geparst.
17:05:06 - INFO     - steuerung      :execute_measurement          - --- Starte Test: Modus '12bit-Echogram' (4) mit Frequenz 'high' ---
17:05:08 - INFO     - sonar          :konfigurieren                - Konfiguration: output_mode='4', frequency='high' (Befehl: IdSetHighFreq)
17:05:08 - INFO     - sonar          :daten_lesen                  - Starte Ping für 2.0 Sekunden...
17:05:15 - INFO     - datenverarbeitung:verarbeite_daten             - Verarbeite Daten für Modus '12bit-Echogram' mit Processor 'EchogramProcessor'...
17:05:15 - INFO     - EchogramProcessor:process                      - 2 Ping(s) mit insgesamt 455 Datenpunkten geparst.
17:05:15 - INFO     - steuerung      :execute_session              - --- Starte KI-Klassifizierung für Session---
17:05:15 - ERROR    - RandomForestModel:predict                      - Fehler bei RF-Prediction: 'NoneType' object has no attribute 'predict'
17:05:15 - INFO     - steuerung      :execute_campaign             - === Wiederholung 8/10
17:05:15 - INFO     - steuerung      :execute_measurement          - --- Starte Test: Modus '12bit-Echogram' (4) mit Frequenz 'low' ---
17:05:17 - INFO     - sonar          :konfigurieren                - Konfiguration: output_mode='4', frequency='low' (Befehl: IdSetLowFreq)
17:05:17 - INFO     - sonar          :daten_lesen                  - Starte Ping für 2.0 Sekunden...
17:05:24 - INFO     - datenverarbeitung:verarbeite_daten             - Verarbeite Daten für Modus '12bit-Echogram' mit Processor 'EchogramProcessor'...
17:05:24 - INFO     - EchogramProcessor:process                      - 2 Ping(s) mit insgesamt 756 Datenpunkten geparst.
17:05:24 - INFO     - steuerung      :execute_measurement          - --- Starte Test: Modus '12bit-Echogram' (4) mit Frequenz 'high' ---
17:05:26 - INFO     - sonar          :konfigurieren                - Konfiguration: output_mode='4', frequency='high' (Befehl: IdSetHighFreq)
17:05:26 - INFO     - sonar          :daten_lesen                  - Starte Ping für 2.0 Sekunden...
17:05:33 - INFO     - datenverarbeitung:verarbeite_daten             - Verarbeite Daten für Modus '12bit-Echogram' mit Processor 'EchogramProcessor'...
17:05:33 - INFO     - EchogramProcessor:process                      - 2 Ping(s) mit insgesamt 800 Datenpunkten geparst.
17:05:33 - INFO     - steuerung      :execute_session              - --- Starte KI-Klassifizierung für Session---
17:05:33 - ERROR    - RandomForestModel:predict                      - Fehler bei RF-Prediction: 'NoneType' object has no attribute 'predict'
17:05:33 - INFO     - steuerung      :execute_campaign             - === Wiederholung 9/10
17:05:33 - INFO     - steuerung      :execute_measurement          - --- Starte Test: Modus '12bit-Echogram' (4) mit Frequenz 'low' ---
17:05:35 - INFO     - sonar          :konfigurieren                - Konfiguration: output_mode='4', frequency='low' (Befehl: IdSetLowFreq)
17:05:35 - INFO     - sonar          :daten_lesen                  - Starte Ping für 2.0 Sekunden...
17:05:43 - INFO     - datenverarbeitung:verarbeite_daten             - Verarbeite Daten für Modus '12bit-Echogram' mit Processor 'EchogramProcessor'...
17:05:43 - INFO     - EchogramProcessor:process                      - 2 Ping(s) mit insgesamt 755 Datenpunkten geparst.
17:05:43 - INFO     - steuerung      :execute_measurement          - --- Starte Test: Modus '12bit-Echogram' (4) mit Frequenz 'high' ---
17:05:44 - INFO     - sonar          :konfigurieren                - Konfiguration: output_mode='4', frequency='high' (Befehl: IdSetHighFreq)
17:05:44 - INFO     - sonar          :daten_lesen                  - Starte Ping für 2.0 Sekunden...
17:05:52 - INFO     - datenverarbeitung:verarbeite_daten             - Verarbeite Daten für Modus '12bit-Echogram' mit Processor 'EchogramProcessor'...
17:05:52 - INFO     - EchogramProcessor:process                      - 2 Ping(s) mit insgesamt 800 Datenpunkten geparst.
17:05:52 - INFO     - steuerung      :execute_session              - --- Starte KI-Klassifizierung für Session---
17:05:52 - ERROR    - RandomForestModel:predict                      - Fehler bei RF-Prediction: 'NoneType' object has no attribute 'predict'
17:05:52 - INFO     - steuerung      :execute_campaign             - === Wiederholung 10/10
17:05:52 - INFO     - steuerung      :execute_measurement          - --- Starte Test: Modus '12bit-Echogram' (4) mit Frequenz 'low' ---
17:05:53 - INFO     - sonar          :konfigurieren                - Konfiguration: output_mode='4', frequency='low' (Befehl: IdSetLowFreq)
17:05:53 - INFO     - sonar          :daten_lesen                  - Starte Ping für 2.0 Sekunden...
17:06:01 - INFO     - datenverarbeitung:verarbeite_daten             - Verarbeite Daten für Modus '12bit-Echogram' mit Processor 'EchogramProcessor'...
17:06:01 - INFO     - EchogramProcessor:process                      - 2 Ping(s) mit insgesamt 755 Datenpunkten geparst.
17:06:01 - INFO     - steuerung      :execute_measurement          - --- Starte Test: Modus '12bit-Echogram' (4) mit Frequenz 'high' ---
17:06:02 - INFO     - sonar          :konfigurieren                - Konfiguration: output_mode='4', frequency='high' (Befehl: IdSetHighFreq)
17:06:03 - INFO     - sonar          :daten_lesen                  - Starte Ping für 2.0 Sekunden...
