17:19:07 - INFO     - RandomForestModel:load                         - Random Forest Modell geladen.
17:19:07 - INFO     - steuerung      :execute_campaign             - Starte 1 Session(s).
17:19:07 - INFO     - sonar          :verbinden                    - Versuche, Sonar auf Port COM5 zu verbinden...
17:19:09 - INFO     - sonar          :verbinden                    - Echolot erfolgreich auf COM5 mit 115200 Baud erkannt.
17:19:09 - INFO     - steuerung      :execute_campaign             - === Starte Session 1 (2 Tasks, 2 Wiederholungen) ===
17:19:09 - INFO     - steuerung      :execute_campaign             - 
=== Wiederholung 1/2
17:19:09 - INFO     - steuerung      :execute_measurement          - --- Starte Test: Modus '12bit-Echogram' (4) mit Frequenz 'low' ---
17:19:10 - INFO     - sonar          :konfigurieren                - Konfiguration: output_mode='4', frequency='low' (Befehl: IdSetLowFreq)
17:19:10 - INFO     - sonar          :daten_lesen                  - Starte Ping für 2.0 Sekunden...
17:19:18 - INFO     - datenverarbeitung:verarbeite_daten             - Verarbeite Daten für Modus '12bit-Echogram' mit Processor 'EchogramProcessor'...
17:19:18 - INFO     - EchogramProcessor:process                      - 2 Ping(s) mit insgesamt 753 Datenpunkten geparst.
17:19:18 - INFO     - steuerung      :execute_measurement          - --- Starte Test: Modus '12bit-Echogram' (4) mit Frequenz 'high' ---
17:19:20 - INFO     - sonar          :konfigurieren                - Konfiguration: output_mode='4', frequency='high' (Befehl: IdSetHighFreq)
17:19:20 - INFO     - sonar          :daten_lesen                  - Starte Ping für 2.0 Sekunden...
17:19:27 - INFO     - datenverarbeitung:verarbeite_daten             - Verarbeite Daten für Modus '12bit-Echogram' mit Processor 'EchogramProcessor'...
17:19:27 - INFO     - EchogramProcessor:process                      - 2 Ping(s) mit insgesamt 800 Datenpunkten geparst.
17:19:27 - INFO     - steuerung      :execute_session              - --- Starte KI-Klassifizierung für Session---
17:19:27 - INFO     - RandomForestModel:predict                      - Vorhersage: Stones | Gravel: 0.10, Sand: 0.44, Stones: 0.46
17:19:27 - INFO     - steuerung      :execute_campaign             - 
=== Wiederholung 2/2
17:19:27 - INFO     - steuerung      :execute_measurement          - --- Starte Test: Modus '12bit-Echogram' (4) mit Frequenz 'low' ---
17:19:29 - INFO     - sonar          :konfigurieren                - Konfiguration: output_mode='4', frequency='low' (Befehl: IdSetLowFreq)
17:19:29 - INFO     - sonar          :daten_lesen                  - Starte Ping für 2.0 Sekunden...
17:19:36 - INFO     - datenverarbeitung:verarbeite_daten             - Verarbeite Daten für Modus '12bit-Echogram' mit Processor 'EchogramProcessor'...
17:19:36 - INFO     - EchogramProcessor:process                      - 2 Ping(s) mit insgesamt 755 Datenpunkten geparst.
17:19:36 - INFO     - steuerung      :execute_measurement          - --- Starte Test: Modus '12bit-Echogram' (4) mit Frequenz 'high' ---
17:19:38 - INFO     - sonar          :konfigurieren                - Konfiguration: output_mode='4', frequency='high' (Befehl: IdSetHighFreq)
17:19:38 - INFO     - sonar          :daten_lesen                  - Starte Ping für 2.0 Sekunden...
17:19:45 - INFO     - datenverarbeitung:verarbeite_daten             - Verarbeite Daten für Modus '12bit-Echogram' mit Processor 'EchogramProcessor'...
17:19:45 - INFO     - EchogramProcessor:process                      - 1 Ping(s) mit insgesamt 400 Datenpunkten geparst.
17:19:45 - INFO     - steuerung      :execute_session              - --- Starte KI-Klassifizierung für Session---
17:19:45 - INFO     - RandomForestModel:predict                      - Vorhersage: Stones | Gravel: 0.09, Sand: 0.44, Stones: 0.47
17:19:45 - INFO     - steuerung      :execute_campaign             - === Alle geplanten Tests abgeschlossen.
17:19:45 - INFO     - sonar          :trennen                      - Stoppe Echolot und trenne Verbindung.
17:19:46 - INFO     - steuerung      :execute_campaign             - Sonarverbindung getrennt.
