17:52:03 - WARNING  - RandomForestModel:load                         - Altes Modellformat geladen (ohne Scaler/PCA).
17:52:03 - INFO     - steuerung      :execute_campaign             - Starte 1 Session(s).
17:52:03 - INFO     - sonar          :verbinden                    - Versuche, Sonar auf Port COM5 zu verbinden...
17:52:04 - INFO     - sonar          :verbinden                    - Echolot erfolgreich auf COM5 mit 115200 Baud erkannt.
17:52:04 - INFO     - steuerung      :execute_campaign             - === Starte Session 1 (2 Tasks, 2 Wiederholungen) ===
17:52:04 - INFO     - steuerung      :execute_campaign             - === Wiederholung 1/2 === 

17:52:04 - INFO     - steuerung      :execute_measurement          - --- Starte Test: Modus '12bit-Echogram' (4) mit Frequenz 'low' ---
17:52:06 - INFO     - sonar          :konfigurieren                - Konfiguration: output_mode='4', frequency='low' (Befehl: IdSetLowFreq)
17:52:06 - INFO     - sonar          :daten_lesen                  - Starte Ping für 2.0 Sekunden...
17:52:13 - INFO     - datenverarbeitung:verarbeite_daten             - Verarbeite Daten für Modus '12bit-Echogram' mit Processor 'EchogramProcessor'...
17:52:13 - INFO     - EchogramProcessor:process                      - 2 Ping(s) mit insgesamt 742 Datenpunkten geparst.
17:52:13 - INFO     - steuerung      :execute_measurement          - --- Starte Test: Modus '12bit-Echogram' (4) mit Frequenz 'high' ---
17:52:15 - INFO     - sonar          :konfigurieren                - Konfiguration: output_mode='4', frequency='high' (Befehl: IdSetHighFreq)
17:52:15 - INFO     - sonar          :daten_lesen                  - Starte Ping für 2.0 Sekunden...
17:52:23 - INFO     - datenverarbeitung:verarbeite_daten             - Verarbeite Daten für Modus '12bit-Echogram' mit Processor 'EchogramProcessor'...
17:52:23 - INFO     - EchogramProcessor:process                      - 2 Ping(s) mit insgesamt 800 Datenpunkten geparst.
17:52:23 - INFO     - steuerung      :execute_session              - --- Starte KI-Klassifizierung für Session---
17:52:23 - INFO     - RandomForestModel:predict                      - Vorhersage: 2 | 0: 0.12, 1: 0.30, 2: 0.58
17:52:23 - INFO     - steuerung      :execute_campaign             - === Wiederholung 2/2 === 

17:52:23 - INFO     - steuerung      :execute_measurement          - --- Starte Test: Modus '12bit-Echogram' (4) mit Frequenz 'low' ---
17:52:24 - INFO     - sonar          :konfigurieren                - Konfiguration: output_mode='4', frequency='low' (Befehl: IdSetLowFreq)
17:52:25 - INFO     - sonar          :daten_lesen                  - Starte Ping für 2.0 Sekunden...
17:52:32 - INFO     - datenverarbeitung:verarbeite_daten             - Verarbeite Daten für Modus '12bit-Echogram' mit Processor 'EchogramProcessor'...
17:52:32 - INFO     - EchogramProcessor:process                      - 2 Ping(s) mit insgesamt 744 Datenpunkten geparst.
17:52:32 - INFO     - steuerung      :execute_measurement          - --- Starte Test: Modus '12bit-Echogram' (4) mit Frequenz 'high' ---
17:52:34 - INFO     - sonar          :konfigurieren                - Konfiguration: output_mode='4', frequency='high' (Befehl: IdSetHighFreq)
17:52:34 - INFO     - sonar          :daten_lesen                  - Starte Ping für 2.0 Sekunden...
17:52:41 - INFO     - datenverarbeitung:verarbeite_daten             - Verarbeite Daten für Modus '12bit-Echogram' mit Processor 'EchogramProcessor'...
17:52:41 - INFO     - EchogramProcessor:process                      - 2 Ping(s) mit insgesamt 800 Datenpunkten geparst.
17:52:41 - INFO     - steuerung      :execute_session              - --- Starte KI-Klassifizierung für Session---
17:52:41 - INFO     - RandomForestModel:predict                      - Vorhersage: 2 | 0: 0.12, 1: 0.29, 2: 0.59
17:52:41 - INFO     - steuerung      :execute_campaign             - === Alle geplanten Tests abgeschlossen. === 

17:52:41 - INFO     - sonar          :trennen                      - Stoppe Echolot und trenne Verbindung.
17:52:42 - INFO     - steuerung      :execute_campaign             - Sonarverbindung getrennt.
