18:03:03 - WARNING  - MLPModel       :load                         - MLPModel geladen (ohne Scaler/PCA - altes Format oder direktes Modell).
18:03:03 - INFO     - steuerung      :execute_campaign             - Starte 1 Session(s).
18:03:03 - INFO     - sonar          :verbinden                    - Versuche, Sonar auf Port COM5 zu verbinden...
18:03:04 - INFO     - sonar          :verbinden                    - Echolot erfolgreich auf COM5 mit 115200 Baud erkannt.
18:03:04 - INFO     - steuerung      :execute_campaign             - === Starte Session 1 (2 Tasks, 2 Wiederholungen) ===
18:03:04 - INFO     - steuerung      :execute_campaign             - === Wiederholung 1/2 === 

18:03:04 - INFO     - steuerung      :execute_measurement          - --- Starte Test: Modus '12bit-Echogram' (4) mit Frequenz 'low' ---
18:03:06 - INFO     - sonar          :konfigurieren                - Konfiguration: output_mode='4', frequency='low' (Befehl: IdSetLowFreq)
18:03:06 - INFO     - sonar          :daten_lesen                  - Starte Ping für 2.0 Sekunden...
18:03:13 - INFO     - datenverarbeitung:verarbeite_daten             - Verarbeite Daten für Modus '12bit-Echogram' mit Processor 'EchogramProcessor'...
18:03:13 - INFO     - EchogramProcessor:process                      - 2 Ping(s) mit insgesamt 740 Datenpunkten geparst.
18:03:13 - INFO     - steuerung      :execute_measurement          - --- Starte Test: Modus '12bit-Echogram' (4) mit Frequenz 'high' ---
18:03:15 - INFO     - sonar          :konfigurieren                - Konfiguration: output_mode='4', frequency='high' (Befehl: IdSetHighFreq)
18:03:15 - INFO     - sonar          :daten_lesen                  - Starte Ping für 2.0 Sekunden...
18:03:22 - INFO     - datenverarbeitung:verarbeite_daten             - Verarbeite Daten für Modus '12bit-Echogram' mit Processor 'EchogramProcessor'...
18:03:22 - INFO     - EchogramProcessor:process                      - 2 Ping(s) mit insgesamt 800 Datenpunkten geparst.
18:03:22 - INFO     - steuerung      :execute_session              - --- Starte KI-Klassifizierung für Session---
18:03:22 - INFO     - MLPModel       :predict                      - Vorhersage: 2 | 0: 0.14, 1: 0.30, 2: 0.56
18:03:22 - INFO     - steuerung      :execute_campaign             - === Wiederholung 2/2 === 

18:03:22 - INFO     - steuerung      :execute_measurement          - --- Starte Test: Modus '12bit-Echogram' (4) mit Frequenz 'low' ---
18:03:24 - INFO     - sonar          :konfigurieren                - Konfiguration: output_mode='4', frequency='low' (Befehl: IdSetLowFreq)
18:03:24 - INFO     - sonar          :daten_lesen                  - Starte Ping für 2.0 Sekunden...
18:03:32 - INFO     - datenverarbeitung:verarbeite_daten             - Verarbeite Daten für Modus '12bit-Echogram' mit Processor 'EchogramProcessor'...
18:03:32 - INFO     - EchogramProcessor:process                      - 2 Ping(s) mit insgesamt 741 Datenpunkten geparst.
18:03:32 - INFO     - steuerung      :execute_measurement          - --- Starte Test: Modus '12bit-Echogram' (4) mit Frequenz 'high' ---
18:03:33 - INFO     - sonar          :konfigurieren                - Konfiguration: output_mode='4', frequency='high' (Befehl: IdSetHighFreq)
18:03:33 - INFO     - sonar          :daten_lesen                  - Starte Ping für 2.0 Sekunden...
18:03:41 - INFO     - datenverarbeitung:verarbeite_daten             - Verarbeite Daten für Modus '12bit-Echogram' mit Processor 'EchogramProcessor'...
18:03:41 - INFO     - EchogramProcessor:process                      - 1 Ping(s) mit insgesamt 400 Datenpunkten geparst.
18:03:41 - INFO     - steuerung      :execute_session              - --- Starte KI-Klassifizierung für Session---
18:03:41 - INFO     - MLPModel       :predict                      - Vorhersage: 2 | 0: 0.11, 1: 0.32, 2: 0.57
18:03:41 - INFO     - steuerung      :execute_campaign             - === Alle geplanten Tests abgeschlossen. === 

18:03:41 - INFO     - sonar          :trennen                      - Stoppe Echolot und trenne Verbindung.
18:03:41 - INFO     - steuerung      :execute_campaign             - Sonarverbindung getrennt.
