16:47:31 - INFO     - root           :setup_logging                - Logging konfiguriert. Log-Datei unter: logs\20260209_164731\sonar_loggs_09022026_164731.log
16:47:35 - INFO     - SonarClassifier:load_model                   - Modell, Scaler und PCA erfolgreich geladen.
16:47:35 - DEBUG    - steuerung      :__init__                     - Steuerung und alle Komponenten initialisiert.
16:47:35 - INFO     - steuerung      :run_tests                    - --- Sonar-Anwendung wird gestartet, 8 Test(s) geplant. ---
16:47:35 - INFO     - sonar          :verbinden                    - Versuche, Sonar auf Port COM5 zu verbinden...
16:47:36 - INFO     - sonar          :verbinden                    - Echolot erfolgreich auf COM5 mit 115200 Baud erkannt.
16:47:36 - INFO     - steuerung      :run_tests                    - Sonar erfolgreich verbunden.
16:47:36 - INFO     - steuerung      :run_test_pair                - --- Führe Test-Paar aus: Index 0 & 1 ---
16:47:36 - INFO     - steuerung      :run_single_test              - --- Starte Test: Modus '12bit-Echogram' (4) mit Frequenz 'low' ---
16:47:38 - INFO     - sonar          :konfigurieren                - Konfiguration: output_mode='4', frequency='low' (Befehl: IdSetLowFreq)
16:47:38 - INFO     - sonar          :konfigurieren                - Wende spezifische Modus-Einstellungen an:
16:47:38 - INFO     - sonar          :konfigurieren                -   -> IdSamplFreq: 100000
16:47:38 - INFO     - sonar          :konfigurieren                -   -> IdRange: 3000
16:47:38 - INFO     - sonar          :konfigurieren                -   -> IdInterval: 1
16:47:38 - INFO     - sonar          :konfigurieren                -   -> IdDeadzone: 200
16:47:38 - INFO     - sonar          :konfigurieren                -   -> IdTxLengthL: 200
16:47:38 - INFO     - sonar          :konfigurieren                -   -> IdTxPower: 0
16:47:38 - INFO     - sonar          :konfigurieren                -   -> IdGain: 0
16:47:38 - INFO     - sonar          :konfigurieren                -   -> class_name: Sand
16:47:38 - INFO     - sonar          :konfigurieren                -   -> frequency: low
16:47:38 - INFO     - sonar          :daten_lesen                  - Starte Ping für 2.0 Sekunden...
16:47:45 - DEBUG    - sonar          :daten_lesen                  - Daten empfangen mit der Länge 4096
16:47:45 - INFO     - datenverarbeitung:verarbeite_daten             - Verarbeite Daten für Modus '12bit-Echogram' mit Processor 'EchogramProcessor'...
16:47:45 - DEBUG    - EchogramProcessor:_extract_packets             - Pakete extrahiert: 2
16:47:45 - DEBUG    - EchogramProcessor:_parse_header_section        - Header geparst: {'DeviceID': '0 D24 Type RS232', 'TimeWork': '1770652062.87', 'Ping': '391', 'Altitude': '0.6144', 'Temperature': '17.64', 'NSamples': '400', 'Resolution,mm': '7.500', 'Sampling_Frequency,Hz': '100000', 'SoundSpeed,mps': '1500.00', 'Tx_Frequency,Hz': '200000', 'Range,m': '3.0', 'Interval,sec': '1.000', 'Threshold,%': '10', 'Offset,m': '0.000', 'Deadzone,m': '0.200', 'PulseLength,uks': '200', 'TxPower,dB': '0.000', 'TVG_Gain': '0.000', 'TVG_Slope': '1.000', 'TVG_Mode': '1', 'OutputMode': '4', 'Pitch,deg': '-1.700', 'Roll,deg': '-0.500'}
16:47:45 - DEBUG    - EchogramProcessor:_extract_data                - Datenpunkte geparst: [137, 199, 225, 256, 261, 251, 243, 240, 218, 207, 188, 169, 154, 129, 114, 96, 88, 77, 72, 77, 68, 107, 206, 320, 556, 832, 1163, 1562, 2119, 2743, 3333, 3973, 4050, 4061, 4058, 4056, 4055, 4055, 4060, 4063, 4072, 4057, 4070, 4053, 4071, 4061, 4077, 4061, 4071, 4062, 4076, 4056, 4058, 4058, 4063, 4063, 4064, 4067, 4056, 4057, 3856, 3769, 3605, 3338, 2967, 2623, 2209, 1875, 1513, 1250, 978, 798, 622, 542, 413, 352, 279, 297, 284, 310, 343, 358, 454, 484, 596, 626, 732, 757, 820, 806, 816, 774, 757, 716, 688, 646, 615, 580, 564, 542, 544, 536, 545, 544, 542, 537, 504, 490, 432, 420, 339, 300, 227, 186, 168, 148, 164, 159, 199, 213, 272, 295, 362, 378, 424, 417, 428, 399, 384, 343, 312, 283, 237, 208, 170, 160, 138, 158, 137, 140, 110, 116, 114, 164, 196, 258, 288, 336, 348, 376, 377, 400, 403, 419, 417, 419, 405, 385, 359, 331, 297, 258, 216, 179, 159, 157, 160, 152, 150, 124, 115, 81, 65, 44, 29, 26, 22, 18, 20, 15, 13, 18, 20, 29, 30, 45, 41, 46, 35, 35, 27, 31, 31, 39, 42, 56, 61, 73, 71, 69, 65, 62, 67, 60, 67, 61, 69, 59, 56, 52, 61, 75, 93, 105, 119, 124, 121, 105, 96, 75, 61, 46, 42, 29, 21, 32, 42, 68, 88, 118, 140, 160, 170, 178, 174, 170, 161, 157, 151, 146, 137, 132, 128, 128, 124, 121, 118, 118, 119, 118, 120, 118, 125, 129, 137, 134, 131, 119, 112, 100, 86, 73, 57, 47, 35, 31, 24, 25, 29, 30, 31, 33, 38, 46, 60, 74, 89, 105, 129, 153, 179, 199, 222, 238, 263, 271, 270, 253, 239, 224, 214, 199, 185, 175, 165, 157, 139, 122, 101, 84, 61, 39, 26, 31, 43, 65, 80, 103, 125, 159, 186, 217, 235, 252, 262, 266, 259, 251, 239, 225, 207, 186, 172, 154, 140, 121, 106, 90, 81, 69, 60, 51, 52, 64, 86, 105, 123, 135, 145, 147, 146, 145, 150, 154, 162, 165, 170, 169, 165, 152, 138, 129, 122, 118, 107, 99, 87, 81, 72, 67, 59, 60, 60, 66, 69, 76, 77, 78, 74, 65, 53, 40, 32, 24, 21, 18, 21, 27, 37, 43, 48, 54, 68, 79, 92, 105, 119, 134, 140, 149, 153, 158, 159, 161, 161, 162, 166, 180, 197, 197]
16:47:45 - DEBUG    - EchogramProcessor:_parse_header_section        - Header geparst: {'DeviceID': '0 D24 Type RS232', 'TimeWork': '1770652063.87', 'Ping': '392', 'Altitude': '1.1469', 'Temperature': '17.62', 'NSamples': '400', 'Resolution,mm': '7.500', 'Sampling_Frequency,Hz': '100000', 'SoundSpeed,mps': '1500.00', 'Tx_Frequency,Hz': '200000', 'Range,m': '3.0', 'Interval,sec': '1.000', 'Threshold,%': '10', 'Offset,m': '0.000', 'Deadzone,m': '0.200', 'PulseLength,uks': '200', 'TxPower,dB': '0.000', 'TVG_Gain': '0.000', 'TVG_Slope': '1.000', 'TVG_Mode': '1', 'OutputMode': '4', 'Pitch,deg': '-1.100', 'Roll,deg': '-0.300'}
16:47:45 - DEBUG    - EchogramProcessor:_extract_data                - Datenpunkte geparst: [137, 201, 228, 257, 264, 253, 244, 241, 219, 209, 189, 170, 156, 132, 117, 97, 88, 77, 72, 76, 67, 108, 209, 325, 562, 838, 1168, 1567, 2127, 2760, 3356, 3982, 4050, 4061, 4059, 4056, 4055, 4056, 4061, 4062, 4070, 4057, 4070, 4053, 4073, 4061, 4077, 4061, 4071, 4063, 4072, 4053, 4056, 4054, 4061, 4058, 4059, 4063, 4048, 4038, 3844, 3712, 3505, 3207, 2826, 2483, 2089, 1792, 1458, 1249, 1001, 878, 725, 671, 558, 521, 469, 472, 490, 529, 568, 600, 650, 654, 692, 675, 725, 693, 730, 675, 688, 624, 634, 584, 593, 547, 559, 530, 554, 538, 563, 550, 567, 556, 551, 525, 483, 449, 384, 364, 284, 256, 199, 170, 169, 151, 171, 138, 140, 111, 123, 131, 161, 182, 232, 258, 307, 325, 373, 377, 417, 402, 409, 387, 388, 373, 371, 362, 350, 337, 307, 292, 264, 260, 246, 252, 253, 266, 272, 297, 318, 359, 389, 433, 444, 470, 459, 467, 437, 421, 373, 337, 287, 268, 244, 238, 216, 192, 163, 130, 106, 74, 51, 41, 28, 33, 24, 35, 30, 46, 51, 70, 73, 85, 91, 98, 104, 108, 120, 128, 144, 140, 143, 129, 122, 108]
16:47:45 - INFO     - EchogramProcessor:process                      - 2 Ping(s) mit insgesamt 596 Datenpunkten geparst.
16:47:45 - INFO     - steuerung      :run_single_test              - Test '12bit-Echogram' beendet
16:47:45 - INFO     - visualisierung :create_plots_from_measurements - Erstelle Plots für 1 Messungen (Batch)...
16:47:46 - DEBUG    - visualisierung :_render_and_save_figure      - Plot gespeichert: logs\20260209_164731\echogram_messung1_ping_1.png
16:47:46 - INFO     - steuerung      :run_single_test              - --- Starte Test: Modus '12bit-Echogram' (4) mit Frequenz 'high' ---
16:47:48 - INFO     - sonar          :konfigurieren                - Konfiguration: output_mode='4', frequency='high' (Befehl: IdSetHighFreq)
16:47:48 - INFO     - sonar          :konfigurieren                - Wende spezifische Modus-Einstellungen an:
16:47:48 - INFO     - sonar          :konfigurieren                -   -> IdSamplFreq: 100000
16:47:48 - INFO     - sonar          :konfigurieren                -   -> IdRange: 3000
16:47:48 - INFO     - sonar          :konfigurieren                -   -> IdInterval: 1
16:47:48 - INFO     - sonar          :konfigurieren                -   -> IdDeadzone: 200
16:47:48 - INFO     - sonar          :konfigurieren                -   -> IdTxLengthH: 50
16:47:48 - INFO     - sonar          :konfigurieren                -   -> IdTxPower: -48
16:47:48 - INFO     - sonar          :konfigurieren                -   -> IdGain: 0
16:47:48 - INFO     - sonar          :konfigurieren                -   -> class_name: Sand
16:47:48 - INFO     - sonar          :konfigurieren                -   -> frequency: high
16:47:48 - INFO     - sonar          :daten_lesen                  - Starte Ping für 2.0 Sekunden...
16:47:55 - DEBUG    - sonar          :daten_lesen                  - Daten empfangen mit der Länge 4096
16:47:55 - INFO     - datenverarbeitung:verarbeite_daten             - Verarbeite Daten für Modus '12bit-Echogram' mit Processor 'EchogramProcessor'...
16:47:55 - DEBUG    - EchogramProcessor:_extract_packets             - Pakete extrahiert: 2
16:47:55 - DEBUG    - EchogramProcessor:_parse_header_section        - Header geparst: {'DeviceID': '0 D24 Type RS232', 'TimeWork': '1770652073.08', 'Ping': '397', 'Altitude': '0.3993', 'Temperature': '17.64', 'NSamples': '400', 'Resolution,mm': '7.500', 'Sampling_Frequency,Hz': '100000', 'SoundSpeed,mps': '1500.00', 'Tx_Frequency,Hz': '450000', 'Range,m': '3.0', 'Interval,sec': '1.000', 'Threshold,%': '10', 'Offset,m': '0.000', 'Deadzone,m': '0.200', 'PulseLength,uks': '50', 'TxPower,dB': '-48.000', 'TVG_Gain': '0.000', 'TVG_Slope': '1.000', 'TVG_Mode': '1', 'OutputMode': '4', 'Pitch,deg': '-1.100', 'Roll,deg': '-0.300'}
16:47:55 - DEBUG    - EchogramProcessor:_extract_data                - Datenpunkte geparst: [441, 355, 581, 1003, 1018, 1003, 2127, 3317, 3768, 3172, 2502, 1969, 1829, 2106, 1992, 2069, 2483, 2529, 2654, 2392, 1655, 1369, 1013, 807, 775, 606, 682, 693, 592, 583, 444, 397, 337, 403, 288, 239, 193, 171, 147, 132, 131, 147, 154, 155, 146, 124, 105, 100, 104, 130, 132, 197, 341, 481, 684, 863, 727, 780, 1204, 1901, 2396, 2674, 2634, 2414, 2084, 1665, 1232, 864, 631, 564, 514, 448, 376, 316, 257, 185, 162, 153, 167, 178, 148, 98, 87, 95, 85, 77, 93, 87, 70, 61, 54, 39, 35, 49, 51, 41, 25, 17, 20, 23, 20, 19, 18, 18, 22, 25, 25, 24, 22, 16, 11, 25, 49, 69, 75, 64, 65, 95, 86, 102, 132, 151, 171, 194, 253, 285, 260, 225, 221, 229, 202, 151, 121, 136, 163, 160, 116, 108, 115, 130, 130, 95, 83, 95, 100, 100, 94, 80, 69, 54, 38, 33, 34, 35, 32, 29, 25, 18, 11, 4, 2, 8, 14, 17, 21, 22, 47, 85, 117, 136, 148, 155, 161, 167, 175, 181, 174, 172, 187, 196, 194, 195, 187, 160, 109, 110, 135, 172, 229, 266, 272, 251, 207, 160, 135, 147, 192, 224, 227, 210, 171, 140, 141, 173, 206, 218, 194, 156, 153, 189, 232, 267, 268, 256, 216, 176, 139, 109, 88, 75, 65, 53, 42, 30, 21, 22, 51, 93, 123, 138, 130, 114, 108, 108, 105, 105, 103, 96, 93, 88, 80, 81, 85, 84, 78, 72, 69, 71, 73, 69, 60, 59, 61, 59, 53, 53, 54, 48, 34, 19, 9, 3, 2, 4, 8, 11, 10, 7, 10, 20, 36, 50, 64, 70, 69, 67, 58, 61, 79, 71, 64, 56, 55, 47, 36, 50, 55, 45, 56, 52, 43, 42, 37, 42, 44, 36, 36, 42, 47, 41, 41, 46, 41, 42, 48, 48, 45, 42, 50, 52, 47, 48, 48, 42, 35, 27, 22, 24, 26, 27, 27, 27, 27, 25, 20, 14, 5, 1, 0, 0, 0, 0, 0, 0, 17, 64, 104, 131, 141, 137, 133, 119, 115, 119, 133, 143, 148, 141, 135, 150, 160, 162, 157, 154, 156, 157, 160, 165, 158, 161, 175, 176, 175, 170, 156, 128, 91, 66, 49, 38, 27, 17, 9, 5, 2, 1, 2, 2, 1, 0, 0, 0, 0, 0, 36, 90, 155, 212, 246, 280, 306, 327, 339, 337, 329, 324, 314, 303, 288, 265]
16:47:55 - DEBUG    - EchogramProcessor:_parse_header_section        - Header geparst: {'DeviceID': '0 D24 Type RS232', 'TimeWork': '1770652074.08', 'Ping': '398', 'Altitude': '0.3880', 'Temperature': '17.62', 'NSamples': '400', 'Resolution,mm': '7.500', 'Sampling_Frequency,Hz': '100000', 'SoundSpeed,mps': '1500.00', 'Tx_Frequency,Hz': '450000', 'Range,m': '3.0', 'Interval,sec': '1.000', 'Threshold,%': '10', 'Offset,m': '0.000', 'Deadzone,m': '0.200', 'PulseLength,uks': '50', 'TxPower,dB': '-48.000', 'TVG_Gain': '0.000', 'TVG_Slope': '1.000', 'TVG_Mode': '1', 'OutputMode': '4', 'Pitch,deg': '-1.700', 'Roll,deg': '0.000'}
16:47:55 - DEBUG    - EchogramProcessor:_extract_data                - Datenpunkte geparst: [451, 361, 588, 964, 948, 1192, 2538, 3787, 4067, 4067, 4051, 3869, 3494, 3398, 3093, 2912, 3034, 3003, 3111, 2719, 1912, 1552, 1190, 855, 781, 629, 612, 600, 526, 553, 427, 423, 345, 345, 274, 344, 350, 326, 280, 245, 194, 149, 131, 120, 138, 130, 95, 93, 117, 134, 139, 377, 835, 1267, 1569, 1573, 1494, 1887, 2691, 3547, 4048, 4055, 4060, 3849, 3453, 2925, 2476, 2067, 1775, 1490, 1226, 983, 782, 592, 416, 275, 184, 141, 119, 130, 135, 131, 168, 201, 204, 193, 198, 214, 226, 235, 256, 258, 242, 218, 183, 159, 149, 141, 146, 167, 197, 214, 219, 202, 172, 138, 137, 172, 206, 228, 251, 253, 220, 188, 181, 175, 163, 135, 111, 90, 73, 68, 79, 115, 151, 178, 207, 229, 247, 262, 271, 251, 209, 146, 120, 131, 136, 120, 103, 100, 88, 80, 74, 80, 93, 105, 93, 59, 65, 83, 89, 87, 68, 48, 51, 73, 84, 60, 51, 51, 56, 52, 40, 45, 48, 53, 56, 49, 35, 21, 22, 26, 28, 26, 24, 22, 24, 33, 38, 39, 36, 38, 50, 60, 64, 70, 92, 124, 124, 105, 113, 124, 103, 100, 103, 75, 58, 53, 42, 58, 80, 87, 128, 164, 152, 131, 139, 170, 189, 201, 235, 272, 250, 209, 186, 158, 112, 76, 45, 26, 17, 13, 9, 8, 12, 14, 14, 15, 15, 17, 19]
16:47:55 - INFO     - EchogramProcessor:process                      - 2 Ping(s) mit insgesamt 631 Datenpunkten geparst.
16:47:55 - INFO     - steuerung      :run_single_test              - Test '12bit-Echogram' beendet
16:47:55 - INFO     - visualisierung :create_plots_from_measurements - Erstelle Plots für 1 Messungen (Batch)...
16:47:56 - DEBUG    - visualisierung :_render_and_save_figure      - Plot gespeichert: logs\20260209_164731\echogram_messung2_ping_1.png
16:47:56 - INFO     - steuerung      :run_test_pair                - Starte KI-Klassifizierung für LF/HF Paar...
16:47:56 - INFO     - steuerung      :run_test_pair                - Klassifizierungsergebnis für Paar: Sand
16:47:56 - INFO     - datenverarbeitung:append_ping_to_csv           - Daten erfolgreich in 'logs\20260209_164731\training_data.csv' geschrieben.
16:47:56 - INFO     - datenverarbeitung:append_ping_to_csv           - Daten erfolgreich in 'logs\20260209_164731\training_data.csv' geschrieben.
16:47:56 - INFO     - steuerung      :run_test_pair                - --- Führe Test-Paar aus: Index 2 & 3 ---
16:47:56 - INFO     - steuerung      :run_single_test              - --- Starte Test: Modus '12bit-Echogram' (4) mit Frequenz 'low' ---
16:47:57 - INFO     - sonar          :konfigurieren                - Konfiguration: output_mode='4', frequency='low' (Befehl: IdSetLowFreq)
16:47:57 - INFO     - sonar          :konfigurieren                - Wende spezifische Modus-Einstellungen an:
16:47:57 - INFO     - sonar          :konfigurieren                -   -> IdSamplFreq: 100000
16:47:57 - INFO     - sonar          :konfigurieren                -   -> IdRange: 3000
16:47:57 - INFO     - sonar          :konfigurieren                -   -> IdInterval: 1
16:47:57 - INFO     - sonar          :konfigurieren                -   -> IdDeadzone: 200
16:47:57 - INFO     - sonar          :konfigurieren                -   -> IdTxLengthL: 200
16:47:57 - INFO     - sonar          :konfigurieren                -   -> IdTxPower: 0
16:47:57 - INFO     - sonar          :konfigurieren                -   -> IdGain: 0
16:47:57 - INFO     - sonar          :konfigurieren                -   -> class_name: Sand
16:47:57 - INFO     - sonar          :konfigurieren                -   -> frequency: low
16:47:57 - INFO     - sonar          :daten_lesen                  - Starte Ping für 2.0 Sekunden...
16:48:05 - DEBUG    - sonar          :daten_lesen                  - Daten empfangen mit der Länge 4096
16:48:05 - INFO     - datenverarbeitung:verarbeite_daten             - Verarbeite Daten für Modus '12bit-Echogram' mit Processor 'EchogramProcessor'...
16:48:05 - DEBUG    - EchogramProcessor:_extract_packets             - Pakete extrahiert: 2
16:48:05 - DEBUG    - EchogramProcessor:_parse_header_section        - Header geparst: {'DeviceID': '0 D24 Type RS232', 'TimeWork': '1770652082.92', 'Ping': '403', 'Altitude': '0.7344', 'Temperature': '17.62', 'NSamples': '400', 'Resolution,mm': '7.500', 'Sampling_Frequency,Hz': '100000', 'SoundSpeed,mps': '1500.00', 'Tx_Frequency,Hz': '200000', 'Range,m': '3.0', 'Interval,sec': '1.000', 'Threshold,%': '10', 'Offset,m': '0.000', 'Deadzone,m': '0.200', 'PulseLength,uks': '200', 'TxPower,dB': '0.000', 'TVG_Gain': '0.000', 'TVG_Slope': '1.000', 'TVG_Mode': '1', 'OutputMode': '4', 'Pitch,deg': '-1.100', 'Roll,deg': '-0.600'}
16:48:05 - DEBUG    - EchogramProcessor:_extract_data                - Datenpunkte geparst: [136, 200, 227, 261, 263, 252, 245, 243, 221, 208, 190, 172, 155, 130, 115, 96, 88, 78, 72, 79, 66, 103, 199, 309, 555, 842, 1182, 1593, 2166, 2804, 3407, 4003, 4055, 4058, 4056, 4059, 4061, 4059, 4061, 4055, 4067, 4055, 4072, 4059, 4078, 4063, 4076, 4061, 4071, 4057, 4067, 4058, 4061, 4059, 4062, 4061, 4062, 4059, 4025, 3973, 3777, 3611, 3325, 2978, 2563, 2199, 1796, 1486, 1160, 948, 721, 610, 473, 424, 360, 353, 296, 295, 251, 241, 224, 224, 225, 216, 213, 197, 235, 223, 264, 248, 287, 266, 306, 298, 346, 337, 388, 391, 454, 453, 512, 498, 541, 514, 517, 462, 420, 349, 290, 230, 180, 125, 113, 79, 97, 76, 99, 76, 92, 69, 93, 79, 115, 110, 144, 139, 158, 160, 162, 175, 172, 199, 183, 202, 173, 180, 159, 178, 165, 163, 142, 111, 101, 75, 69, 95, 104, 140, 140, 156, 139, 138, 117, 101, 84, 57, 59, 44, 46, 41, 55, 59, 73, 83, 84, 87, 71, 68, 53, 55, 55, 67, 70, 86, 80, 88, 71, 66, 47, 32, 43, 43, 62, 70, 89, 100, 115, 120, 128, 131, 131, 129, 115, 105, 89, 82, 78, 85, 87, 102, 100, 103, 92, 92, 90, 100, 107, 113, 121, 122, 124, 119, 118, 114, 119, 118, 123, 118, 124, 121, 131, 132, 145, 143, 144, 132, 125, 116, 123, 121, 123, 120, 117, 124, 120, 117, 101, 86, 67, 48, 42, 32, 33, 33, 28, 30, 21, 18, 26, 34, 51, 57, 73, 84, 110, 136, 163, 180, 201, 205, 207, 195, 186, 168, 151, 125, 97, 66, 53, 52, 68, 83, 104, 116, 129, 133, 140, 145, 153, 159, 166, 180, 198, 212, 204, 198, 196, 203, 204, 203, 192, 175, 160, 146, 138, 124, 115, 109, 111, 116, 128, 125, 120, 99, 77, 60, 61, 71, 88, 96, 104, 102, 105, 102, 104, 106, 117, 133, 152, 167, 186, 208, 225, 239, 239, 236, 221, 203, 174, 150, 129, 116, 106, 98, 85, 77, 72, 79, 85, 96, 106, 120, 134, 148, 157, 167, 171, 173, 176, 184, 197, 211, 219, 226, 231, 234, 239, 241, 244, 241, 236, 221, 204, 178, 155, 129, 106, 86, 77, 74, 76, 74, 71, 67, 66, 65, 68, 71, 76, 82, 82, 85, 82, 81, 75, 71, 59, 50, 41, 33, 22, 11, 6, 8, 14, 26, 38, 55, 76, 83]
16:48:05 - DEBUG    - EchogramProcessor:_parse_header_section        - Header geparst: {'DeviceID': '0 D24 Type RS232', 'TimeWork': '1770652083.92', 'Ping': '404', 'Altitude': '0.0000', 'Temperature': '17.62', 'NSamples': '400', 'Resolution,mm': '7.500', 'Sampling_Frequency,Hz': '100000', 'SoundSpeed,mps': '1500.00', 'Tx_Frequency,Hz': '200000', 'Range,m': '3.0', 'Interval,sec': '1.000', 'Threshold,%': '10', 'Offset,m': '0.000', 'Deadzone,m': '0.200', 'PulseLength,uks': '200', 'TxPower,dB': '0.000', 'TVG_Gain': '0.000', 'TVG_Slope': '1.000', 'TVG_Mode': '1', 'OutputMode': '4', 'Pitch,deg': '-1.400', 'Roll,deg': '-0.700'}
16:48:05 - DEBUG    - EchogramProcessor:_extract_data                - Datenpunkte geparst: [137, 201, 224, 256, 262, 252, 243, 240, 217, 207, 188, 170, 155, 130, 115, 96, 87, 77, 72, 76, 66, 105, 208, 326, 568, 847, 1180, 1582, 2152, 2788, 3393, 4000, 4056, 4063, 4062, 4055, 4053, 4054, 4061, 4056, 4068, 4061, 4076, 4059, 4081, 4057, 4069, 4057, 4070, 4063, 4070, 4053, 4055, 4057, 4069, 4058, 4056, 4060, 4034, 3986, 3790, 3667, 3413, 3095, 2706, 2351, 1952, 1641, 1304, 1084, 832, 697, 526, 463, 375, 345, 293, 294, 256, 234, 213, 213, 224, 214, 222, 208, 242, 219, 271, 244, 290, 261, 299, 264, 293, 251, 276, 242, 283, 268, 324, 312, 358, 337, 347, 300, 277, 222, 189, 135, 134, 99, 130, 111, 146, 124, 149, 123, 149, 139, 177, 176, 218, 218, 245, 239, 248, 241, 234, 231, 214, 214, 184, 186, 149, 152, 125, 134, 114, 104, 88, 49, 42, 67, 82, 135, 156, 192, 199, 211, 208, 207, 208, 202, 211, 199, 209, 184, 183, 157, 148, 129, 110, 105, 86, 81, 59, 46, 41, 29, 26, 27, 18, 29, 26, 30, 28, 25, 24, 21, 17, 32, 30, 43, 44, 47, 43, 48, 43, 45, 47, 51, 58, 59, 74, 76, 87, 81, 81, 86, 89, 102, 107]
16:48:05 - INFO     - EchogramProcessor:process                      - 2 Ping(s) mit insgesamt 603 Datenpunkten geparst.
16:48:05 - INFO     - steuerung      :run_single_test              - Test '12bit-Echogram' beendet
16:48:05 - INFO     - visualisierung :create_plots_from_measurements - Erstelle Plots für 1 Messungen (Batch)...
16:48:05 - DEBUG    - visualisierung :_render_and_save_figure      - Plot gespeichert: logs\20260209_164731\echogram_messung3_ping_1.png
16:48:05 - INFO     - steuerung      :run_single_test              - --- Starte Test: Modus '12bit-Echogram' (4) mit Frequenz 'high' ---
16:48:07 - INFO     - sonar          :konfigurieren                - Konfiguration: output_mode='4', frequency='high' (Befehl: IdSetHighFreq)
16:48:07 - INFO     - sonar          :konfigurieren                - Wende spezifische Modus-Einstellungen an:
16:48:07 - INFO     - sonar          :konfigurieren                -   -> IdSamplFreq: 100000
16:48:07 - INFO     - sonar          :konfigurieren                -   -> IdRange: 3000
16:48:07 - INFO     - sonar          :konfigurieren                -   -> IdInterval: 1
16:48:07 - INFO     - sonar          :konfigurieren                -   -> IdDeadzone: 200
16:48:07 - INFO     - sonar          :konfigurieren                -   -> IdTxLengthH: 50
16:48:07 - INFO     - sonar          :konfigurieren                -   -> IdTxPower: -48
16:48:07 - INFO     - sonar          :konfigurieren                -   -> IdGain: 0
16:48:07 - INFO     - sonar          :konfigurieren                -   -> class_name: Sand
16:48:07 - INFO     - sonar          :konfigurieren                -   -> frequency: high
16:48:07 - INFO     - sonar          :daten_lesen                  - Starte Ping für 2.0 Sekunden...
16:48:14 - DEBUG    - sonar          :daten_lesen                  - Daten empfangen mit der Länge 4096
16:48:14 - INFO     - datenverarbeitung:verarbeite_daten             - Verarbeite Daten für Modus '12bit-Echogram' mit Processor 'EchogramProcessor'...
16:48:14 - DEBUG    - EchogramProcessor:_extract_packets             - Pakete extrahiert: 1
16:48:14 - DEBUG    - EchogramProcessor:_parse_header_section        - Header geparst: {'DeviceID': '0 D24 Type RS232', 'TimeWork': '1770652092.72', 'Ping': '409', 'Altitude': '0.3880', 'Temperature': '17.64', 'NSamples': '400', 'Resolution,mm': '7.500', 'Sampling_Frequency,Hz': '100000', 'SoundSpeed,mps': '1500.00', 'Tx_Frequency,Hz': '450000', 'Range,m': '3.0', 'Interval,sec': '1.000', 'Threshold,%': '10', 'Offset,m': '0.000', 'Deadzone,m': '0.200', 'PulseLength,uks': '50', 'TxPower,dB': '-48.000', 'TVG_Gain': '0.000', 'TVG_Slope': '1.000', 'TVG_Mode': '1', 'OutputMode': '4', 'Pitch,deg': '-1.400', 'Roll,deg': '-0.400'}
16:48:14 - DEBUG    - EchogramProcessor:_extract_data                - Datenpunkte geparst: [441, 357, 586, 968, 968, 1194, 2518, 3753, 4063, 4062, 4057, 3722, 3273, 3164, 2809, 2622, 2798, 2810, 2962, 2602, 1794, 1444, 1077, 797, 729, 568, 604, 613, 541, 561, 428, 413, 338, 401, 308, 261, 229, 248, 250, 230, 187, 161, 131, 115, 96, 78, 74, 66, 50, 37, 96, 356, 1077, 2117, 3075, 3828, 4061, 4058, 4049, 4049, 4066, 4065, 4060, 4059, 4070, 4062, 4056, 4018, 3771, 3521, 3147, 2780, 2404, 2069, 1690, 1344, 1035, 742, 503, 363, 294, 251, 211, 169, 169, 184, 175, 168, 186, 204, 192, 174, 177, 187, 172, 151, 143, 132, 108, 79, 59, 50, 51, 56, 50, 47, 70, 108, 142, 165, 180, 203, 270, 388, 508, 620, 678, 700, 658, 592, 516, 463, 432, 405, 367, 306, 273, 285, 331, 341, 288, 203, 177, 198, 195, 170, 145, 115, 96, 107, 99, 84, 92, 85, 85, 95, 69, 50, 51, 53, 51, 42, 30, 22, 20, 22, 23, 20, 16, 14, 12, 14, 17, 21, 29, 35, 34, 56, 91, 114, 103, 79, 84, 89, 66, 59, 81, 82, 66, 75, 86, 70, 50, 35, 44, 57, 55, 78, 119, 123, 129, 141, 125, 103, 94, 69, 52, 39, 42, 36, 38, 48, 57, 70, 80, 90, 106, 118, 114, 97, 79, 59, 45, 47, 65, 73, 72, 60, 48, 37, 31, 26, 20, 16, 21, 57, 86, 91, 74, 74, 81, 68, 58, 60, 65, 72, 84, 80, 76, 82, 82, 77, 71, 72, 91, 104, 88, 78, 86, 92, 94, 92, 85, 71, 50, 35, 27, 27, 2]
16:48:14 - INFO     - EchogramProcessor:process                      - 1 Ping(s) mit insgesamt 259 Datenpunkten geparst.
16:48:14 - INFO     - steuerung      :run_single_test              - Test '12bit-Echogram' beendet
16:48:14 - INFO     - visualisierung :create_plots_from_measurements - Erstelle Plots für 1 Messungen (Batch)...
16:48:15 - DEBUG    - visualisierung :_render_and_save_figure      - Plot gespeichert: logs\20260209_164731\echogram_messung4_ping_1.png
16:48:15 - INFO     - steuerung      :run_test_pair                - Starte KI-Klassifizierung für LF/HF Paar...
16:48:15 - INFO     - steuerung      :run_test_pair                - Klassifizierungsergebnis für Paar: Gravel
16:48:15 - INFO     - datenverarbeitung:append_ping_to_csv           - Daten erfolgreich in 'logs\20260209_164731\training_data.csv' geschrieben.
16:48:15 - INFO     - datenverarbeitung:append_ping_to_csv           - Daten erfolgreich in 'logs\20260209_164731\training_data.csv' geschrieben.
16:48:15 - INFO     - steuerung      :run_test_pair                - --- Führe Test-Paar aus: Index 4 & 5 ---
16:48:15 - INFO     - steuerung      :run_single_test              - --- Starte Test: Modus '12bit-Echogram' (4) mit Frequenz 'low' ---
16:48:16 - INFO     - sonar          :konfigurieren                - Konfiguration: output_mode='4', frequency='low' (Befehl: IdSetLowFreq)
16:48:16 - INFO     - sonar          :konfigurieren                - Wende spezifische Modus-Einstellungen an:
16:48:17 - INFO     - sonar          :konfigurieren                -   -> IdSamplFreq: 100000
16:48:17 - INFO     - sonar          :konfigurieren                -   -> IdRange: 3000
16:48:17 - INFO     - sonar          :konfigurieren                -   -> IdInterval: 1
16:48:17 - INFO     - sonar          :konfigurieren                -   -> IdDeadzone: 200
16:48:17 - INFO     - sonar          :konfigurieren                -   -> IdTxLengthL: 200
16:48:17 - INFO     - sonar          :konfigurieren                -   -> IdTxPower: 0
16:48:17 - INFO     - sonar          :konfigurieren                -   -> IdGain: 0
16:48:17 - INFO     - sonar          :konfigurieren                -   -> class_name: Sand
16:48:17 - INFO     - sonar          :konfigurieren                -   -> frequency: low
16:48:17 - INFO     - sonar          :daten_lesen                  - Starte Ping für 2.0 Sekunden...
16:48:24 - DEBUG    - sonar          :daten_lesen                  - Daten empfangen mit der Länge 4096
16:48:24 - INFO     - datenverarbeitung:verarbeite_daten             - Verarbeite Daten für Modus '12bit-Echogram' mit Processor 'EchogramProcessor'...
16:48:24 - DEBUG    - EchogramProcessor:_extract_packets             - Pakete extrahiert: 2
16:48:24 - DEBUG    - EchogramProcessor:_parse_header_section        - Header geparst: {'DeviceID': '0 D24 Type RS232', 'TimeWork': '1770652101.37', 'Ping': '414', 'Altitude': '0.0000', 'Temperature': '17.64', 'NSamples': '400', 'Resolution,mm': '7.500', 'Sampling_Frequency,Hz': '100000', 'SoundSpeed,mps': '1500.00', 'Tx_Frequency,Hz': '200000', 'Range,m': '3.0', 'Interval,sec': '1.000', 'Threshold,%': '10', 'Offset,m': '0.000', 'Deadzone,m': '0.200', 'PulseLength,uks': '200', 'TxPower,dB': '0.000', 'TVG_Gain': '0.000', 'TVG_Slope': '1.000', 'TVG_Mode': '1', 'OutputMode': '4', 'Pitch,deg': '-1.100', 'Roll,deg': '-0.600'}
16:48:24 - DEBUG    - EchogramProcessor:_extract_data                - Datenpunkte geparst: [137, 200, 225, 253, 261, 251, 243, 240, 218, 208, 188, 170, 155, 130, 116, 96, 88, 76, 72, 76, 66, 102, 201, 314, 561, 845, 1187, 1595, 2170, 2814, 3422, 4008, 4056, 4063, 4061, 4064, 4052, 4050, 4057, 4055, 4069, 4062, 4076, 4056, 4075, 4069, 4074, 4054, 4068, 4061, 4072, 4055, 4061, 4058, 4063, 4071, 4059, 4062, 4051, 4049, 3850, 3757, 3575, 3279, 2890, 2533, 2102, 1761, 1405, 1146, 887, 720, 549, 464, 368, 351, 280, 277, 232, 221, 188, 167, 151, 121, 114, 107, 96, 134, 131, 182, 162, 196, 157, 172, 129, 140, 118, 140, 134, 163, 158, 193, 185, 235, 228, 275, 247, 257, 217, 205, 166, 155, 131, 112, 111, 84, 104, 82, 104, 87, 95, 91, 90, 94, 74, 92, 68, 72, 72, 71, 87, 78, 100, 80, 90, 65, 77, 64, 97, 93, 117, 99, 105, 94, 116, 121, 153, 161, 182, 186, 185, 178, 166, 155, 138, 128, 112, 110, 112, 125, 140, 157, 164, 175, 172, 188, 195, 228, 238, 265, 272, 283, 278, 272, 269, 258, 254, 239, 238, 224, 226, 214, 221, 212, 222, 216, 228, 221, 230, 219, 218, 208, 211, 209, 214, 212, 211, 209, 204, 203, 198, 200, 196, 197, 187, 195, 199, 228, 254, 295, 317, 340, 345, 349, 340, 333, 314, 301, 282, 264, 239, 217, 194, 181, 171, 165, 158, 151, 144, 141, 145, 149, 157, 157, 160, 144, 128, 101, 77, 61, 50, 51, 54, 69, 87, 108, 134, 155, 181, 190, 198, 188, 183, 173, 164, 154, 144, 139, 125, 112, 88, 66, 57, 48, 55, 68, 87, 106, 136, 172, 210, 251, 279, 303, 311, 311, 299, 288, 276, 265, 250, 241, 233, 222, 210, 188, 181, 179, 184, 177, 169, 155, 146, 137, 139, 145, 152, 156, 164, 169, 173, 173, 172, 169, 164, 160, 150, 147, 142, 146, 150, 156, 153, 154, 153, 157, 158, 165, 175, 194, 210, 227, 244, 250, 249, 231, 207, 176, 151, 123, 100, 80, 60, 45, 35, 35, 41, 40, 42, 39, 41, 41, 41, 38, 39, 39, 44, 44, 38, 27, 21, 16, 19, 27, 43, 57, 75, 87, 101, 115, 128, 135, 140, 142, 139, 137, 132, 134, 142, 159, 173, 190, 201, 209, 208, 208, 205, 205, 199, 189, 179, 164, 149, 129, 107, 81, 53, 32, 24, 25, 33, 48, 68, 92, 115, 138, 155, 162, 162, 148]
16:48:24 - DEBUG    - EchogramProcessor:_parse_header_section        - Header geparst: {'DeviceID': '0 D24 Type RS232', 'TimeWork': '1770652102.36', 'Ping': '415', 'Altitude': '0.0000', 'Temperature': '17.55', 'NSamples': '400', 'Resolution,mm': '7.500', 'Sampling_Frequency,Hz': '100000', 'SoundSpeed,mps': '1500.00', 'Tx_Frequency,Hz': '200000', 'Range,m': '3.0', 'Interval,sec': '1.000', 'Threshold,%': '10', 'Offset,m': '0.000', 'Deadzone,m': '0.200', 'PulseLength,uks': '200', 'TxPower,dB': '0.000', 'TVG_Gain': '0.000', 'TVG_Slope': '1.000', 'TVG_Mode': '1', 'OutputMode': '4', 'Pitch,deg': '-1.600', 'Roll,deg': '-0.800'}
16:48:24 - DEBUG    - EchogramProcessor:_extract_data                - Datenpunkte geparst: [137, 201, 227, 257, 262, 252, 243, 240, 219, 208, 189, 170, 155, 131, 115, 96, 88, 76, 72, 76, 66, 99, 198, 310, 558, 847, 1185, 1594, 2169, 2811, 3418, 4006, 4056, 4063, 4065, 4064, 4052, 4048, 4057, 4055, 4069, 4063, 4076, 4056, 4077, 4068, 4073, 4055, 4067, 4062, 4072, 4055, 4057, 4054, 4063, 4068, 4059, 4057, 4046, 4041, 3855, 3745, 3546, 3221, 2822, 2449, 2021, 1692, 1339, 1110, 859, 740, 587, 540, 455, 433, 363, 366, 298, 283, 243, 228, 214, 170, 192, 142, 174, 164, 178, 188, 178, 193, 151, 167, 113, 97, 115, 100, 161, 158, 221, 226, 274, 279, 299, 295, 280, 271, 232, 229, 180, 188, 145, 148, 122, 117, 124, 114, 137, 121, 155, 140, 159, 138, 132, 114, 99, 105, 85, 106, 94, 105, 99, 95, 92, 79, 79, 71, 80, 66, 75, 52, 35, 72, 89, 124, 147, 165, 181, 180, 181, 159, 152, 125, 116, 103, 103, 112, 132, 145, 166, 158, 161, 132, 130, 111, 116, 96, 85, 81, 83, 120, 141, 176, 188, 204, 199, 195, 179, 163, 142, 123, 107, 100, 95, 95, 93, 93, 91, 88, 89]
16:48:24 - INFO     - EchogramProcessor:process                      - 2 Ping(s) mit insgesamt 591 Datenpunkten geparst.
16:48:24 - INFO     - steuerung      :run_single_test              - Test '12bit-Echogram' beendet
16:48:24 - INFO     - visualisierung :create_plots_from_measurements - Erstelle Plots für 1 Messungen (Batch)...
16:48:24 - DEBUG    - visualisierung :_render_and_save_figure      - Plot gespeichert: logs\20260209_164731\echogram_messung5_ping_1.png
16:48:24 - INFO     - steuerung      :run_single_test              - --- Starte Test: Modus '12bit-Echogram' (4) mit Frequenz 'high' ---
16:48:26 - INFO     - sonar          :konfigurieren                - Konfiguration: output_mode='4', frequency='high' (Befehl: IdSetHighFreq)
16:48:26 - INFO     - sonar          :konfigurieren                - Wende spezifische Modus-Einstellungen an:
16:48:26 - INFO     - sonar          :konfigurieren                -   -> IdSamplFreq: 100000
16:48:26 - INFO     - sonar          :konfigurieren                -   -> IdRange: 3000
16:48:26 - INFO     - sonar          :konfigurieren                -   -> IdInterval: 1
16:48:26 - INFO     - sonar          :konfigurieren                -   -> IdDeadzone: 200
16:48:26 - INFO     - sonar          :konfigurieren                -   -> IdTxLengthH: 50
16:48:26 - INFO     - sonar          :konfigurieren                -   -> IdTxPower: -48
16:48:26 - INFO     - sonar          :konfigurieren                -   -> IdGain: 0
16:48:26 - INFO     - sonar          :konfigurieren                -   -> class_name: Sand
16:48:26 - INFO     - sonar          :konfigurieren                -   -> frequency: high
16:48:26 - INFO     - sonar          :daten_lesen                  - Starte Ping für 2.0 Sekunden...
16:48:33 - DEBUG    - sonar          :daten_lesen                  - Daten empfangen mit der Länge 4096
16:48:34 - INFO     - datenverarbeitung:verarbeite_daten             - Verarbeite Daten für Modus '12bit-Echogram' mit Processor 'EchogramProcessor'...
16:48:34 - DEBUG    - EchogramProcessor:_extract_packets             - Pakete extrahiert: 2
16:48:34 - DEBUG    - EchogramProcessor:_parse_header_section        - Header geparst: {'DeviceID': '0 D24 Type RS232', 'TimeWork': '1770652111.34', 'Ping': '420', 'Altitude': '0.3943', 'Temperature': '17.58', 'NSamples': '400', 'Resolution,mm': '7.500', 'Sampling_Frequency,Hz': '100000', 'SoundSpeed,mps': '1500.00', 'Tx_Frequency,Hz': '450000', 'Range,m': '3.0', 'Interval,sec': '1.000', 'Threshold,%': '10', 'Offset,m': '0.000', 'Deadzone,m': '0.200', 'PulseLength,uks': '50', 'TxPower,dB': '-48.000', 'TVG_Gain': '0.000', 'TVG_Slope': '1.000', 'TVG_Mode': '1', 'OutputMode': '4', 'Pitch,deg': '-1.100', 'Roll,deg': '-0.200'}
16:48:34 - DEBUG    - EchogramProcessor:_extract_data                - Datenpunkte geparst: [441, 354, 581, 1004, 1032, 1001, 2086, 3271, 3704, 3092, 2405, 1881, 1782, 2069, 2006, 2131, 2550, 2544, 2621, 2334, 1573, 1288, 927, 785, 785, 619, 688, 677, 597, 618, 468, 392, 344, 396, 298, 287, 243, 222, 245, 286, 248, 175, 113, 90, 65, 52, 45, 36, 28, 29, 36, 107, 457, 1010, 1809, 2643, 3183, 2906, 3111, 4038, 4060, 4050, 4047, 4063, 4071, 4073, 4060, 3718, 3297, 2979, 2715, 2413, 2093, 1693, 1302, 933, 654, 495, 390, 283, 226, 181, 122, 83, 75, 86, 70, 71, 101, 93, 108, 129, 115, 94, 112, 139, 116, 76, 50, 34, 34, 41, 39, 29, 20, 17, 18, 23, 41, 59, 71, 97, 136, 180, 207, 233, 245, 253, 268, 328, 363, 352, 392, 455, 484, 413, 309, 234, 185, 199, 251, 254, 200, 136, 139, 151, 150, 111, 87, 109, 146, 173, 179, 172, 156, 131, 114, 105, 110, 120, 121, 112, 106, 101, 93, 81, 68, 55, 46, 45, 46, 37, 25, 20, 17, 14, 13, 20, 30, 37, 34, 57, 83, 110, 134, 166, 210, 242, 266, 267, 250, 230, 211, 180, 130, 113, 153, 209, 239, 219, 166, 136, 146, 163, 163, 140, 113, 100, 104, 112, 118, 128, 139, 147, 151, 152, 168, 204, 238, 277, 293, 297, 284, 263, 230, 196, 159, 131, 104, 103, 111, 112, 112, 110, 98, 74, 57, 73, 81, 74, 64, 58, 56, 61, 71, 60, 48, 56, 58, 48, 42, 53, 57, 39, 41, 51, 49, 35, 43, 46, 35, 39, 37, 32, 23, 16, 19, 26, 26, 23, 20, 16, 15, 13, 9, 7, 6, 1, 4, 13, 25, 32, 33, 27, 24, 28, 32, 30, 60, 91, 95, 66, 69, 81, 74, 55, 75, 88, 61, 70, 89, 77, 66, 81, 85, 71, 67, 67, 69, 70, 73, 78, 69, 68, 78, 84, 79, 73, 59, 44, 28, 15, 13, 14, 15, 15, 17, 17, 19, 21, 23, 21, 15, 8, 3, 2, 4, 5, 35, 82, 132, 167, 186, 186, 184, 187, 198, 203, 203, 212, 214, 202, 203, 212, 217, 218, 217, 213, 216, 224, 239, 241, 225, 220, 221, 225, 229, 232, 248, 264, 264, 257, 241, 231, 229, 224, 223, 209, 178, 138, 103, 79, 58, 43, 31, 22, 11, 6, 3, 0, 0, 0, 0, 0, 0, 5, 8, 8, 7, 37, 92, 147, 184, 209, 212, 208, 203, 189, 171, 158]
16:48:34 - DEBUG    - EchogramProcessor:_parse_header_section        - Header geparst: {'DeviceID': '0 D24 Type RS232', 'TimeWork': '1770652112.34', 'Ping': '421', 'Altitude': '0.4001', 'Temperature': '17.60', 'NSamples': '400', 'Resolution,mm': '7.500', 'Sampling_Frequency,Hz': '100000', 'SoundSpeed,mps': '1500.00', 'Tx_Frequency,Hz': '450000', 'Range,m': '3.0', 'Interval,sec': '1.000', 'Threshold,%': '10', 'Offset,m': '0.000', 'Deadzone,m': '0.200', 'PulseLength,uks': '50', 'TxPower,dB': '-48.000', 'TVG_Gain': '0.000', 'TVG_Slope': '1.000', 'TVG_Mode': '1', 'OutputMode': '4', 'Pitch,deg': '-1.000', 'Roll,deg': '-0.400'}
16:48:34 - DEBUG    - EchogramProcessor:_extract_data                - Datenpunkte geparst: [400, 328, 566, 950, 944, 1185, 2525, 3772, 4068, 4068, 4052, 3830, 3440, 3330, 2955, 2738, 2890, 2894, 3037, 2661, 1836, 1477, 1105, 808, 754, 598, 624, 630, 546, 565, 428, 399, 316, 367, 270, 283, 261, 252, 252, 245, 200, 152, 101, 85, 77, 66, 83, 122, 149, 150, 176, 192, 242, 549, 1175, 1883, 2413, 2225, 2136, 3037, 4008, 4052, 4046, 4060, 4073, 4066, 4052, 3732, 3210, 2779, 2506, 2211, 1943, 1605, 1266, 968, 785, 679, 607, 534, 437, 324, 226, 188, 181, 159, 129, 110, 85, 70, 67, 71, 69, 62, 66, 75, 73, 64, 55, 56, 66, 75, 75, 61, 46, 30, 26, 41, 56, 85, 170, 265, 289, 239, 196, 203, 281, 392, 435, 405, 386, 445, 493, 484, 435, 403, 350, 260, 210, 233, 237, 213, 226, 234, 194, 140, 103, 84, 76, 83, 94, 104, 106, 99, 85, 77, 68, 60, 56, 57, 56, 53, 46, 36, 38, 52, 65, 61, 82, 86, 80, 61, 55, 48, 44, 45, 34, 33, 30, 36, 30, 27, 29, 32, 40, 30, 37, 58, 64, 54, 78, 105, 103, 93, 107, 114, 90, 88, 90, 78, 65, 55, 51, 52, 54, 58, 60, 59, 54, 46, 45, 58, 83, 109, 122, 141, 164, 189, 217, 232, 240, 252, 283, 274, 201, 143, 144, 137, 102, 81, 94, 103, 96, 89, 91, 95, 103]
16:48:34 - INFO     - EchogramProcessor:process                      - 2 Ping(s) mit insgesamt 627 Datenpunkten geparst.
16:48:34 - INFO     - steuerung      :run_single_test              - Test '12bit-Echogram' beendet
16:48:34 - INFO     - visualisierung :create_plots_from_measurements - Erstelle Plots für 1 Messungen (Batch)...
16:48:34 - DEBUG    - visualisierung :_render_and_save_figure      - Plot gespeichert: logs\20260209_164731\echogram_messung6_ping_1.png
16:48:34 - INFO     - steuerung      :run_test_pair                - Starte KI-Klassifizierung für LF/HF Paar...
16:48:34 - INFO     - steuerung      :run_test_pair                - Klassifizierungsergebnis für Paar: Sand
16:48:34 - INFO     - datenverarbeitung:append_ping_to_csv           - Daten erfolgreich in 'logs\20260209_164731\training_data.csv' geschrieben.
16:48:34 - INFO     - datenverarbeitung:append_ping_to_csv           - Daten erfolgreich in 'logs\20260209_164731\training_data.csv' geschrieben.
16:48:34 - INFO     - steuerung      :run_test_pair                - --- Führe Test-Paar aus: Index 6 & 7 ---
16:48:34 - INFO     - steuerung      :run_single_test              - --- Starte Test: Modus '12bit-Echogram' (4) mit Frequenz 'low' ---
16:48:36 - INFO     - sonar          :konfigurieren                - Konfiguration: output_mode='4', frequency='low' (Befehl: IdSetLowFreq)
16:48:36 - INFO     - sonar          :konfigurieren                - Wende spezifische Modus-Einstellungen an:
16:48:36 - INFO     - sonar          :konfigurieren                -   -> IdSamplFreq: 100000
16:48:36 - INFO     - sonar          :konfigurieren                -   -> IdRange: 3000
16:48:36 - INFO     - sonar          :konfigurieren                -   -> IdInterval: 1
16:48:36 - INFO     - sonar          :konfigurieren                -   -> IdDeadzone: 200
16:48:36 - INFO     - sonar          :konfigurieren                -   -> IdTxLengthL: 200
16:48:36 - INFO     - sonar          :konfigurieren                -   -> IdTxPower: 0
16:48:36 - INFO     - sonar          :konfigurieren                -   -> IdGain: 0
16:48:36 - INFO     - sonar          :konfigurieren                -   -> class_name: Sand
16:48:36 - INFO     - sonar          :konfigurieren                -   -> frequency: low
16:48:36 - INFO     - sonar          :daten_lesen                  - Starte Ping für 2.0 Sekunden...
16:48:43 - DEBUG    - sonar          :daten_lesen                  - Daten empfangen mit der Länge 4096
16:48:43 - INFO     - datenverarbeitung:verarbeite_daten             - Verarbeite Daten für Modus '12bit-Echogram' mit Processor 'EchogramProcessor'...
16:48:43 - DEBUG    - EchogramProcessor:_extract_packets             - Pakete extrahiert: 2
16:48:43 - DEBUG    - EchogramProcessor:_parse_header_section        - Header geparst: {'DeviceID': '0 D24 Type RS232', 'TimeWork': '1770652121.10', 'Ping': '426', 'Altitude': '0.6316', 'Temperature': '17.60', 'NSamples': '400', 'Resolution,mm': '7.500', 'Sampling_Frequency,Hz': '100000', 'SoundSpeed,mps': '1500.00', 'Tx_Frequency,Hz': '200000', 'Range,m': '3.0', 'Interval,sec': '1.000', 'Threshold,%': '10', 'Offset,m': '0.000', 'Deadzone,m': '0.200', 'PulseLength,uks': '200', 'TxPower,dB': '0.000', 'TVG_Gain': '0.000', 'TVG_Slope': '1.000', 'TVG_Mode': '1', 'OutputMode': '4', 'Pitch,deg': '-1.200', 'Roll,deg': '0.000'}
16:48:43 - DEBUG    - EchogramProcessor:_extract_data                - Datenpunkte geparst: [135, 198, 224, 253, 260, 250, 243, 240, 218, 208, 188, 169, 155, 130, 115, 96, 88, 76, 72, 77, 66, 97, 187, 299, 545, 836, 1184, 1601, 2176, 2817, 3427, 4008, 4056, 4058, 4055, 4059, 4060, 4058, 4061, 4055, 4067, 4057, 4072, 4061, 4078, 4063, 4077, 4063, 4071, 4057, 4067, 4061, 4064, 4059, 4061, 4058, 4058, 4056, 4033, 4002, 3783, 3685, 3417, 3116, 2730, 2396, 1999, 1697, 1361, 1122, 878, 718, 551, 473, 341, 281, 233, 264, 245, 280, 258, 241, 303, 354, 522, 637, 822, 947, 1094, 1167, 1240, 1253, 1251, 1212, 1160, 1092, 1009, 925, 821, 733, 617, 529, 432, 372, 333, 308, 289, 273, 245, 225, 197, 175, 166, 161, 149, 171, 153, 187, 183, 204, 224, 246, 293, 312, 368, 372, 409, 389, 393, 353, 330, 282, 244, 197, 158, 123, 101, 69, 92, 109, 165, 203, 238, 273, 298, 336, 356, 394, 396, 421, 409, 424, 417, 435, 426, 426, 404, 394, 372, 359, 334, 304, 272, 237, 214, 207, 209, 209, 214, 201, 195, 166, 152, 133, 134, 124, 144, 150, 178, 188, 212, 221, 236, 240, 243, 239, 236, 229, 217, 209, 190, 182, 164, 157, 144, 149, 149, 163, 159, 163, 158, 155, 146, 142, 142, 149, 158, 165, 175, 184, 198, 210, 225, 232, 243, 240, 238, 228, 227, 220, 230, 233, 247, 245, 247, 230, 219, 183, 150, 108, 70, 47, 44, 59, 78, 106, 134, 163, 189, 215, 233, 241, 246, 239, 237, 219, 202, 172, 146, 116, 88, 67, 44, 42, 51, 65, 82, 86, 99, 103, 110, 106, 104, 103, 111, 139, 162, 194, 218, 243, 262, 276, 286, 291, 290, 279, 266, 250, 243, 240, 232, 226, 227, 222, 221, 205, 182, 156, 147, 144, 147, 143, 139, 135, 129, 120, 110, 102, 90, 80, 66, 51, 46, 38, 34, 38, 54, 80, 102, 131, 147, 166, 180, 195, 196, 193, 181, 168, 148, 123, 100, 89, 82, 84, 86, 89, 89, 90, 91, 94, 100, 112, 122, 136, 142, 149, 153, 159, 161, 166, 173, 177, 184, 187, 195, 198, 198, 184, 172, 156, 140, 119, 102, 86, 71, 62, 62, 73, 82, 78, 70, 59, 55, 54, 59, 69, 74, 83, 89, 100, 109, 122, 132, 143, 151, 158, 157, 152, 144, 131, 109, 87, 66, 46, 31, 25, 23, 27, 30, 38, 42, 49, 53, 59, 67, 75, 85, 105, 133, 151]
16:48:43 - DEBUG    - EchogramProcessor:_parse_header_section        - Header geparst: {'DeviceID': '0 D24 Type RS232', 'TimeWork': '1770652122.10', 'Ping': '427', 'Altitude': '0.6472', 'Temperature': '17.60', 'NSamples': '400', 'Resolution,mm': '7.500', 'Sampling_Frequency,Hz': '100000', 'SoundSpeed,mps': '1500.00', 'Tx_Frequency,Hz': '200000', 'Range,m': '3.0', 'Interval,sec': '1.000', 'Threshold,%': '10', 'Offset,m': '0.000', 'Deadzone,m': '0.200', 'PulseLength,uks': '200', 'TxPower,dB': '0.000', 'TVG_Gain': '0.000', 'TVG_Slope': '1.000', 'TVG_Mode': '1', 'OutputMode': '4', 'Pitch,deg': '-1.100', 'Roll,deg': '-0.600'}
16:48:43 - DEBUG    - EchogramProcessor:_extract_data                - Datenpunkte geparst: [139, 202, 227, 256, 262, 248, 245, 241, 220, 209, 189, 170, 155, 130, 115, 96, 88, 77, 72, 76, 66, 98, 187, 300, 548, 840, 1188, 1602, 2178, 2829, 3437, 4008, 4052, 4059, 4058, 4056, 4055, 4055, 4061, 4062, 4073, 4058, 4070, 4052, 4071, 4060, 4078, 4061, 4071, 4063, 4073, 4055, 4058, 4057, 4063, 4059, 4059, 4063, 4057, 4054, 3892, 3782, 3610, 3347, 2955, 2599, 2170, 1828, 1443, 1169, 875, 681, 467, 353, 254, 195, 157, 148, 120, 150, 121, 103, 157, 186, 307, 385, 524, 624, 738, 806, 863, 883, 877, 855, 803, 750, 668, 593, 496, 417, 348, 293, 293, 293, 334, 350, 381, 385, 391, 381, 366, 352, 332, 324, 295, 295, 251, 247, 183, 142, 147, 139, 197, 217, 262, 283, 305, 317, 314, 314, 292, 284, 237, 219, 158, 134, 93, 68, 102, 120, 164, 198, 225, 271, 295, 351, 368, 405, 403, 419, 409, 412, 409, 412, 412, 403, 401, 377, 373, 34]
16:48:43 - INFO     - EchogramProcessor:process                      - 2 Ping(s) mit insgesamt 560 Datenpunkten geparst.
16:48:43 - INFO     - steuerung      :run_single_test              - Test '12bit-Echogram' beendet
16:48:43 - INFO     - visualisierung :create_plots_from_measurements - Erstelle Plots für 1 Messungen (Batch)...
16:48:43 - DEBUG    - visualisierung :_render_and_save_figure      - Plot gespeichert: logs\20260209_164731\echogram_messung7_ping_1.png
16:48:43 - INFO     - steuerung      :run_single_test              - --- Starte Test: Modus '12bit-Echogram' (4) mit Frequenz 'high' ---
16:48:45 - INFO     - sonar          :konfigurieren                - Konfiguration: output_mode='4', frequency='high' (Befehl: IdSetHighFreq)
16:48:45 - INFO     - sonar          :konfigurieren                - Wende spezifische Modus-Einstellungen an:
16:48:45 - INFO     - sonar          :konfigurieren                -   -> IdSamplFreq: 100000
16:48:45 - INFO     - sonar          :konfigurieren                -   -> IdRange: 3000
16:48:45 - INFO     - sonar          :konfigurieren                -   -> IdInterval: 1
16:48:45 - INFO     - sonar          :konfigurieren                -   -> IdDeadzone: 200
16:48:45 - INFO     - sonar          :konfigurieren                -   -> IdTxLengthH: 50
16:48:45 - INFO     - sonar          :konfigurieren                -   -> IdTxPower: -48
16:48:45 - INFO     - sonar          :konfigurieren                -   -> IdGain: 0
16:48:45 - INFO     - sonar          :konfigurieren                -   -> class_name: Sand
16:48:45 - INFO     - sonar          :konfigurieren                -   -> frequency: high
16:48:45 - INFO     - sonar          :daten_lesen                  - Starte Ping für 2.0 Sekunden...
16:48:52 - DEBUG    - sonar          :daten_lesen                  - Daten empfangen mit der Länge 4096
16:48:53 - INFO     - datenverarbeitung:verarbeite_daten             - Verarbeite Daten für Modus '12bit-Echogram' mit Processor 'EchogramProcessor'...
16:48:53 - DEBUG    - EchogramProcessor:_extract_packets             - Pakete extrahiert: 2
16:48:53 - DEBUG    - EchogramProcessor:_parse_header_section        - Header geparst: {'DeviceID': '0 D24 Type RS232', 'TimeWork': '1770652129.88', 'Ping': '431', 'Altitude': '0.2472', 'Temperature': '17.66', 'NSamples': '400', 'Resolution,mm': '7.500', 'Sampling_Frequency,Hz': '100000', 'SoundSpeed,mps': '1500.00', 'Tx_Frequency,Hz': '450000', 'Range,m': '3.0', 'Interval,sec': '1.000', 'Threshold,%': '10', 'Offset,m': '0.000', 'Deadzone,m': '0.200', 'PulseLength,uks': '50', 'TxPower,dB': '-48.000', 'TVG_Gain': '0.000', 'TVG_Slope': '1.000', 'TVG_Mode': '1', 'OutputMode': '4', 'Pitch,deg': '-1.200', 'Roll,deg': '0.100'}
16:48:53 - DEBUG    - EchogramProcessor:_extract_data                - Datenpunkte geparst: [493, 390, 604, 1024, 1057, 1014, 2090, 3259, 3663, 3019, 2301, 1777, 1725, 2059, 2135, 2350, 2752, 2641, 2632, 2314, 1564, 1301, 937, 812, 812, 650, 738, 721, 616, 609, 463, 400, 373, 434, 325, 257, 221, 222, 233, 231, 197, 173, 144, 116, 87, 59, 51, 60, 44, 38, 92, 324, 685, 1014, 1177, 1083, 1140, 1653, 2226, 2598, 2739, 2543, 2053, 1706, 1644, 1831, 1913, 1817, 1615, 1350, 1065, 797, 582, 391, 249, 172, 123, 103, 111, 112, 106, 79, 51, 46, 43, 28, 20, 24, 35, 65, 114, 120, 93, 77, 92, 87, 70, 59, 51, 65, 76, 87, 91, 69, 69, 95, 109, 100, 70, 83, 106, 125, 147, 142, 123, 154, 183, 185, 154, 123, 162, 244, 333, 376, 374, 316, 229, 151, 114, 111, 129, 148, 154, 164, 164, 161, 152, 144, 128, 134, 182, 235, 269, 296, 304, 279, 229, 174, 155, 168, 159, 160, 170, 198, 226, 229, 214, 195, 174, 163, 156, 150, 147, 146, 166, 196, 214, 216, 200, 178, 151, 130, 134, 153, 165, 165, 150, 124, 89, 58, 53, 47, 41, 43, 59, 94, 129, 158, 178, 195, 210, 226, 241, 238, 222, 171, 125, 133, 155, 169, 156, 125, 126, 155, 203, 272, 326, 345, 369, 428, 521, 569, 557, 501, 448, 390, 283, 204, 184, 161, 119, 110, 109, 88, 68, 60, 54, 40, 24, 21, 21, 18, 12, 8, 11, 16, 22, 19, 12, 7, 7, 8, 13, 17, 19, 22, 41, 69, 58, 47, 44, 41, 32, 39, 44, 31, 38, 38, 34, 32, 38, 38, 34, 41, 43, 34, 37, 45, 40, 38, 65, 66, 64, 91, 96, 69, 70, 76, 77, 66, 43, 24, 14, 8, 4, 8, 16, 20, 20, 17, 11, 7, 7, 5, 3, 0, 0, 0, 0, 0, 14, 47, 87, 119, 139, 135, 120, 102, 104, 111, 124, 139, 149, 144, 137, 134, 131, 131, 137, 141, 149, 154, 155, 160, 160, 160, 161, 154, 155, 147, 123, 96, 75, 59, 49, 41, 30, 21, 20, 11, 8, 8, 11, 15, 17, 19, 21, 18, 17, 16, 55, 109, 165, 211, 236, 261, 282, 298, 311, 308, 290, 283, 281, 285, 292, 299, 306, 298, 274, 250, 236, 224, 219, 220, 214, 207, 202, 197, 192, 180, 168, 146, 112, 80, 54, 41, 31, 19, 9, 6, 5, 8, 12, 13, 12, 15, 10, 10, 10, 18]
16:48:53 - DEBUG    - EchogramProcessor:_parse_header_section        - Header geparst: {'DeviceID': '0 D24 Type RS232', 'TimeWork': '1770652130.88', 'Ping': '432', 'Altitude': '0.3901', 'Temperature': '17.64', 'NSamples': '400', 'Resolution,mm': '7.500', 'Sampling_Frequency,Hz': '100000', 'SoundSpeed,mps': '1500.00', 'Tx_Frequency,Hz': '450000', 'Range,m': '3.0', 'Interval,sec': '1.000', 'Threshold,%': '10', 'Offset,m': '0.000', 'Deadzone,m': '0.200', 'PulseLength,uks': '50', 'TxPower,dB': '-48.000', 'TVG_Gain': '0.000', 'TVG_Slope': '1.000', 'TVG_Mode': '1', 'OutputMode': '4', 'Pitch,deg': '-1.200', 'Roll,deg': '-0.500'}
16:48:53 - DEBUG    - EchogramProcessor:_extract_data                - Datenpunkte geparst: [441, 357, 586, 965, 964, 1190, 2510, 3749, 4062, 4062, 4056, 3762, 3335, 3212, 2817, 2599, 2769, 2789, 2950, 2608, 1820, 1476, 1115, 815, 738, 580, 602, 600, 530, 568, 430, 380, 301, 360, 281, 295, 277, 248, 219, 205, 169, 142, 107, 85, 70, 49, 47, 49, 48, 42, 78, 282, 661, 982, 1160, 1157, 1118, 1426, 1997, 2575, 3124, 3402, 3394, 3258, 3231, 3288, 3200, 2842, 2440, 1967, 1531, 1189, 980, 776, 559, 380, 287, 273, 258, 215, 151, 123, 92, 96, 136, 171, 176, 159, 137, 113, 89, 65, 44, 32, 22, 17, 13, 9, 11, 19, 26, 33, 33, 28, 24, 27, 37, 51, 80, 106, 103, 103, 85, 106, 180, 233, 236, 267, 325, 365, 358, 312, 274, 279, 278, 245, 213, 216, 181, 155, 184, 208, 186, 187, 212, 208, 169, 152, 132, 93, 88, 101, 114, 115, 99, 70, 46, 34, 31, 29, 26, 31, 37, 31, 20, 26, 38, 44, 36, 22, 32, 47, 69, 107, 108, 79, 86, 84, 60, 52, 55, 45, 45, 51, 41, 37, 54, 73, 56, 49, 60, 60, 70, 77, 69, 66, 92, 123, 139, 114, 100, 96, 98, 111, 124, 120, 102, 76, 55, 45, 39, 26, 24, 55, 105, 176, 251, 316, 384, 439, 500, 563, 600, 604, 572, 549, 491, 381, 254, 229, 242, 242, 214]
16:48:53 - INFO     - EchogramProcessor:process                      - 2 Ping(s) mit insgesamt 623 Datenpunkten geparst.
16:48:53 - INFO     - steuerung      :run_single_test              - Test '12bit-Echogram' beendet
16:48:53 - INFO     - visualisierung :create_plots_from_measurements - Erstelle Plots für 1 Messungen (Batch)...
16:48:53 - DEBUG    - visualisierung :_render_and_save_figure      - Plot gespeichert: logs\20260209_164731\echogram_messung8_ping_1.png
16:48:53 - INFO     - steuerung      :run_test_pair                - Starte KI-Klassifizierung für LF/HF Paar...
16:48:53 - INFO     - steuerung      :run_test_pair                - Klassifizierungsergebnis für Paar: Sand
16:48:53 - INFO     - datenverarbeitung:append_ping_to_csv           - Daten erfolgreich in 'logs\20260209_164731\training_data.csv' geschrieben.
16:48:53 - INFO     - datenverarbeitung:append_ping_to_csv           - Daten erfolgreich in 'logs\20260209_164731\training_data.csv' geschrieben.
16:48:53 - INFO     - sonar          :trennen                      - Stoppe Echolot und trenne Verbindung.
16:48:53 - INFO     - steuerung      :run_tests                    - Sonarverbindung getrennt.
16:48:53 - INFO     - steuerung      :run_tests                    - Alle geplanten Tests abgeschlossen. Sonar-Anwendung beendet.
