16:49:33 - INFO     - root           :setup_logging                - Logging konfiguriert. Log-Datei unter: logs\20260209_164933\sonar_loggs_09022026_164933.log
16:49:36 - INFO     - SonarClassifier:load_model                   - Modell, Scaler und PCA erfolgreich geladen.
16:49:36 - DEBUG    - steuerung      :__init__                     - Steuerung und alle Komponenten initialisiert.
16:49:36 - INFO     - steuerung      :run_tests                    - --- Sonar-Anwendung wird gestartet, 8 Test(s) geplant. ---
16:49:36 - INFO     - sonar          :verbinden                    - Versuche, Sonar auf Port COM5 zu verbinden...
16:49:37 - INFO     - sonar          :verbinden                    - Echolot erfolgreich auf COM5 mit 115200 Baud erkannt.
16:49:37 - INFO     - steuerung      :run_tests                    - Sonar erfolgreich verbunden.
16:49:37 - INFO     - steuerung      :run_test_pair                - --- Führe Test-Paar aus: Index 0 & 1 ---
16:49:37 - INFO     - steuerung      :run_single_test              - --- Starte Test: Modus '12bit-Echogram' (4) mit Frequenz 'low' ---
16:49:39 - INFO     - sonar          :konfigurieren                - Konfiguration: output_mode='4', frequency='low' (Befehl: IdSetLowFreq)
16:49:39 - INFO     - sonar          :konfigurieren                - Wende spezifische Modus-Einstellungen an:
16:49:39 - INFO     - sonar          :konfigurieren                -   -> IdSamplFreq: 100000
16:49:39 - INFO     - sonar          :konfigurieren                -   -> IdRange: 3000
16:49:39 - INFO     - sonar          :konfigurieren                -   -> IdInterval: 1
16:49:39 - INFO     - sonar          :konfigurieren                -   -> IdDeadzone: 200
16:49:39 - INFO     - sonar          :konfigurieren                -   -> IdTxLengthL: 200
16:49:39 - INFO     - sonar          :konfigurieren                -   -> IdTxPower: 0
16:49:39 - INFO     - sonar          :konfigurieren                -   -> IdGain: 0
16:49:39 - INFO     - sonar          :konfigurieren                -   -> class_name: Gravel
16:49:39 - INFO     - sonar          :konfigurieren                -   -> frequency: low
16:49:39 - INFO     - sonar          :daten_lesen                  - Starte Ping für 2.0 Sekunden...
16:49:46 - DEBUG    - sonar          :daten_lesen                  - Daten empfangen mit der Länge 4096
16:49:46 - INFO     - datenverarbeitung:verarbeite_daten             - Verarbeite Daten für Modus '12bit-Echogram' mit Processor 'EchogramProcessor'...
16:49:46 - DEBUG    - EchogramProcessor:_extract_packets             - Pakete extrahiert: 2
16:49:46 - DEBUG    - EchogramProcessor:_parse_header_section        - Header geparst: {'DeviceID': '0 D24 Type RS232', 'TimeWork': '1770652184.30', 'Ping': '437', 'Altitude': '0.7494', 'Temperature': '17.53', 'NSamples': '400', 'Resolution,mm': '7.500', 'Sampling_Frequency,Hz': '100000', 'SoundSpeed,mps': '1500.00', 'Tx_Frequency,Hz': '200000', 'Range,m': '3.0', 'Interval,sec': '1.000', 'Threshold,%': '10', 'Offset,m': '0.000', 'Deadzone,m': '0.200', 'PulseLength,uks': '200', 'TxPower,dB': '0.000', 'TVG_Gain': '0.000', 'TVG_Slope': '1.000', 'TVG_Mode': '1', 'OutputMode': '4', 'Pitch,deg': '-0.800', 'Roll,deg': '-0.400'}
16:49:46 - DEBUG    - EchogramProcessor:_extract_data                - Datenpunkte geparst: [136, 200, 224, 255, 261, 250, 241, 238, 216, 206, 188, 170, 154, 129, 116, 96, 88, 77, 72, 77, 69, 113, 220, 337, 580, 861, 1183, 1577, 2063, 2565, 3001, 3542, 3993, 4060, 4058, 4052, 4053, 4053, 4058, 4056, 4066, 4061, 4079, 4065, 4077, 4063, 4077, 4066, 4074, 4065, 4069, 4061, 4067, 4062, 4063, 4060, 4057, 4046, 3867, 3643, 3321, 2980, 2603, 2289, 1962, 1720, 1456, 1283, 1083, 974, 860, 807, 729, 728, 662, 686, 659, 697, 676, 712, 670, 676, 626, 642, 616, 650, 648, 680, 667, 680, 657, 647, 613, 587, 546, 508, 463, 431, 401, 388, 372, 362, 354, 336, 331, 302, 297, 259, 251, 207, 203, 152, 147, 104, 105, 72, 71, 56, 42, 64, 51, 73, 75, 83, 100, 103, 146, 151, 178, 181, 195, 207, 213, 236, 239, 269, 257, 256, 222, 201, 172, 150, 153, 152, 187, 204, 234, 247, 267, 282, 291, 308, 305, 317, 292, 281, 249, 232, 204, 185, 162, 145, 121, 103, 86, 75, 64, 55, 47, 49, 48, 66, 73, 87, 96, 111, 129, 148, 170, 187, 219, 238, 269, 272, 273, 253, 234, 213, 188, 166, 141, 125, 107, 103, 83, 69, 64, 69, 91, 101, 117, 118, 119, 110, 99, 80, 64, 50, 48, 48, 53, 53, 53, 49, 43, 39, 35, 32, 32, 30, 35, 38, 46, 50, 53, 55, 60, 69, 78, 88, 95, 106, 110, 117, 111, 108, 100, 98, 93, 91, 90, 90, 96, 94, 92, 78, 71, 59, 55, 49, 50, 48, 55, 57, 64, 70, 74, 78, 69, 56, 40, 36, 45, 59, 79, 101, 124, 148, 155, 161, 159, 159, 156, 156, 159, 162, 170, 181, 203, 216, 229, 227, 222, 204, 180, 149, 129, 122, 143, 172, 208, 230, 251, 259, 261, 251, 241, 228, 217, 205, 195, 184, 169, 155, 136, 123, 117, 123, 133, 150, 164, 185, 207, 230, 243, 248, 238, 221, 193, 157, 121, 111, 121, 153, 182, 215, 238, 261, 280, 302, 322, 341, 354, 367, 377, 389, 400, 393, 377, 345, 308, 264, 221, 179, 152, 143, 155, 172, 197, 213, 226, 232, 243, 251, 269, 285, 303, 322, 341, 357, 373, 379, 376, 363, 343, 323, 306, 300, 298, 305, 311, 323, 327, 337, 342, 345, 344, 348, 348, 351, 351, 349, 340, 326, 303, 279, 252, 224, 187, 155, 130, 122, 130, 152, 175, 200, 220, 230, 229, 214]
16:49:46 - DEBUG    - EchogramProcessor:_parse_header_section        - Header geparst: {'DeviceID': '0 D24 Type RS232', 'TimeWork': '1770652185.30', 'Ping': '438', 'Altitude': '0.0000', 'Temperature': '17.53', 'NSamples': '400', 'Resolution,mm': '7.500', 'Sampling_Frequency,Hz': '100000', 'SoundSpeed,mps': '1500.00', 'Tx_Frequency,Hz': '200000', 'Range,m': '3.0', 'Interval,sec': '1.000', 'Threshold,%': '10', 'Offset,m': '0.000', 'Deadzone,m': '0.200', 'PulseLength,uks': '200', 'TxPower,dB': '0.000', 'TVG_Gain': '0.000', 'TVG_Slope': '1.000', 'TVG_Mode': '1', 'OutputMode': '4', 'Pitch,deg': '-0.800', 'Roll,deg': '-0.400'}
16:49:46 - DEBUG    - EchogramProcessor:_extract_data                - Datenpunkte geparst: [135, 199, 224, 252, 260, 248, 240, 237, 215, 205, 186, 168, 153, 130, 115, 96, 88, 77, 72, 75, 68, 113, 222, 340, 584, 866, 1188, 1583, 2076, 2586, 3032, 3579, 4007, 4061, 4058, 4053, 4053, 4053, 4058, 4056, 4066, 4063, 4073, 4060, 4074, 4054, 4072, 4061, 4074, 4068, 4072, 4054, 4060, 4061, 4066, 4054, 4051, 4051, 3960, 3745, 3475, 3153, 2807, 2505, 2178, 1935, 1665, 1478, 1262, 1127, 981, 909, 793, 777, 689, 687, 645, 665, 628, 650, 605, 610, 572, 596, 589, 626, 640, 678, 676, 687, 672, 656, 629, 595, 556, 508, 464, 423, 393, 369, 356, 341, 338, 321, 323, 298, 299, 264, 264, 220, 218, 171, 168, 126, 128, 97, 96, 80, 67, 79, 60, 82, 73, 74, 91, 90, 130, 131, 153, 164, 176, 198, 206, 243, 250, 282, 270, 272, 245, 227, 201, 177, 179, 178, 210, 216, 238, 247, 261, 273, 277, 297, 293, 303, 276, 263, 232, 218, 194, 179, 161, 145, 128, 104, 88, 72, 60, 45, 34, 37, 38, 59, 72, 89, 101, 116, 135, 152, 176, 197, 230, 250, 277, 277, 275, 257, 236, 212, 187, 166, 1]
16:49:46 - INFO     - EchogramProcessor:process                      - 2 Ping(s) mit insgesamt 591 Datenpunkten geparst.
16:49:46 - INFO     - steuerung      :run_single_test              - Test '12bit-Echogram' beendet
16:49:46 - INFO     - visualisierung :create_plots_from_measurements - Erstelle Plots für 1 Messungen (Batch)...
16:49:47 - DEBUG    - visualisierung :_render_and_save_figure      - Plot gespeichert: logs\20260209_164933\echogram_messung1_ping_1.png
16:49:47 - INFO     - steuerung      :run_single_test              - --- Starte Test: Modus '12bit-Echogram' (4) mit Frequenz 'high' ---
16:49:49 - INFO     - sonar          :konfigurieren                - Konfiguration: output_mode='4', frequency='high' (Befehl: IdSetHighFreq)
16:49:49 - INFO     - sonar          :konfigurieren                - Wende spezifische Modus-Einstellungen an:
16:49:49 - INFO     - sonar          :konfigurieren                -   -> IdSamplFreq: 100000
16:49:49 - INFO     - sonar          :konfigurieren                -   -> IdRange: 3000
16:49:49 - INFO     - sonar          :konfigurieren                -   -> IdInterval: 1
16:49:49 - INFO     - sonar          :konfigurieren                -   -> IdDeadzone: 200
16:49:49 - INFO     - sonar          :konfigurieren                -   -> IdTxLengthH: 50
16:49:49 - INFO     - sonar          :konfigurieren                -   -> IdTxPower: -48
16:49:49 - INFO     - sonar          :konfigurieren                -   -> IdGain: 0
16:49:49 - INFO     - sonar          :konfigurieren                -   -> class_name: Gravel
16:49:49 - INFO     - sonar          :konfigurieren                -   -> frequency: high
16:49:49 - INFO     - sonar          :daten_lesen                  - Starte Ping für 2.0 Sekunden...
16:49:56 - DEBUG    - sonar          :daten_lesen                  - Daten empfangen mit der Länge 4096
16:49:56 - INFO     - datenverarbeitung:verarbeite_daten             - Verarbeite Daten für Modus '12bit-Echogram' mit Processor 'EchogramProcessor'...
16:49:56 - DEBUG    - EchogramProcessor:_extract_packets             - Pakete extrahiert: 2
16:49:56 - DEBUG    - EchogramProcessor:_parse_header_section        - Header geparst: {'DeviceID': '0 D24 Type RS232', 'TimeWork': '1770652194.31', 'Ping': '443', 'Altitude': '0.3597', 'Temperature': '17.51', 'NSamples': '400', 'Resolution,mm': '7.500', 'Sampling_Frequency,Hz': '100000', 'SoundSpeed,mps': '1500.00', 'Tx_Frequency,Hz': '450000', 'Range,m': '3.0', 'Interval,sec': '1.000', 'Threshold,%': '10', 'Offset,m': '0.000', 'Deadzone,m': '0.200', 'PulseLength,uks': '50', 'TxPower,dB': '-48.000', 'TVG_Gain': '0.000', 'TVG_Slope': '1.000', 'TVG_Mode': '1', 'OutputMode': '4', 'Pitch,deg': '-0.800', 'Roll,deg': '-0.400'}
16:49:56 - DEBUG    - EchogramProcessor:_extract_data                - Datenpunkte geparst: [440, 356, 586, 966, 965, 1201, 2567, 3791, 4065, 4023, 3644, 3082, 2691, 2804, 3019, 3346, 3720, 3553, 3431, 3021, 2149, 1669, 1221, 928, 788, 569, 661, 632, 601, 644, 477, 377, 329, 377, 324, 301, 245, 194, 178, 204, 195, 175, 163, 160, 203, 241, 299, 373, 476, 600, 802, 1014, 1136, 1308, 1676, 2051, 2402, 2611, 2646, 2670, 2642, 2500, 2276, 1936, 1567, 1208, 1020, 961, 969, 919, 803, 670, 540, 443, 392, 376, 361, 335, 323, 329, 331, 304, 244, 183, 163, 168, 173, 165, 156, 162, 172, 173, 170, 182, 196, 185, 165, 148, 140, 136, 135, 136, 123, 93, 58, 47, 41, 33, 42, 67, 92, 115, 123, 124, 112, 89, 58, 33, 19, 19, 31, 25, 51, 105, 149, 150, 108, 105, 131, 132, 89, 76, 90, 120, 125, 91, 91, 117, 120, 94, 66, 64, 76, 88, 83, 59, 51, 85, 115, 100, 70, 54, 45, 50, 57, 52, 37, 33, 44, 52, 56, 51, 47, 52, 59, 65, 61, 59, 52, 46, 41, 32, 33, 55, 49, 47, 60, 49, 43, 66, 67, 51, 54, 55, 42, 32, 42, 33, 40, 44, 33, 50, 67, 58, 53, 76, 91, 72, 47, 52, 79, 85, 57, 55, 55, 54, 54, 53, 45, 31, 20, 12, 11, 19, 30, 38, 43, 52, 59, 66, 66, 57, 48, 40, 32, 30, 32, 64, 98, 118, 128, 123, 105, 89, 81, 77, 99, 117, 114, 108, 111, 101, 94, 104, 115, 121, 122, 111, 104, 106, 113, 116, 117, 123, 123, 114, 90, 60, 42, 32, 24, 13, 14, 15, 11, 6, 2, 0, 0, 0, 2, 5, 8, 14, 16, 49, 94, 131, 171, 208, 229, 245, 247, 241, 231, 221, 226, 239, 238, 224, 209, 203, 207, 207, 204, 199, 187, 181, 182, 177, 164, 143, 128, 146, 163, 162, 136, 105, 86, 73, 58, 50, 43, 37, 29, 24, 19, 16, 17, 21, 28, 37, 39, 49, 89, 136, 142, 131, 121, 104, 90, 88, 94, 96, 90, 84, 89, 89, 78, 81, 88, 76, 75, 75, 68, 68, 71, 72, 65, 58, 69, 77, 59, 48, 53, 56, 57, 60, 60, 57, 51, 44, 38, 35, 34, 32, 32, 33, 33, 35, 32, 24, 15, 8, 10, 15, 15, 43, 79, 85, 81, 64, 64, 77, 73, 57, 67, 84, 74, 61, 78, 88, 78, 68, 82, 91, 77, 73, 75, 68]
16:49:56 - DEBUG    - EchogramProcessor:_parse_header_section        - Header geparst: {'DeviceID': '0 D24 Type RS232', 'TimeWork': '1770652195.31', 'Ping': '444', 'Altitude': '0.3517', 'Temperature': '17.55', 'NSamples': '400', 'Resolution,mm': '7.500', 'Sampling_Frequency,Hz': '100000', 'SoundSpeed,mps': '1500.00', 'Tx_Frequency,Hz': '450000', 'Range,m': '3.0', 'Interval,sec': '1.000', 'Threshold,%': '10', 'Offset,m': '0.000', 'Deadzone,m': '0.200', 'PulseLength,uks': '50', 'TxPower,dB': '-48.000', 'TVG_Gain': '0.000', 'TVG_Slope': '1.000', 'TVG_Mode': '1', 'OutputMode': '4', 'Pitch,deg': '-0.600', 'Roll,deg': '-0.300'}
16:49:56 - DEBUG    - EchogramProcessor:_extract_data                - Datenpunkte geparst: [471, 373, 598, 949, 884, 1105, 2500, 3839, 4070, 4059, 4039, 4053, 4056, 4068, 3989, 3883, 3975, 3832, 3808, 3340, 2452, 1925, 1505, 1032, 789, 620, 657, 618, 590, 648, 506, 442, 354, 391, 331, 322, 272, 226, 198, 208, 194, 171, 152, 137, 170, 261, 393, 515, 633, 768, 977, 1217, 1346, 1474, 1782, 2103, 2418, 2612, 2625, 2617, 2594, 2449, 2243, 1955, 1652, 1316, 1027, 840, 726, 685, 675, 643, 582, 544, 520, 444, 352, 286, 240, 195, 161, 149, 104, 81, 56, 73, 75, 59, 60, 59, 51, 33, 36, 55, 54, 39, 46, 68, 72, 56, 64, 66, 70, 81, 93, 104, 98, 83, 77, 89, 109, 13]
16:49:56 - INFO     - EchogramProcessor:process                      - 2 Ping(s) mit insgesamt 512 Datenpunkten geparst.
16:49:56 - INFO     - steuerung      :run_single_test              - Test '12bit-Echogram' beendet
16:49:56 - INFO     - visualisierung :create_plots_from_measurements - Erstelle Plots für 1 Messungen (Batch)...
16:49:56 - DEBUG    - visualisierung :_render_and_save_figure      - Plot gespeichert: logs\20260209_164933\echogram_messung2_ping_1.png
16:49:56 - INFO     - steuerung      :run_test_pair                - Starte KI-Klassifizierung für LF/HF Paar...
16:49:56 - INFO     - steuerung      :run_test_pair                - Klassifizierungsergebnis für Paar: Sand
16:49:56 - INFO     - datenverarbeitung:append_ping_to_csv           - Daten erfolgreich in 'logs\20260209_164933\training_data.csv' geschrieben.
16:49:56 - INFO     - datenverarbeitung:append_ping_to_csv           - Daten erfolgreich in 'logs\20260209_164933\training_data.csv' geschrieben.
16:49:56 - INFO     - steuerung      :run_test_pair                - --- Führe Test-Paar aus: Index 2 & 3 ---
16:49:56 - INFO     - steuerung      :run_single_test              - --- Starte Test: Modus '12bit-Echogram' (4) mit Frequenz 'low' ---
16:49:58 - INFO     - sonar          :konfigurieren                - Konfiguration: output_mode='4', frequency='low' (Befehl: IdSetLowFreq)
16:49:58 - INFO     - sonar          :konfigurieren                - Wende spezifische Modus-Einstellungen an:
16:49:58 - INFO     - sonar          :konfigurieren                -   -> IdSamplFreq: 100000
16:49:58 - INFO     - sonar          :konfigurieren                -   -> IdRange: 3000
16:49:58 - INFO     - sonar          :konfigurieren                -   -> IdInterval: 1
16:49:58 - INFO     - sonar          :konfigurieren                -   -> IdDeadzone: 200
16:49:58 - INFO     - sonar          :konfigurieren                -   -> IdTxLengthL: 200
16:49:58 - INFO     - sonar          :konfigurieren                -   -> IdTxPower: 0
16:49:58 - INFO     - sonar          :konfigurieren                -   -> IdGain: 0
16:49:58 - INFO     - sonar          :konfigurieren                -   -> class_name: Gravel
16:49:58 - INFO     - sonar          :konfigurieren                -   -> frequency: low
16:49:58 - INFO     - sonar          :daten_lesen                  - Starte Ping für 2.0 Sekunden...
16:50:05 - DEBUG    - sonar          :daten_lesen                  - Daten empfangen mit der Länge 4096
16:50:06 - INFO     - datenverarbeitung:verarbeite_daten             - Verarbeite Daten für Modus '12bit-Echogram' mit Processor 'EchogramProcessor'...
16:50:06 - DEBUG    - EchogramProcessor:_extract_packets             - Pakete extrahiert: 2
16:50:06 - DEBUG    - EchogramProcessor:_parse_header_section        - Header geparst: {'DeviceID': '0 D24 Type RS232', 'TimeWork': '1770652203.27', 'Ping': '448', 'Altitude': '1.1319', 'Temperature': '17.51', 'NSamples': '400', 'Resolution,mm': '7.500', 'Sampling_Frequency,Hz': '100000', 'SoundSpeed,mps': '1500.00', 'Tx_Frequency,Hz': '200000', 'Range,m': '3.0', 'Interval,sec': '1.000', 'Threshold,%': '10', 'Offset,m': '0.000', 'Deadzone,m': '0.200', 'PulseLength,uks': '200', 'TxPower,dB': '0.000', 'TVG_Gain': '0.000', 'TVG_Slope': '1.000', 'TVG_Mode': '1', 'OutputMode': '4', 'Pitch,deg': '-0.700', 'Roll,deg': '-0.300'}
16:50:06 - DEBUG    - EchogramProcessor:_extract_data                - Datenpunkte geparst: [135, 198, 224, 252, 258, 249, 241, 237, 215, 204, 186, 166, 152, 128, 114, 96, 88, 76, 72, 76, 67, 108, 207, 321, 565, 859, 1189, 1588, 2076, 2585, 3020, 3540, 3986, 4055, 4057, 4054, 4054, 4055, 4058, 4063, 4069, 4059, 4068, 4051, 4069, 4062, 4079, 4067, 4072, 4069, 4070, 4054, 4058, 4056, 4065, 4057, 4014, 3823, 3557, 3204, 2798, 2434, 2057, 1773, 1474, 1270, 1042, 912, 773, 698, 627, 617, 579, 594, 577, 604, 579, 612, 592, 605, 558, 547, 483, 480, 442, 474, 469, 509, 507, 541, 530, 563, 539, 561, 519, 526, 476, 487, 449, 461, 423, 424, 384, 361, 315, 279, 235, 188, 154, 110, 92, 70, 48, 61, 50, 78, 72, 96, 83, 104, 95, 116, 115, 128, 131, 138, 157, 164, 205, 211, 241, 237, 245, 232, 223, 198, 164, 121, 95, 85, 119, 137, 173, 189, 228, 250, 290, 315, 351, 367, 380, 389, 388, 390, 369, 360, 328, 311, 274, 256, 221, 204, 179, 179, 171, 182, 175, 175, 164, 159, 152, 153, 150, 153, 151, 155, 158, 168, 184, 201, 223, 238, 265, 280, 303, 300, 297, 274, 257, 228, 204, 173, 145, 112, 82, 51, 48, 50, 72, 83, 103, 106, 113, 106, 102, 92, 91, 84, 87, 83, 86, 85, 86, 82, 79, 71, 64, 57, 52, 45, 34, 26, 18, 16, 32, 46, 71, 87, 103, 116, 131, 144, 156, 170, 173, 179, 171, 164, 149, 140, 128, 117, 106, 94, 89, 77, 69, 56, 52, 49, 51, 53, 57, 68, 72, 82, 83, 91, 95, 101, 109, 117, 131, 128, 119, 100, 79, 55, 42, 44, 51, 68, 83, 106, 130, 148, 166, 184, 210, 226, 237, 233, 226, 204, 178, 155, 137, 121, 99, 87, 86, 95, 107, 109, 112, 114, 123, 135, 142, 145, 137, 122, 99, 78, 54, 41, 42, 49, 57, 68, 80, 99, 121, 152, 176, 198, 200, 192, 164, 133, 96, 84, 95, 130, 165, 206, 239, 274, 300, 326, 339, 349, 353, 358, 356, 352, 344, 335, 321, 301, 275, 246, 223, 211, 216, 233, 258, 277, 291, 294, 290, 275, 262, 247, 243, 244, 258, 271, 285, 292, 294, 288, 280, 265, 249, 234, 224, 219, 223, 229, 239, 245, 252, 252, 253, 254, 260, 270, 278, 287, 286, 284, 273, 263, 243, 222, 195, 169, 146, 131, 123, 134, 148, 165, 179, 190, 200, 202, 194, 176]
16:50:06 - DEBUG    - EchogramProcessor:_parse_header_section        - Header geparst: {'DeviceID': '0 D24 Type RS232', 'TimeWork': '1770652204.27', 'Ping': '449', 'Altitude': '0.0000', 'Temperature': '17.55', 'NSamples': '400', 'Resolution,mm': '7.500', 'Sampling_Frequency,Hz': '100000', 'SoundSpeed,mps': '1500.00', 'Tx_Frequency,Hz': '200000', 'Range,m': '3.0', 'Interval,sec': '1.000', 'Threshold,%': '10', 'Offset,m': '0.000', 'Deadzone,m': '0.200', 'PulseLength,uks': '200', 'TxPower,dB': '0.000', 'TVG_Gain': '0.000', 'TVG_Slope': '1.000', 'TVG_Mode': '1', 'OutputMode': '4', 'Pitch,deg': '-0.800', 'Roll,deg': '-0.400'}
16:50:06 - DEBUG    - EchogramProcessor:_extract_data                - Datenpunkte geparst: [137, 200, 226, 256, 262, 251, 243, 240, 217, 206, 187, 168, 153, 130, 114, 96, 88, 77, 72, 76, 68, 111, 213, 329, 569, 857, 1184, 1580, 2067, 2575, 3013, 3536, 3986, 4055, 4056, 4054, 4054, 4054, 4058, 4063, 4068, 4058, 4068, 4051, 4069, 4061, 4079, 4068, 4073, 4068, 4069, 4055, 4058, 4056, 4059, 4057, 4011, 3810, 3532, 3172, 2768, 2403, 2029, 1742, 1444, 1247, 1027, 901, 762, 683, 600, 578, 540, 554, 546, 581, 556, 596, 572, 594, 557, 555, 506, 504, 469, 490, 484, 526, 526, 566, 556, 595, 570, 595, 551, 552, 498, 495, 449, 450, 410, 404, 361, 337, 286, 250, 200, 159, 120, 107, 81, 88, 64, 85, 74, 104, 101, 123, 113, 117, 103, 97, 87, 80, 76, 67, 74, 67, 93, 90, 118, 117, 139, 138, 144, 124, 108, 81, 109, 138, 197, 232, 270, 283, 299, 300, 308, 308, 311, 315, 321, 330, 332, 341, 329, 333, 309, 301, 267, 251, 222, 210, 189, 194, 185, 200, 199, 209, 204, 208, 201, 204, 201, 203, 202, 203, 206, 212, 224, 236, 254, 265, 288, 296, 313, 309, 306, 286, 267, 236, 2]
16:50:06 - INFO     - EchogramProcessor:process                      - 2 Ping(s) mit insgesamt 591 Datenpunkten geparst.
16:50:06 - INFO     - steuerung      :run_single_test              - Test '12bit-Echogram' beendet
16:50:06 - INFO     - visualisierung :create_plots_from_measurements - Erstelle Plots für 1 Messungen (Batch)...
16:50:06 - DEBUG    - visualisierung :_render_and_save_figure      - Plot gespeichert: logs\20260209_164933\echogram_messung3_ping_1.png
16:50:06 - INFO     - steuerung      :run_single_test              - --- Starte Test: Modus '12bit-Echogram' (4) mit Frequenz 'high' ---
16:50:08 - INFO     - sonar          :konfigurieren                - Konfiguration: output_mode='4', frequency='high' (Befehl: IdSetHighFreq)
16:50:08 - INFO     - sonar          :konfigurieren                - Wende spezifische Modus-Einstellungen an:
16:50:08 - INFO     - sonar          :konfigurieren                -   -> IdSamplFreq: 100000
16:50:08 - INFO     - sonar          :konfigurieren                -   -> IdRange: 3000
16:50:08 - INFO     - sonar          :konfigurieren                -   -> IdInterval: 1
16:50:08 - INFO     - sonar          :konfigurieren                -   -> IdDeadzone: 200
16:50:08 - INFO     - sonar          :konfigurieren                -   -> IdTxLengthH: 50
16:50:08 - INFO     - sonar          :konfigurieren                -   -> IdTxPower: -48
16:50:08 - INFO     - sonar          :konfigurieren                -   -> IdGain: 0
16:50:08 - INFO     - sonar          :konfigurieren                -   -> class_name: Gravel
16:50:08 - INFO     - sonar          :konfigurieren                -   -> frequency: high
16:50:08 - INFO     - sonar          :daten_lesen                  - Starte Ping für 2.0 Sekunden...
16:50:15 - DEBUG    - sonar          :daten_lesen                  - Daten empfangen mit der Länge 4096
16:50:15 - INFO     - datenverarbeitung:verarbeite_daten             - Verarbeite Daten für Modus '12bit-Echogram' mit Processor 'EchogramProcessor'...
16:50:15 - DEBUG    - EchogramProcessor:_extract_packets             - Pakete extrahiert: 2
16:50:15 - DEBUG    - EchogramProcessor:_parse_header_section        - Header geparst: {'DeviceID': '0 D24 Type RS232', 'TimeWork': '1770652213.03', 'Ping': '454', 'Altitude': '0.3476', 'Temperature': '17.42', 'NSamples': '400', 'Resolution,mm': '7.500', 'Sampling_Frequency,Hz': '100000', 'SoundSpeed,mps': '1500.00', 'Tx_Frequency,Hz': '450000', 'Range,m': '3.0', 'Interval,sec': '1.000', 'Threshold,%': '10', 'Offset,m': '0.000', 'Deadzone,m': '0.200', 'PulseLength,uks': '50', 'TxPower,dB': '-48.000', 'TVG_Gain': '0.000', 'TVG_Slope': '1.000', 'TVG_Mode': '1', 'OutputMode': '4', 'Pitch,deg': '-1.000', 'Roll,deg': '-0.500'}
16:50:15 - DEBUG    - EchogramProcessor:_extract_data                - Datenpunkte geparst: [380, 305, 552, 988, 1026, 1004, 2188, 3432, 3975, 3368, 2549, 1948, 1922, 2415, 2972, 3449, 3835, 3483, 3063, 2505, 1667, 1339, 930, 862, 827, 634, 758, 721, 641, 633, 480, 390, 338, 363, 301, 307, 295, 261, 238, 224, 169, 123, 134, 166, 231, 312, 485, 697, 792, 779, 921, 1363, 1903, 2505, 2808, 2934, 2882, 2760, 2582, 2472, 2410, 2306, 2230, 2066, 1891, 1697, 1492, 1264, 1043, 907, 772, 661, 587, 519, 418, 320, 256, 235, 221, 195, 159, 130, 116, 110, 100, 90, 77, 67, 56, 52, 61, 82, 92, 92, 82, 74, 75, 86, 84, 88, 119, 145, 154, 128, 94, 99, 103, 81, 68, 96, 117, 135, 158, 147, 107, 124, 154, 158, 139, 108, 105, 113, 106, 97, 103, 108, 90, 96, 111, 114, 109, 91, 80, 73, 64, 50, 39, 34, 36, 40, 41, 38, 31, 27, 28, 31, 32, 40, 65, 92, 117, 139, 155, 168, 182, 203, 219, 225, 221, 218, 220, 214, 203, 201, 196, 167, 147, 163, 182, 168, 149, 152, 158, 157, 155, 151, 156, 168, 166, 142, 103, 69, 44, 25, 17, 25, 34, 36, 37, 37, 46, 61, 69, 73, 73, 59, 44, 30, 18, 35, 67, 96, 128, 135, 102, 78, 84, 87, 81, 69, 69, 77, 69, 50, 68, 81, 58, 64, 78, 71, 50, 47, 50, 44, 40, 47, 46, 38, 35, 49, 49, 34, 24, 24, 24, 23, 20, 12, 6, 6, 9, 14, 14, 12, 10, 13, 18, 20, 22, 22, 20, 13, 6, 2, 11, 46, 68, 59, 43, 43, 50, 50, 33, 39, 52, 58, 40, 38, 57, 69, 56, 44, 49, 52, 57, 55, 48, 44, 55, 65, 60, 58, 58, 52, 42, 30, 21, 17, 12, 9, 9, 10, 13, 18, 23, 28, 30, 30, 26, 20, 16, 13, 10, 8, 6, 38, 86, 135, 162, 158, 132, 124, 136, 143, 150, 160, 165, 167, 167, 160, 156, 151, 151, 165, 173, 169, 171, 181, 194, 196, 192, 194, 183, 170, 179, 199, 210, 207, 188, 186, 187, 173, 146, 110, 80, 58, 45, 33, 23, 17, 17, 19, 23, 28, 31, 30, 28, 27, 31, 37, 39, 37, 32, 66, 119, 162, 192, 217, 232, 236, 236, 231, 227, 220, 210, 212, 214, 202, 189, 180, 169, 164, 156, 150, 152, 152, 145, 141, 134, 128, 125, 116, 92, 64, 37, 22, 15, 7, 2, 2]
16:50:15 - DEBUG    - EchogramProcessor:_parse_header_section        - Header geparst: {'DeviceID': '0 D24 Type RS232', 'TimeWork': '1770652214.03', 'Ping': '455', 'Altitude': '0.3368', 'Temperature': '17.47', 'NSamples': '400', 'Resolution,mm': '7.500', 'Sampling_Frequency,Hz': '100000', 'SoundSpeed,mps': '1500.00', 'Tx_Frequency,Hz': '450000', 'Range,m': '3.0', 'Interval,sec': '1.000', 'Threshold,%': '10', 'Offset,m': '0.000', 'Deadzone,m': '0.200', 'PulseLength,uks': '50', 'TxPower,dB': '-48.000', 'TVG_Gain': '0.000', 'TVG_Slope': '1.000', 'TVG_Mode': '1', 'OutputMode': '4', 'Pitch,deg': '-0.800', 'Roll,deg': '-0.400'}
16:50:15 - DEBUG    - EchogramProcessor:_extract_data                - Datenpunkte geparst: [416, 338, 572, 953, 940, 1201, 2586, 3835, 4071, 4061, 4023, 3589, 3142, 3139, 3217, 3439, 3758, 3589, 3501, 3089, 2231, 1745, 1301, 953, 789, 577, 659, 635, 587, 609, 445, 376, 318, 359, 306, 343, 330, 265, 193, 144, 129, 122, 117, 150, 346, 661, 946, 1094, 1120, 1117, 1270, 1698, 2308, 3072, 3491, 3661, 3563, 3564, 3542, 3612, 3512, 3283, 2809, 2321, 1902, 1632, 1472, 1340, 1230, 1052, 846, 603, 387, 283, 243, 253, 294, 334, 373, 381, 363, 308, 237, 186, 165, 152, 133, 104, 75, 50, 34, 32, 39, 48, 48, 46, 48, 65, 77, 105, 137, 158, 156, 137, 135, 133, 103, 92, 141, 174, 162, 110, 96, 90, 83, 86, 95, 95, 72, 55, 75, 100, 104, 78, 55, 64, 77, 83, 77, 61, 46, 39, 35, 31, 30, 28, 26, 22, 24, 34, 41, 46, 48, 59, 79, 87, 86, 81, 66, 94, 140, 140, 124, 140, 148, 125, 104, 106, 98, 83, 97, 84, 66, 71, 48, 39, 33, 31, 30, 35, 29, 26, 35, 44, 30, 29, 42, 38, 33, 48, 40, 25, 19, 24, 43, 67, 90, 98, 88, 64, 39, 32, 35, 39, 37, 33, 28, 29, 31, 27, 19, 11, 8, 12, 15, 43, 79, 108, 115, 96, 73, 70, 90, 104, 83, 69, 85, 100, 108, 113, 101, 81, 75, 78, 79, 89, 105, 116, 103, 87, 94, 102, 96]
16:50:15 - INFO     - EchogramProcessor:process                      - 2 Ping(s) mit insgesamt 633 Datenpunkten geparst.
16:50:15 - INFO     - steuerung      :run_single_test              - Test '12bit-Echogram' beendet
16:50:15 - INFO     - visualisierung :create_plots_from_measurements - Erstelle Plots für 1 Messungen (Batch)...
16:50:15 - DEBUG    - visualisierung :_render_and_save_figure      - Plot gespeichert: logs\20260209_164933\echogram_messung4_ping_1.png
16:50:15 - INFO     - steuerung      :run_test_pair                - Starte KI-Klassifizierung für LF/HF Paar...
16:50:15 - INFO     - steuerung      :run_test_pair                - Klassifizierungsergebnis für Paar: Stones
16:50:15 - INFO     - datenverarbeitung:append_ping_to_csv           - Daten erfolgreich in 'logs\20260209_164933\training_data.csv' geschrieben.
16:50:15 - INFO     - datenverarbeitung:append_ping_to_csv           - Daten erfolgreich in 'logs\20260209_164933\training_data.csv' geschrieben.
16:50:15 - INFO     - steuerung      :run_test_pair                - --- Führe Test-Paar aus: Index 4 & 5 ---
16:50:15 - INFO     - steuerung      :run_single_test              - --- Starte Test: Modus '12bit-Echogram' (4) mit Frequenz 'low' ---
16:50:17 - INFO     - sonar          :konfigurieren                - Konfiguration: output_mode='4', frequency='low' (Befehl: IdSetLowFreq)
16:50:17 - INFO     - sonar          :konfigurieren                - Wende spezifische Modus-Einstellungen an:
16:50:17 - INFO     - sonar          :konfigurieren                -   -> IdSamplFreq: 100000
16:50:17 - INFO     - sonar          :konfigurieren                -   -> IdRange: 3000
16:50:17 - INFO     - sonar          :konfigurieren                -   -> IdInterval: 1
16:50:17 - INFO     - sonar          :konfigurieren                -   -> IdDeadzone: 200
16:50:17 - INFO     - sonar          :konfigurieren                -   -> IdTxLengthL: 200
16:50:17 - INFO     - sonar          :konfigurieren                -   -> IdTxPower: 0
16:50:17 - INFO     - sonar          :konfigurieren                -   -> IdGain: 0
16:50:17 - INFO     - sonar          :konfigurieren                -   -> class_name: Gravel
16:50:17 - INFO     - sonar          :konfigurieren                -   -> frequency: low
16:50:17 - INFO     - sonar          :daten_lesen                  - Starte Ping für 2.0 Sekunden...
16:50:24 - DEBUG    - sonar          :daten_lesen                  - Daten empfangen mit der Länge 4096
16:50:25 - INFO     - datenverarbeitung:verarbeite_daten             - Verarbeite Daten für Modus '12bit-Echogram' mit Processor 'EchogramProcessor'...
16:50:25 - DEBUG    - EchogramProcessor:_extract_packets             - Pakete extrahiert: 2
16:50:25 - DEBUG    - EchogramProcessor:_parse_header_section        - Header geparst: {'DeviceID': '0 D24 Type RS232', 'TimeWork': '1770652222.82', 'Ping': '460', 'Altitude': '0.6294', 'Temperature': '17.55', 'NSamples': '400', 'Resolution,mm': '7.500', 'Sampling_Frequency,Hz': '100000', 'SoundSpeed,mps': '1500.00', 'Tx_Frequency,Hz': '200000', 'Range,m': '3.0', 'Interval,sec': '1.000', 'Threshold,%': '10', 'Offset,m': '0.000', 'Deadzone,m': '0.200', 'PulseLength,uks': '200', 'TxPower,dB': '0.000', 'TVG_Gain': '0.000', 'TVG_Slope': '1.000', 'TVG_Mode': '1', 'OutputMode': '4', 'Pitch,deg': '-0.600', 'Roll,deg': '-0.300'}
16:50:25 - DEBUG    - EchogramProcessor:_extract_data                - Datenpunkte geparst: [136, 200, 224, 253, 260, 250, 242, 239, 217, 205, 187, 169, 154, 130, 114, 95, 88, 76, 71, 76, 66, 109, 214, 329, 571, 860, 1188, 1590, 2084, 2591, 3035, 3579, 4007, 4056, 4053, 4057, 4060, 4058, 4061, 4056, 4066, 4057, 4069, 4058, 4074, 4062, 4078, 4064, 4074, 4061, 4068, 4057, 4063, 4059, 4063, 4058, 4057, 4055, 4011, 3862, 3663, 3354, 3021, 2678, 2343, 2046, 1731, 1500, 1226, 1053, 847, 740, 562, 474, 337, 274, 209, 177, 161, 169, 188, 218, 304, 372, 463, 528, 569, 612, 610, 624, 593, 595, 544, 538, 465, 436, 351, 311, 251, 219, 189, 160, 160, 131, 150, 117, 128, 99, 99, 81, 87, 72, 72, 70, 65, 75, 61, 76, 54, 67, 46, 50, 45, 55, 60, 88, 96, 131, 125, 148, 130, 133, 107, 98, 79, 71, 67, 60, 74, 77, 112, 121, 155, 164, 183, 185, 182, 173, 158, 143, 140, 149, 172, 204, 234, 269, 295, 331, 349, 378, 375, 382, 360, 352, 327, 320, 299, 288, 264, 242, 219, 197, 185, 185, 189, 200, 215, 223, 236, 242, 260, 275, 303, 325, 358, 371, 391, 380, 371, 347, 330, 307, 295, 279, 272, 261, 257, 248, 238, 227, 211, 196, 173, 157, 145, 148, 143, 148, 134, 120, 97, 85, 69, 62, 49, 41, 29, 21, 16, 25, 30, 42, 45, 56, 61, 75, 75, 78, 71, 66, 55, 45, 38, 32, 40, 47, 59, 76, 93, 114, 133, 150, 156, 156, 151, 144, 132, 122, 125, 139, 163, 179, 195, 200, 205, 200, 192, 176, 161, 151, 130, 108, 86, 75, 81, 80, 81, 74, 74, 82, 95, 119, 141, 165, 187, 215, 234, 250, 262, 272, 283, 285, 278, 247, 214, 177, 154, 149, 152, 157, 161, 161, 159, 162, 167, 165, 158, 143, 134, 121, 114, 111, 113, 124, 138, 150, 153, 156, 151, 144, 132, 123, 124, 122, 119, 113, 115, 116, 119, 121, 133, 148, 168, 188, 207, 224, 235, 241, 234, 223, 204, 186, 168, 155, 138, 125, 116, 114, 113, 120, 126, 139, 150, 160, 168, 176, 184, 186, 187, 184, 184, 179, 171, 156, 146, 136, 134, 124, 121, 116, 111, 102, 93, 83, 77, 74, 72, 78, 81, 85, 84, 88, 94, 104, 116, 129, 140, 140, 138, 131, 125, 116, 106, 97, 87, 76, 56, 44, 36, 34, 33, 35, 40, 46, 52, 53, 59, 69, 78, 86]
16:50:25 - DEBUG    - EchogramProcessor:_parse_header_section        - Header geparst: {'DeviceID': '0 D24 Type RS232', 'TimeWork': '1770652223.82', 'Ping': '461', 'Altitude': '0.6393', 'Temperature': '17.62', 'NSamples': '400', 'Resolution,mm': '7.500', 'Sampling_Frequency,Hz': '100000', 'SoundSpeed,mps': '1500.00', 'Tx_Frequency,Hz': '200000', 'Range,m': '3.0', 'Interval,sec': '1.000', 'Threshold,%': '10', 'Offset,m': '0.000', 'Deadzone,m': '0.200', 'PulseLength,uks': '200', 'TxPower,dB': '0.000', 'TVG_Gain': '0.000', 'TVG_Slope': '1.000', 'TVG_Mode': '1', 'OutputMode': '4', 'Pitch,deg': '-1.400', 'Roll,deg': '-0.700'}
16:50:25 - DEBUG    - EchogramProcessor:_extract_data                - Datenpunkte geparst: [135, 199, 224, 252, 258, 249, 241, 237, 215, 205, 186, 168, 154, 128, 114, 95, 88, 77, 72, 76, 69, 113, 222, 340, 584, 870, 1194, 1587, 2072, 2576, 3020, 3568, 4004, 4060, 4057, 4053, 4063, 4054, 4053, 4051, 4065, 4063, 4075, 4056, 4069, 4059, 4088, 4068, 4068, 4063, 4072, 4060, 4062, 4060, 4064, 4062, 4068, 4063, 3978, 3806, 3588, 3306, 2972, 2653, 2317, 2039, 1716, 1449, 1161, 989, 776, 657, 498, 418, 278, 198, 174, 139, 160, 141, 164, 163, 258, 304, 421, 473, 558, 571, 618, 608, 613, 580, 546, 500, 438, 388, 322, 275, 215, 183, 120, 104, 88, 60, 83, 69, 99, 86, 125, 117, 149, 140, 145, 137, 121, 117, 88, 94, 59, 59, 45, 47, 33, 49, 45, 67, 74, 93, 113, 125, 153, 152, 179, 170, 186, 164, 164, 140, 138, 116, 115, 95, 81, 66, 49, 39, 32, 25, 37, 42, 83, 101, 134, 148, 163, 173, 183, 195, 199, 207, 203, 208, 199, 207, 203, 221, 215, 218, 197, 179, 149, 123, 96, 81, 65, 57, 46, 50, 54, 76, 88, 111, 130, 146, 162, 166, 176, 169, 172, 159, 159, 149, 149, 141, 141, 134]
16:50:25 - INFO     - EchogramProcessor:process                      - 2 Ping(s) mit insgesamt 596 Datenpunkten geparst.
16:50:25 - INFO     - steuerung      :run_single_test              - Test '12bit-Echogram' beendet
16:50:25 - INFO     - visualisierung :create_plots_from_measurements - Erstelle Plots für 1 Messungen (Batch)...
16:50:25 - DEBUG    - visualisierung :_render_and_save_figure      - Plot gespeichert: logs\20260209_164933\echogram_messung5_ping_1.png
16:50:25 - INFO     - steuerung      :run_single_test              - --- Starte Test: Modus '12bit-Echogram' (4) mit Frequenz 'high' ---
16:50:27 - INFO     - sonar          :konfigurieren                - Konfiguration: output_mode='4', frequency='high' (Befehl: IdSetHighFreq)
16:50:27 - INFO     - sonar          :konfigurieren                - Wende spezifische Modus-Einstellungen an:
16:50:27 - INFO     - sonar          :konfigurieren                -   -> IdSamplFreq: 100000
16:50:27 - INFO     - sonar          :konfigurieren                -   -> IdRange: 3000
16:50:27 - INFO     - sonar          :konfigurieren                -   -> IdInterval: 1
16:50:27 - INFO     - sonar          :konfigurieren                -   -> IdDeadzone: 200
16:50:27 - INFO     - sonar          :konfigurieren                -   -> IdTxLengthH: 50
16:50:27 - INFO     - sonar          :konfigurieren                -   -> IdTxPower: -48
16:50:27 - INFO     - sonar          :konfigurieren                -   -> IdGain: 0
16:50:27 - INFO     - sonar          :konfigurieren                -   -> class_name: Gravel
16:50:27 - INFO     - sonar          :konfigurieren                -   -> frequency: high
16:50:27 - INFO     - sonar          :daten_lesen                  - Starte Ping für 2.0 Sekunden...
16:50:34 - DEBUG    - sonar          :daten_lesen                  - Daten empfangen mit der Länge 4096
16:50:34 - INFO     - datenverarbeitung:verarbeite_daten             - Verarbeite Daten für Modus '12bit-Echogram' mit Processor 'EchogramProcessor'...
16:50:34 - DEBUG    - EchogramProcessor:_extract_packets             - Pakete extrahiert: 2
16:50:34 - DEBUG    - EchogramProcessor:_parse_header_section        - Header geparst: {'DeviceID': '0 D24 Type RS232', 'TimeWork': '1770652231.61', 'Ping': '465', 'Altitude': '0.3581', 'Temperature': '17.60', 'NSamples': '400', 'Resolution,mm': '7.500', 'Sampling_Frequency,Hz': '100000', 'SoundSpeed,mps': '1500.00', 'Tx_Frequency,Hz': '450000', 'Range,m': '3.0', 'Interval,sec': '1.000', 'Threshold,%': '10', 'Offset,m': '0.000', 'Deadzone,m': '0.200', 'PulseLength,uks': '50', 'TxPower,dB': '-48.000', 'TVG_Gain': '0.000', 'TVG_Slope': '1.000', 'TVG_Mode': '1', 'OutputMode': '4', 'Pitch,deg': '-1.100', 'Roll,deg': '-0.300'}
16:50:34 - DEBUG    - EchogramProcessor:_extract_data                - Datenpunkte geparst: [406, 328, 567, 999, 1057, 1012, 2126, 3362, 3885, 3256, 2413, 1839, 1905, 2449, 3019, 3491, 3847, 3418, 2899, 2290, 1540, 1313, 944, 901, 869, 678, 803, 760, 665, 651, 498, 404, 333, 344, 296, 334, 348, 301, 258, 208, 144, 117, 97, 114, 163, 244, 328, 412, 504, 683, 874, 952, 1030, 1234, 1566, 1823, 1964, 1940, 1794, 1635, 1467, 1277, 1101, 920, 763, 640, 540, 457, 384, 339, 340, 364, 367, 343, 291, 232, 184, 136, 101, 75, 51, 49, 65, 97, 146, 184, 215, 238, 240, 239, 253, 260, 240, 206, 196, 195, 174, 154, 158, 165, 161, 165, 174, 170, 157, 146, 130, 93, 93, 147, 189, 198, 164, 125, 112, 108, 103, 90, 69, 48, 36, 29, 22, 20, 32, 53, 79, 95, 100, 86, 76, 66, 86, 118, 133, 104, 91, 106, 109, 83, 91, 94, 70, 80, 96, 76, 75, 70, 58, 74, 53, 77, 79, 53, 56, 68, 75, 58, 68, 69, 49, 42, 42, 43, 45, 37, 27, 19, 14, 8, 4, 9, 14, 16, 21, 30, 38, 44, 48, 55, 67, 68, 60, 49, 31, 25, 52, 67, 67, 61, 45, 56, 91, 98, 83, 85, 105, 117, 99, 100, 102, 87, 77, 60, 48, 62, 74, 70, 50, 49, 68, 72, 50, 49, 67, 70, 53, 36, 36, 40, 43, 43, 46, 47, 42, 40, 44, 47, 49, 46, 40, 30, 18, 9, 5, 8, 32, 69, 95, 102, 103, 108, 112, 108, 117, 141, 157, 156, 145, 133, 128, 128, 128, 140, 145, 137, 138, 143, 141, 137, 133, 138, 156, 175, 183, 175, 162, 157, 147, 143, 150, 156, 162, 162, 163, 151, 129, 105, 88, 74, 57, 38, 24, 16, 13, 16, 19, 20, 21, 22, 20, 19, 18, 17, 18, 20, 22, 23, 28, 65, 111, 146, 157, 155, 161, 167, 166, 156, 145, 141, 135, 129, 132, 133, 121, 117, 114, 111, 111, 101, 92, 97, 101, 101, 98, 86, 74, 73, 73, 69, 59, 48, 42, 42, 40, 35, 30, 24, 20, 16, 9, 7, 13, 23, 35, 42, 46, 40, 67, 109, 119, 98, 84, 72, 70, 67, 57, 59, 61, 56, 55, 57, 58, 48, 56, 71, 49, 55, 65, 60, 41, 50, 68, 58, 50, 66, 72, 54, 49, 64, 65, 57, 50, 41, 32, 36, 41, 38, 35, 30, 26, 20, 15, 10, 3, 0, 0, 0, 0, 0]
16:50:34 - DEBUG    - EchogramProcessor:_parse_header_section        - Header geparst: {'DeviceID': '0 D24 Type RS232', 'TimeWork': '1770652232.61', 'Ping': '466', 'Altitude': '0.3597', 'Temperature': '17.58', 'NSamples': '400', 'Resolution,mm': '7.500', 'Sampling_Frequency,Hz': '100000', 'SoundSpeed,mps': '1500.00', 'Tx_Frequency,Hz': '450000', 'Range,m': '3.0', 'Interval,sec': '1.000', 'Threshold,%': '10', 'Offset,m': '0.000', 'Deadzone,m': '0.200', 'PulseLength,uks': '50', 'TxPower,dB': '-48.000', 'TVG_Gain': '0.000', 'TVG_Slope': '1.000', 'TVG_Mode': '1', 'OutputMode': '4', 'Pitch,deg': '-1.000', 'Roll,deg': '-0.400'}
16:50:34 - DEBUG    - EchogramProcessor:_extract_data                - Datenpunkte geparst: [466, 374, 594, 968, 961, 1178, 2529, 3766, 4062, 4060, 3781, 3245, 2830, 2898, 3056, 3347, 3704, 3554, 3458, 3069, 2221, 1738, 1293, 953, 786, 578, 674, 651, 610, 640, 469, 373, 310, 350, 297, 312, 306, 271, 229, 208, 182, 170, 183, 207, 222, 247, 307, 395, 423, 526, 721, 855, 938, 1175, 1503, 1814, 2006, 1961, 1818, 1587, 1344, 1169, 1038, 929, 806, 683, 507, 361, 290, 270, 286, 306, 357, 386, 369, 324, 257, 195, 137, 90, 54, 40, 38, 37, 34, 32, 41, 57, 69, 77, 86, 93, 98, 99, 102, 106, 104, 124, 139, 128, 97, 88, 93, 89, 59, 58, 73, 57, 85, 109, 91, 83, 90, 109, 134, 122, 124, 156, 165, 116, 93, 80, 68, 85, 85, 65, 70, 79, 75, 57, 36, 22, 13, 6, 7, 7, 6, 3, 0, 4, 19, 40, 69, 89, 97, 88, 73, 53, 54, 68, 118, 188, 221, 206, 142, 131, 162, 211, 244, 229, 181, 150, 137, 131, 150, 181, 188, 169, 145, 148, 151, 147, 151, 165, 185, 197, 185, 162, 132, 108, 111, 140, 176, 202, 209, 210, 204, 176, 140, 94, 66, 60, 67, 72, 73, 73, 74, 81, 84, 79, 66, 49, 35, 29, 31, 37, 44, 47, 40, 49, 87, 118, 139, 144, 137, 129, 130, 116, 87, 89, 113, 124, 107, 85, 82, 92, 99, 92, 72, 61, 75, 84, 82, 76, 61, 46, 68, 87, 94, 90, 80]
16:50:34 - INFO     - EchogramProcessor:process                      - 2 Ping(s) mit insgesamt 641 Datenpunkten geparst.
16:50:34 - INFO     - steuerung      :run_single_test              - Test '12bit-Echogram' beendet
16:50:34 - INFO     - visualisierung :create_plots_from_measurements - Erstelle Plots für 1 Messungen (Batch)...
16:50:34 - DEBUG    - visualisierung :_render_and_save_figure      - Plot gespeichert: logs\20260209_164933\echogram_messung6_ping_1.png
16:50:34 - INFO     - steuerung      :run_test_pair                - Starte KI-Klassifizierung für LF/HF Paar...
16:50:34 - INFO     - steuerung      :run_test_pair                - Klassifizierungsergebnis für Paar: Sand
16:50:34 - INFO     - datenverarbeitung:append_ping_to_csv           - Daten erfolgreich in 'logs\20260209_164933\training_data.csv' geschrieben.
16:50:34 - INFO     - datenverarbeitung:append_ping_to_csv           - Daten erfolgreich in 'logs\20260209_164933\training_data.csv' geschrieben.
16:50:34 - INFO     - steuerung      :run_test_pair                - --- Führe Test-Paar aus: Index 6 & 7 ---
16:50:34 - INFO     - steuerung      :run_single_test              - --- Starte Test: Modus '12bit-Echogram' (4) mit Frequenz 'low' ---
16:50:36 - INFO     - sonar          :konfigurieren                - Konfiguration: output_mode='4', frequency='low' (Befehl: IdSetLowFreq)
16:50:36 - INFO     - sonar          :konfigurieren                - Wende spezifische Modus-Einstellungen an:
16:50:36 - INFO     - sonar          :konfigurieren                -   -> IdSamplFreq: 100000
16:50:36 - INFO     - sonar          :konfigurieren                -   -> IdRange: 3000
16:50:36 - INFO     - sonar          :konfigurieren                -   -> IdInterval: 1
16:50:36 - INFO     - sonar          :konfigurieren                -   -> IdDeadzone: 200
16:50:36 - INFO     - sonar          :konfigurieren                -   -> IdTxLengthL: 200
16:50:36 - INFO     - sonar          :konfigurieren                -   -> IdTxPower: 0
16:50:36 - INFO     - sonar          :konfigurieren                -   -> IdGain: 0
16:50:36 - INFO     - sonar          :konfigurieren                -   -> class_name: Gravel
16:50:36 - INFO     - sonar          :konfigurieren                -   -> frequency: low
16:50:36 - INFO     - sonar          :daten_lesen                  - Starte Ping für 2.0 Sekunden...
16:50:43 - DEBUG    - sonar          :daten_lesen                  - Daten empfangen mit der Länge 4096
16:50:44 - INFO     - datenverarbeitung:verarbeite_daten             - Verarbeite Daten für Modus '12bit-Echogram' mit Processor 'EchogramProcessor'...
16:50:44 - DEBUG    - EchogramProcessor:_extract_packets             - Pakete extrahiert: 2
16:50:44 - DEBUG    - EchogramProcessor:_parse_header_section        - Header geparst: {'DeviceID': '0 D24 Type RS232', 'TimeWork': '1770652241.51', 'Ping': '471', 'Altitude': '0.0000', 'Temperature': '17.51', 'NSamples': '400', 'Resolution,mm': '7.500', 'Sampling_Frequency,Hz': '100000', 'SoundSpeed,mps': '1500.00', 'Tx_Frequency,Hz': '200000', 'Range,m': '3.0', 'Interval,sec': '1.000', 'Threshold,%': '10', 'Offset,m': '0.000', 'Deadzone,m': '0.200', 'PulseLength,uks': '200', 'TxPower,dB': '0.000', 'TVG_Gain': '0.000', 'TVG_Slope': '1.000', 'TVG_Mode': '1', 'OutputMode': '4', 'Pitch,deg': '-0.600', 'Roll,deg': '-0.600'}
16:50:44 - DEBUG    - EchogramProcessor:_extract_data                - Datenpunkte geparst: [140, 205, 230, 259, 265, 254, 245, 243, 221, 212, 192, 172, 158, 132, 117, 97, 89, 78, 73, 78, 68, 111, 213, 328, 567, 853, 1181, 1580, 2073, 2582, 3030, 3576, 4006, 4055, 4053, 4058, 4060, 4058, 4060, 4055, 4065, 4059, 4069, 4058, 4074, 4063, 4079, 4067, 4075, 4065, 4071, 4063, 4066, 4063, 4062, 4065, 4044, 3938, 3685, 3354, 2953, 2572, 2182, 1864, 1553, 1328, 1108, 973, 814, 752, 681, 670, 630, 660, 624, 660, 627, 649, 614, 627, 588, 601, 556, 571, 535, 549, 526, 526, 505, 506, 484, 493, 473, 467, 431, 404, 362, 336, 301, 285, 266, 256, 241, 228, 209, 183, 160, 142, 123, 124, 119, 128, 120, 120, 115, 108, 108, 97, 102, 89, 95, 84, 98, 89, 119, 120, 157, 163, 193, 199, 215, 217, 222, 227, 224, 221, 196, 173, 139, 131, 135, 146, 161, 177, 195, 213, 230, 257, 283, 323, 345, 387, 391, 398, 374, 358, 330, 307, 281, 257, 233, 214, 194, 177, 165, 157, 156, 152, 152, 147, 147, 145, 149, 146, 147, 140, 146, 154, 176, 196, 230, 247, 272, 275, 277, 269, 261, 247, 233, 215, 194, 179, 157, 142, 109, 84, 54, 38, 44, 49, 60, 65, 64, 59, 45, 36, 26, 22, 29, 27, 29, 29, 30, 35, 35, 45, 45, 51, 50, 50, 45, 40, 42, 38, 43, 45, 57, 72, 87, 107, 124, 146, 153, 156, 145, 133, 116, 102, 94, 79, 72, 66, 74, 81, 92, 103, 113, 124, 129, 132, 128, 123, 114, 111, 105, 112, 118, 132, 137, 142, 141, 145, 141, 138, 135, 136, 141, 152, 160, 167, 173, 177, 182, 184, 187, 181, 183, 188, 209, 229, 256, 268, 277, 275, 267, 246, 228, 189, 156, 123, 100, 85, 80, 84, 91, 101, 102, 100, 93, 88, 77, 67, 52, 47, 53, 76, 99, 129, 149, 168, 180, 193, 199, 206, 212, 221, 225, 227, 225, 207, 172, 124, 106, 112, 121, 141, 157, 176, 188, 202, 213, 224, 234, 240, 252, 271, 294, 308, 311, 293, 266, 226, 187, 158, 162, 188, 231, 262, 285, 292, 290, 270, 245, 216, 195, 180, 179, 184, 199, 215, 232, 244, 252, 256, 256, 252, 249, 248, 252, 265, 275, 286, 287, 290, 284, 280, 271, 266, 261, 260, 257, 250, 237, 224, 209, 196, 178, 160, 139, 120, 109, 110, 119, 138, 157, 176, 197, 210, 219, 210]
16:50:44 - DEBUG    - EchogramProcessor:_parse_header_section        - Header geparst: {'DeviceID': '0 D24 Type RS232', 'TimeWork': '1770652242.51', 'Ping': '472', 'Altitude': '2.1038', 'Temperature': '17.51', 'NSamples': '400', 'Resolution,mm': '7.500', 'Sampling_Frequency,Hz': '100000', 'SoundSpeed,mps': '1500.00', 'Tx_Frequency,Hz': '200000', 'Range,m': '3.0', 'Interval,sec': '1.000', 'Threshold,%': '10', 'Offset,m': '0.000', 'Deadzone,m': '0.200', 'PulseLength,uks': '200', 'TxPower,dB': '0.000', 'TVG_Gain': '0.000', 'TVG_Slope': '1.000', 'TVG_Mode': '1', 'OutputMode': '4', 'Pitch,deg': '-0.400', 'Roll,deg': '-0.100'}
16:50:44 - DEBUG    - EchogramProcessor:_extract_data                - Datenpunkte geparst: [137, 201, 226, 256, 262, 253, 244, 241, 218, 207, 189, 171, 156, 131, 115, 96, 88, 77, 72, 76, 68, 109, 217, 333, 578, 867, 1195, 1593, 2088, 2598, 3049, 3615, 4027, 4057, 4052, 4049, 4053, 4055, 4061, 4057, 4066, 4062, 4078, 4054, 4068, 4057, 4077, 4068, 4073, 4067, 4070, 4063, 4068, 4056, 4055, 4056, 4032, 3925, 3683, 3352, 2984, 2605, 2250, 1920, 1616, 1382, 1154, 1013, 864, 797, 716, 724, 662, 680, 633, 649, 603, 615, 565, 563, 532, 541, 534, 555, 557, 571, 556, 534, 506, 459, 433, 373, 365, 311, 316, 271, 277, 233, 225, 183, 160, 140, 108, 122, 90, 111, 96, 108, 103, 108, 111, 115, 125, 121, 150, 141, 169, 154, 159, 148, 142, 144, 131, 139, 115, 128, 101, 97, 73, 56, 58, 40, 50, 33, 43, 32, 53, 49, 75, 72, 94, 95, 116, 118, 132, 123, 120, 106, 95, 80, 65, 58, 34, 26, 31, 21, 26, 18, 20, 12, 22, 15, 9, 34, 43, 69, 77, 87, 99, 103, 116, 118, 141, 146, 160, 153, 149, 135, 129, 122, 128, 131, 139, 145, 151, 153, 150, 148, 131, 122, 102]
16:50:44 - INFO     - EchogramProcessor:process                      - 2 Ping(s) mit insgesamt 591 Datenpunkten geparst.
16:50:44 - INFO     - steuerung      :run_single_test              - Test '12bit-Echogram' beendet
16:50:44 - INFO     - visualisierung :create_plots_from_measurements - Erstelle Plots für 1 Messungen (Batch)...
16:50:44 - DEBUG    - visualisierung :_render_and_save_figure      - Plot gespeichert: logs\20260209_164933\echogram_messung7_ping_1.png
16:50:44 - INFO     - steuerung      :run_single_test              - --- Starte Test: Modus '12bit-Echogram' (4) mit Frequenz 'high' ---
16:50:46 - INFO     - sonar          :konfigurieren                - Konfiguration: output_mode='4', frequency='high' (Befehl: IdSetHighFreq)
16:50:46 - INFO     - sonar          :konfigurieren                - Wende spezifische Modus-Einstellungen an:
16:50:46 - INFO     - sonar          :konfigurieren                -   -> IdSamplFreq: 100000
16:50:46 - INFO     - sonar          :konfigurieren                -   -> IdRange: 3000
16:50:46 - INFO     - sonar          :konfigurieren                -   -> IdInterval: 1
16:50:46 - INFO     - sonar          :konfigurieren                -   -> IdDeadzone: 200
16:50:46 - INFO     - sonar          :konfigurieren                -   -> IdTxLengthH: 50
16:50:46 - INFO     - sonar          :konfigurieren                -   -> IdTxPower: -48
16:50:46 - INFO     - sonar          :konfigurieren                -   -> IdGain: 0
16:50:46 - INFO     - sonar          :konfigurieren                -   -> class_name: Gravel
16:50:46 - INFO     - sonar          :konfigurieren                -   -> frequency: high
16:50:46 - INFO     - sonar          :daten_lesen                  - Starte Ping für 2.0 Sekunden...
16:50:53 - DEBUG    - sonar          :daten_lesen                  - Daten empfangen mit der Länge 4096
16:50:53 - INFO     - datenverarbeitung:verarbeite_daten             - Verarbeite Daten für Modus '12bit-Echogram' mit Processor 'EchogramProcessor'...
16:50:53 - DEBUG    - EchogramProcessor:_extract_packets             - Pakete extrahiert: 2
16:50:53 - DEBUG    - EchogramProcessor:_parse_header_section        - Header geparst: {'DeviceID': '0 D24 Type RS232', 'TimeWork': '1770652251.25', 'Ping': '477', 'Altitude': '0.3791', 'Temperature': '17.53', 'NSamples': '400', 'Resolution,mm': '7.500', 'Sampling_Frequency,Hz': '100000', 'SoundSpeed,mps': '1500.00', 'Tx_Frequency,Hz': '450000', 'Range,m': '3.0', 'Interval,sec': '1.000', 'Threshold,%': '10', 'Offset,m': '0.000', 'Deadzone,m': '0.200', 'PulseLength,uks': '50', 'TxPower,dB': '-48.000', 'TVG_Gain': '0.000', 'TVG_Slope': '1.000', 'TVG_Mode': '1', 'OutputMode': '4', 'Pitch,deg': '-0.800', 'Roll,deg': '-0.200'}
16:50:53 - DEBUG    - EchogramProcessor:_extract_data                - Datenpunkte geparst: [442, 356, 584, 966, 968, 1211, 2568, 3778, 4066, 3986, 3534, 2950, 2571, 2728, 2997, 3361, 3748, 3565, 3429, 3020, 2145, 1646, 1196, 909, 769, 563, 677, 654, 622, 659, 489, 399, 326, 372, 327, 347, 357, 326, 292, 269, 212, 177, 141, 143, 160, 157, 120, 173, 241, 371, 429, 481, 725, 1209, 1706, 2213, 2555, 2758, 2961, 3023, 3020, 2850, 2517, 2165, 1839, 1585, 1298, 1077, 941, 857, 765, 678, 624, 558, 466, 327, 223, 160, 138, 108, 77, 92, 108, 92, 86, 100, 84, 82, 79, 62, 42, 42, 57, 47, 72, 83, 76, 80, 101, 125, 150, 158, 145, 124, 107, 84, 62, 48, 48, 67, 85, 106, 113, 110, 102, 92, 80, 67, 61, 72, 101, 96, 74, 85, 77, 55, 67, 67, 45, 52, 69, 70, 49, 65, 80, 66, 64, 75, 60, 47, 58, 78, 71, 62, 87, 80, 87, 114, 120, 116, 109, 108, 100, 81, 59, 47, 38, 35, 30, 22, 16, 13, 21, 34, 46, 51, 48, 42, 31, 27, 39, 59, 74, 73, 99, 146, 173, 166, 140, 128, 145, 174, 180, 160, 136, 115, 123, 157, 203, 223, 207, 151, 121, 124, 142, 162, 172, 173, 176, 177, 181, 174, 163, 159, 152, 149, 150, 156, 164, 160, 147, 129, 108, 89, 69, 55, 51, 51, 49, 44, 39, 34, 28, 17, 10, 10, 10, 8, 11, 8, 9, 16, 42, 87, 124, 145, 149, 141, 108, 93, 105, 118, 119, 107, 89, 100, 115, 103, 78, 72, 79, 88, 93, 80, 61, 68, 82, 78, 59, 57, 64, 68, 61, 51, 41, 36, 30, 25, 24, 22, 19, 19, 19, 18, 17, 12, 5, 2, 1, 5, 4, 34, 66, 67, 64, 64, 46, 50, 59, 48, 44, 48, 43, 33, 46, 45, 32, 42, 47, 38, 48, 59, 47, 36, 41, 44, 44, 34, 36, 51, 54, 37, 42, 57, 66, 62, 50, 35, 21, 16, 17, 17, 13, 10, 6, 5, 7, 11, 14, 16, 13, 10, 9, 10, 9, 8, 6, 14, 55, 107, 141, 140, 124, 109, 95, 105, 110, 100, 111, 131, 132, 118, 109, 118, 145, 161, 146, 125, 128, 138, 149, 153, 145, 146, 147, 142, 139, 133, 114, 92, 72, 56, 47, 39, 32, 30, 32, 34, 34, 33, 29, 34, 36, 35, 35, 34, 45, 85, 136, 174, 209, 240, 270, 306, 329, 335, 339, 330, 314, 288]
16:50:53 - DEBUG    - EchogramProcessor:_parse_header_section        - Header geparst: {'DeviceID': '0 D24 Type RS232', 'TimeWork': '1770652252.25', 'Ping': '478', 'Altitude': '0.3550', 'Temperature': '17.60', 'NSamples': '400', 'Resolution,mm': '7.500', 'Sampling_Frequency,Hz': '100000', 'SoundSpeed,mps': '1500.00', 'Tx_Frequency,Hz': '450000', 'Range,m': '3.0', 'Interval,sec': '1.000', 'Threshold,%': '10', 'Offset,m': '0.000', 'Deadzone,m': '0.200', 'PulseLength,uks': '50', 'TxPower,dB': '-48.000', 'TVG_Gain': '0.000', 'TVG_Slope': '1.000', 'TVG_Mode': '1', 'OutputMode': '4', 'Pitch,deg': '-1.500', 'Roll,deg': '-0.400'}
16:50:53 - DEBUG    - EchogramProcessor:_extract_data                - Datenpunkte geparst: [399, 323, 566, 933, 875, 1106, 2498, 3824, 4063, 4064, 4048, 4057, 4043, 4053, 3945, 3819, 3905, 3768, 3762, 3303, 2402, 1874, 1444, 997, 794, 629, 652, 618, 597, 650, 499, 404, 335, 347, 317, 364, 348, 310, 266, 245, 188, 140, 137, 220, 296, 315, 359, 449, 455, 474, 695, 1237, 1829, 2221, 2473, 2733, 3086, 3245, 3254, 3033, 2683, 2246, 1838, 1572, 1406, 1240, 1050, 917, 810, 741, 688, 648, 578, 471, 332, 258, 266, 267, 213, 151, 149, 145, 109, 106, 138, 157, 137, 131, 152, 173, 170, 136, 92, 102, 132, 152, 166, 188, 192, 164, 120, 101, 113, 133, 169, 198, 206, 184, 151, 144, 150, 158, 154, 146, 124, 99, 69, 43, 27, 20, 20, 15, 9, 16, 18, 17, 15, 17, 43, 67, 78, 100, 131, 165, 184, 184, 173, 176, 177, 167, 155, 132, 119, 138, 165, 177, 164, 147, 122, 85, 85, 119, 141, 129, 113, 99, 83, 57, 33, 18, 16, 23, 34, 43, 51, 53, 49, 37, 23, 12, 7, 6, 10, 17, 24, 46, 76, 95, 100, 84, 64, 60, 48, 52, 84, 95, 73, 80, 92, 77, 57, 46, 51, 61, 52, 40, 32, 47, 54, 43, 47, 38, 49, 53, 52, 78, 80, 65, 68, 71, 52, 50, 56, 58, 53, 46, 38, 33, 33, 38, 45, 53, 56, 51, 41, 34, 32, 28, 21, 14, 17, 20, 20, 25, 32, 39, 36]
16:50:53 - INFO     - EchogramProcessor:process                      - 2 Ping(s) mit insgesamt 637 Datenpunkten geparst.
16:50:53 - INFO     - steuerung      :run_single_test              - Test '12bit-Echogram' beendet
16:50:53 - INFO     - visualisierung :create_plots_from_measurements - Erstelle Plots für 1 Messungen (Batch)...
16:50:53 - DEBUG    - visualisierung :_render_and_save_figure      - Plot gespeichert: logs\20260209_164933\echogram_messung8_ping_1.png
16:50:53 - INFO     - steuerung      :run_test_pair                - Starte KI-Klassifizierung für LF/HF Paar...
16:50:53 - INFO     - steuerung      :run_test_pair                - Klassifizierungsergebnis für Paar: Sand
16:50:53 - INFO     - datenverarbeitung:append_ping_to_csv           - Daten erfolgreich in 'logs\20260209_164933\training_data.csv' geschrieben.
16:50:53 - INFO     - datenverarbeitung:append_ping_to_csv           - Daten erfolgreich in 'logs\20260209_164933\training_data.csv' geschrieben.
16:50:53 - INFO     - sonar          :trennen                      - Stoppe Echolot und trenne Verbindung.
16:50:54 - INFO     - steuerung      :run_tests                    - Sonarverbindung getrennt.
16:50:54 - INFO     - steuerung      :run_tests                    - Alle geplanten Tests abgeschlossen. Sonar-Anwendung beendet.
