16:51:21 - INFO     - root           :setup_logging                - Logging konfiguriert. Log-Datei unter: logs\20260209_165121\sonar_loggs_09022026_165121.log
16:51:23 - INFO     - SonarClassifier:load_model                   - Modell, Scaler und PCA erfolgreich geladen.
16:51:23 - DEBUG    - steuerung      :__init__                     - Steuerung und alle Komponenten initialisiert.
16:51:23 - INFO     - steuerung      :run_tests                    - --- Sonar-Anwendung wird gestartet, 8 Test(s) geplant. ---
16:51:23 - INFO     - sonar          :verbinden                    - Versuche, Sonar auf Port COM5 zu verbinden...
16:51:24 - INFO     - sonar          :verbinden                    - Echolot erfolgreich auf COM5 mit 115200 Baud erkannt.
16:51:24 - INFO     - steuerung      :run_tests                    - Sonar erfolgreich verbunden.
16:51:24 - INFO     - steuerung      :run_test_pair                - --- Führe Test-Paar aus: Index 0 & 1 ---
16:51:24 - INFO     - steuerung      :run_single_test              - --- Starte Test: Modus '12bit-Echogram' (4) mit Frequenz 'low' ---
16:51:25 - INFO     - sonar          :konfigurieren                - Konfiguration: output_mode='4', frequency='low' (Befehl: IdSetLowFreq)
16:51:25 - INFO     - sonar          :konfigurieren                - Wende spezifische Modus-Einstellungen an:
16:51:25 - INFO     - sonar          :konfigurieren                -   -> IdSamplFreq: 100000
16:51:25 - INFO     - sonar          :konfigurieren                -   -> IdRange: 3000
16:51:25 - INFO     - sonar          :konfigurieren                -   -> IdInterval: 1
16:51:25 - INFO     - sonar          :konfigurieren                -   -> IdDeadzone: 200
16:51:25 - INFO     - sonar          :konfigurieren                -   -> IdTxLengthL: 200
16:51:25 - INFO     - sonar          :konfigurieren                -   -> IdTxPower: 0
16:51:25 - INFO     - sonar          :konfigurieren                -   -> IdGain: 0
16:51:25 - INFO     - sonar          :konfigurieren                -   -> class_name: Stones
16:51:25 - INFO     - sonar          :konfigurieren                -   -> frequency: low
16:51:25 - INFO     - sonar          :daten_lesen                  - Starte Ping für 2.0 Sekunden...
16:51:33 - DEBUG    - sonar          :daten_lesen                  - Daten empfangen mit der Länge 4096
16:51:33 - INFO     - datenverarbeitung:verarbeite_daten             - Verarbeite Daten für Modus '12bit-Echogram' mit Processor 'EchogramProcessor'...
16:51:33 - DEBUG    - EchogramProcessor:_extract_packets             - Pakete extrahiert: 2
16:51:33 - DEBUG    - EchogramProcessor:_parse_header_section        - Header geparst: {'DeviceID': '0 D24 Type RS232', 'TimeWork': '1770652290.89', 'Ping': '482', 'Altitude': '0.0000', 'Temperature': '17.51', 'NSamples': '400', 'Resolution,mm': '7.500', 'Sampling_Frequency,Hz': '100000', 'SoundSpeed,mps': '1500.00', 'Tx_Frequency,Hz': '200000', 'Range,m': '3.0', 'Interval,sec': '1.000', 'Threshold,%': '10', 'Offset,m': '0.000', 'Deadzone,m': '0.200', 'PulseLength,uks': '200', 'TxPower,dB': '0.000', 'TVG_Gain': '0.000', 'TVG_Slope': '1.000', 'TVG_Mode': '1', 'OutputMode': '4', 'Pitch,deg': '-0.600', 'Roll,deg': '0.000'}
16:51:33 - DEBUG    - EchogramProcessor:_extract_data                - Datenpunkte geparst: [135, 198, 224, 252, 258, 249, 241, 238, 216, 205, 186, 168, 154, 129, 114, 95, 88, 76, 71, 77, 67, 94, 190, 302, 552, 849, 1203, 1622, 2208, 2870, 3497, 4026, 4067, 4063, 4054, 4050, 4053, 4057, 4063, 4058, 4068, 4062, 4082, 4057, 4072, 4059, 4075, 4060, 4070, 4066, 4072, 4056, 4069, 4057, 4057, 4057, 4059, 4067, 4048, 4034, 3857, 3736, 3549, 3278, 2966, 2675, 2361, 2105, 1829, 1644, 1400, 1283, 1111, 1019, 886, 845, 763, 754, 700, 693, 642, 633, 593, 594, 582, 595, 604, 615, 635, 657, 697, 720, 771, 778, 818, 802, 824, 775, 782, 721, 727, 664, 642, 561, 528, 460, 430, 381, 357, 315, 295, 261, 235, 208, 181, 164, 136, 144, 115, 138, 119, 135, 135, 147, 156, 156, 168, 161, 173, 151, 155, 124, 124, 102, 110, 93, 107, 92, 107, 91, 106, 89, 96, 84, 80, 76, 66, 78, 69, 86, 74, 90, 83, 94, 90, 96, 94, 95, 108, 111, 140, 144, 164, 162, 171, 162, 164, 152, 147, 134, 119, 103, 92, 84, 94, 102, 128, 148, 177, 202, 229, 250, 273, 291, 299, 312, 310, 321, 305, 298, 267, 242, 208, 180, 150, 119, 92, 68, 47, 45, 45, 55, 65, 76, 86, 90, 98, 101, 115, 121, 133, 124, 124, 106, 98, 83, 86, 87, 102, 106, 119, 120, 132, 131, 133, 121, 113, 101, 91, 85, 79, 82, 76, 74, 75, 78, 88, 97, 116, 132, 155, 171, 195, 212, 231, 238, 254, 264, 265, 263, 248, 236, 209, 182, 144, 106, 75, 66, 82, 105, 141, 167, 193, 211, 222, 226, 223, 219, 204, 184, 153, 125, 100, 80, 68, 53, 47, 49, 57, 83, 115, 155, 190, 224, 252, 284, 306, 328, 339, 344, 341, 341, 333, 325, 316, 311, 306, 302, 294, 288, 286, 290, 303, 311, 313, 298, 281, 259, 242, 221, 203, 177, 158, 136, 118, 103, 94, 91, 98, 111, 133, 161, 189, 219, 240, 264, 280, 298, 308, 313, 303, 288, 266, 243, 220, 197, 171, 144, 115, 88, 70, 55, 49, 50, 52, 53, 42, 38, 33, 33, 31, 33, 45, 55, 70, 77, 84, 92, 102, 112, 118, 121, 117, 114, 108, 101, 90, 85, 84, 85, 87, 87, 91, 93, 97, 95, 93, 90, 91, 90, 91, 85, 82, 80, 85, 88, 96, 98, 98, 99, 102, 110, 113, 111, 99, 85, 78, 85, 91, 96]
16:51:33 - DEBUG    - EchogramProcessor:_parse_header_section        - Header geparst: {'DeviceID': '0 D24 Type RS232', 'TimeWork': '1770652291.89', 'Ping': '483', 'Altitude': '0.5804', 'Temperature': '17.62', 'NSamples': '400', 'Resolution,mm': '7.500', 'Sampling_Frequency,Hz': '100000', 'SoundSpeed,mps': '1500.00', 'Tx_Frequency,Hz': '200000', 'Range,m': '3.0', 'Interval,sec': '1.000', 'Threshold,%': '10', 'Offset,m': '0.000', 'Deadzone,m': '0.200', 'PulseLength,uks': '200', 'TxPower,dB': '0.000', 'TVG_Gain': '0.000', 'TVG_Slope': '1.000', 'TVG_Mode': '1', 'OutputMode': '4', 'Pitch,deg': '-0.800', 'Roll,deg': '-0.200'}
16:51:33 - DEBUG    - EchogramProcessor:_extract_data                - Datenpunkte geparst: [136, 198, 225, 254, 261, 251, 243, 239, 217, 207, 188, 170, 154, 130, 115, 96, 89, 78, 71, 77, 67, 94, 183, 293, 541, 835, 1189, 1614, 2202, 2861, 3487, 4024, 4058, 4059, 4056, 4060, 4061, 4060, 4063, 4057, 4069, 4059, 4073, 4061, 4078, 4064, 4077, 4060, 4071, 4057, 4067, 4060, 4066, 4058, 4061, 4058, 4059, 4057, 4046, 4040, 3872, 3730, 3533, 3255, 2910, 2604, 2235, 1953, 1604, 1345, 1027, 825, 620, 543, 434, 437, 389, 442, 422, 477, 477, 534, 552, 607, 630, 667, 679, 694, 691, 671, 654, 600, 579, 523, 505, 456, 436, 389, 376, 353, 368, 368, 396, 393, 421, 412, 444, 416, 426, 367, 354, 294, 275, 222, 195, 164, 136, 150, 128, 157, 142, 153, 136, 119, 104, 74, 65, 60, 48, 72, 71, 109, 115, 161, 169, 211, 217, 251, 253, 268, 256, 246, 227, 197, 168, 123, 103, 74, 53, 74, 74, 107, 120, 151, 160, 177, 186, 197, 210, 215, 239, 238, 253, 236, 232, 210, 194, 165, 142, 119, 88, 73, 48, 37, 58, 67, 93, 100, 116, 122, 135, 139, 140, 139, 132, 130, 118, 113, 102, 100, 94, 98, 95, 97, 92, 94, 8]
16:51:33 - INFO     - EchogramProcessor:process                      - 2 Ping(s) mit insgesamt 597 Datenpunkten geparst.
16:51:33 - INFO     - steuerung      :run_single_test              - Test '12bit-Echogram' beendet
16:51:33 - INFO     - visualisierung :create_plots_from_measurements - Erstelle Plots für 1 Messungen (Batch)...
16:51:33 - DEBUG    - visualisierung :_render_and_save_figure      - Plot gespeichert: logs\20260209_165121\echogram_messung1_ping_1.png
16:51:33 - INFO     - steuerung      :run_single_test              - --- Starte Test: Modus '12bit-Echogram' (4) mit Frequenz 'high' ---
16:51:35 - INFO     - sonar          :konfigurieren                - Konfiguration: output_mode='4', frequency='high' (Befehl: IdSetHighFreq)
16:51:35 - INFO     - sonar          :konfigurieren                - Wende spezifische Modus-Einstellungen an:
16:51:35 - INFO     - sonar          :konfigurieren                -   -> IdSamplFreq: 100000
16:51:35 - INFO     - sonar          :konfigurieren                -   -> IdRange: 3000
16:51:35 - INFO     - sonar          :konfigurieren                -   -> IdInterval: 1
16:51:35 - INFO     - sonar          :konfigurieren                -   -> IdDeadzone: 200
16:51:35 - INFO     - sonar          :konfigurieren                -   -> IdTxLengthH: 50
16:51:35 - INFO     - sonar          :konfigurieren                -   -> IdTxPower: -48
16:51:35 - INFO     - sonar          :konfigurieren                -   -> IdGain: 0
16:51:35 - INFO     - sonar          :konfigurieren                -   -> class_name: Stones
16:51:35 - INFO     - sonar          :konfigurieren                -   -> frequency: high
16:51:35 - INFO     - sonar          :daten_lesen                  - Starte Ping für 2.0 Sekunden...
16:51:42 - DEBUG    - sonar          :daten_lesen                  - Daten empfangen mit der Länge 4096
16:51:43 - INFO     - datenverarbeitung:verarbeite_daten             - Verarbeite Daten für Modus '12bit-Echogram' mit Processor 'EchogramProcessor'...
16:51:43 - DEBUG    - EchogramProcessor:_extract_packets             - Pakete extrahiert: 2
16:51:43 - DEBUG    - EchogramProcessor:_parse_header_section        - Header geparst: {'DeviceID': '0 D24 Type RS232', 'TimeWork': '1770652300.71', 'Ping': '488', 'Altitude': '0.3704', 'Temperature': '17.47', 'NSamples': '400', 'Resolution,mm': '7.500', 'Sampling_Frequency,Hz': '100000', 'SoundSpeed,mps': '1500.00', 'Tx_Frequency,Hz': '450000', 'Range,m': '3.0', 'Interval,sec': '1.000', 'Threshold,%': '10', 'Offset,m': '0.000', 'Deadzone,m': '0.200', 'PulseLength,uks': '50', 'TxPower,dB': '-48.000', 'TVG_Gain': '0.000', 'TVG_Slope': '1.000', 'TVG_Mode': '1', 'OutputMode': '4', 'Pitch,deg': '0.900', 'Roll,deg': '-1.200'}
16:51:43 - DEBUG    - EchogramProcessor:_extract_data                - Datenpunkte geparst: [411, 332, 564, 992, 1016, 987, 2039, 3217, 3640, 3017, 2334, 1831, 1765, 2040, 1889, 1968, 2388, 2390, 2472, 2172, 1475, 1264, 930, 784, 789, 648, 768, 786, 676, 649, 495, 414, 350, 400, 291, 296, 258, 236, 233, 232, 201, 166, 124, 96, 75, 78, 156, 226, 298, 481, 693, 777, 788, 801, 1099, 1396, 1682, 2076, 2417, 2519, 2545, 2558, 2470, 2200, 1859, 1417, 991, 743, 641, 650, 651, 564, 398, 299, 218, 144, 121, 146, 203, 229, 221, 179, 143, 128, 111, 88, 79, 75, 77, 86, 97, 103, 93, 96, 100, 96, 84, 72, 59, 81, 108, 128, 106, 93, 85, 69, 55, 49, 73, 82, 74, 97, 115, 91, 66, 47, 90, 133, 140, 139, 148, 176, 196, 230, 263, 239, 218, 194, 155, 138, 130, 115, 99, 121, 157, 174, 192, 214, 230, 248, 258, 252, 236, 199, 151, 103, 67, 41, 31, 30, 24, 22, 30, 44, 58, 60, 48, 45, 45, 72, 98, 72, 75, 95, 100, 70, 60, 74, 74, 69, 68, 74, 85, 76, 70, 85, 89, 76, 74, 75, 80, 95, 99, 83, 72, 82, 89, 85, 76, 69, 61, 53, 46, 36, 26, 29, 36, 44, 47, 44, 38, 35, 34, 29, 22, 12, 22, 59, 118, 174, 206, 208, 192, 168, 164, 172, 194, 203, 194, 181, 178, 180, 183, 177, 172, 176, 180, 185, 183, 182, 194, 194, 182, 161, 150, 149, 144, 131, 134, 146, 150, 152, 162, 169, 151, 112, 84, 68, 51, 39, 36, 30, 24, 18, 14, 16, 22, 26, 27, 20, 16, 13, 11, 11, 34, 77, 108, 120, 114, 97, 94, 97, 93, 88, 86, 80, 88, 104, 100, 74, 72, 90, 103, 92, 70, 65, 69, 80, 76, 57, 57, 71, 75, 57, 47, 38, 28, 19, 10, 9, 15, 20, 23, 24, 21, 16, 11, 8, 4, 0, 0, 0, 0, 0, 0, 1, 30, 56, 66, 55, 45, 57, 60, 45, 49, 54, 40, 48, 50, 49, 52, 48, 52, 56, 55, 53, 57, 57, 57, 58, 58, 55, 59, 76, 68, 58, 72, 76, 67, 51, 40, 29, 20, 14, 8, 3, 2, 5, 9, 11, 10, 7, 1, 0, 2, 6, 6, 4, 24, 76, 124, 162, 175, 161, 152, 149, 144, 144, 148, 161, 178, 182, 174, 172, 173, 180, 183, 177, 172, 172, 179, 203, 215, 211, 197, 182, 186, 182, 161, 131]
16:51:43 - DEBUG    - EchogramProcessor:_parse_header_section        - Header geparst: {'DeviceID': '0 D24 Type RS232', 'TimeWork': '1770652301.71', 'Ping': '489', 'Altitude': '0.3641', 'Temperature': '17.42', 'NSamples': '400', 'Resolution,mm': '7.500', 'Sampling_Frequency,Hz': '100000', 'SoundSpeed,mps': '1500.00', 'Tx_Frequency,Hz': '450000', 'Range,m': '3.0', 'Interval,sec': '1.000', 'Threshold,%': '10', 'Offset,m': '0.000', 'Deadzone,m': '0.200', 'PulseLength,uks': '50', 'TxPower,dB': '-48.000', 'TVG_Gain': '0.000', 'TVG_Slope': '1.000', 'TVG_Mode': '1', 'OutputMode': '4', 'Pitch,deg': '-1.200', 'Roll,deg': '0.000'}
16:51:43 - DEBUG    - EchogramProcessor:_extract_data                - Datenpunkte geparst: [504, 406, 615, 974, 956, 1171, 2483, 3735, 4063, 4063, 4056, 3809, 3430, 3318, 2907, 2654, 2783, 2764, 2901, 2534, 1743, 1422, 1078, 791, 741, 596, 623, 640, 528, 517, 402, 370, 317, 388, 317, 358, 314, 285, 280, 279, 232, 171, 121, 93, 79, 80, 141, 253, 440, 676, 764, 619, 498, 675, 1030, 1510, 1954, 2294, 2411, 2411, 2513, 2508, 2414, 2240, 2030, 1809, 1601, 1441, 1249, 1077, 927, 818, 699, 586, 468, 393, 343, 257, 181, 176, 165, 133, 103, 85, 111, 144, 181, 207, 188, 153, 156, 172, 178, 164, 119, 100, 110, 123, 137, 135, 107, 77, 53, 37, 22, 29, 48, 75, 91, 101, 97, 88, 69, 41, 35, 43, 49, 49, 38, 24, 30, 72, 128, 164, 177, 196, 205, 179, 171, 175, 187, 187, 182, 208, 230, 246, 251, 237, 218, 179, 149, 162, 198, 216, 194, 169, 147, 142, 137, 138, 152, 151, 125, 88, 68, 56, 46, 36, 29, 24, 20, 13, 12, 13, 7, 2, 3, 8, 14, 14, 17, 29, 67, 109, 128, 109, 92, 88, 79, 73, 83, 87, 77, 70, 73, 78, 74, 58, 68, 76, 59, 52, 74, 93, 82, 65, 82, 87, 66, 61, 57, 43, 54, 72, 74, 61, 42, 25, 17, 13, 9, 10, 10, 10, 11, 14, 16, 18, 19, 17, 11, 12, 19, 28, 46, 85, 81, 57, 61, 42, 48, 53, 37, 43, 49, 37, 40, 52, 45, 37, 42, 42]
16:51:43 - INFO     - EchogramProcessor:process                      - 2 Ping(s) mit insgesamt 642 Datenpunkten geparst.
16:51:43 - INFO     - steuerung      :run_single_test              - Test '12bit-Echogram' beendet
16:51:43 - INFO     - visualisierung :create_plots_from_measurements - Erstelle Plots für 1 Messungen (Batch)...
16:51:43 - DEBUG    - visualisierung :_render_and_save_figure      - Plot gespeichert: logs\20260209_165121\echogram_messung2_ping_1.png
16:51:43 - INFO     - steuerung      :run_test_pair                - Starte KI-Klassifizierung für LF/HF Paar...
16:51:43 - INFO     - steuerung      :run_test_pair                - Klassifizierungsergebnis für Paar: Gravel
16:51:43 - INFO     - datenverarbeitung:append_ping_to_csv           - Daten erfolgreich in 'logs\20260209_165121\training_data.csv' geschrieben.
16:51:43 - INFO     - datenverarbeitung:append_ping_to_csv           - Daten erfolgreich in 'logs\20260209_165121\training_data.csv' geschrieben.
16:51:43 - INFO     - steuerung      :run_test_pair                - --- Führe Test-Paar aus: Index 2 & 3 ---
16:51:43 - INFO     - steuerung      :run_single_test              - --- Starte Test: Modus '12bit-Echogram' (4) mit Frequenz 'low' ---
16:51:45 - INFO     - sonar          :konfigurieren                - Konfiguration: output_mode='4', frequency='low' (Befehl: IdSetLowFreq)
16:51:45 - INFO     - sonar          :konfigurieren                - Wende spezifische Modus-Einstellungen an:
16:51:45 - INFO     - sonar          :konfigurieren                -   -> IdSamplFreq: 100000
16:51:45 - INFO     - sonar          :konfigurieren                -   -> IdRange: 3000
16:51:45 - INFO     - sonar          :konfigurieren                -   -> IdInterval: 1
16:51:45 - INFO     - sonar          :konfigurieren                -   -> IdDeadzone: 200
16:51:45 - INFO     - sonar          :konfigurieren                -   -> IdTxLengthL: 200
16:51:45 - INFO     - sonar          :konfigurieren                -   -> IdTxPower: 0
16:51:45 - INFO     - sonar          :konfigurieren                -   -> IdGain: 0
16:51:45 - INFO     - sonar          :konfigurieren                -   -> class_name: Stones
16:51:45 - INFO     - sonar          :konfigurieren                -   -> frequency: low
16:51:45 - INFO     - sonar          :daten_lesen                  - Starte Ping für 2.0 Sekunden...
16:51:52 - DEBUG    - sonar          :daten_lesen                  - Daten empfangen mit der Länge 4096
16:51:52 - INFO     - datenverarbeitung:verarbeite_daten             - Verarbeite Daten für Modus '12bit-Echogram' mit Processor 'EchogramProcessor'...
16:51:52 - DEBUG    - EchogramProcessor:_extract_packets             - Pakete extrahiert: 2
16:51:52 - DEBUG    - EchogramProcessor:_parse_header_section        - Header geparst: {'DeviceID': '0 D24 Type RS232', 'TimeWork': '1770652310.67', 'Ping': '494', 'Altitude': '0.0000', 'Temperature': '17.51', 'NSamples': '400', 'Resolution,mm': '7.500', 'Sampling_Frequency,Hz': '100000', 'SoundSpeed,mps': '1500.00', 'Tx_Frequency,Hz': '200000', 'Range,m': '3.0', 'Interval,sec': '1.000', 'Threshold,%': '10', 'Offset,m': '0.000', 'Deadzone,m': '0.200', 'PulseLength,uks': '200', 'TxPower,dB': '0.000', 'TVG_Gain': '0.000', 'TVG_Slope': '1.000', 'TVG_Mode': '1', 'OutputMode': '4', 'Pitch,deg': '-0.800', 'Roll,deg': '-0.500'}
16:51:52 - DEBUG    - EchogramProcessor:_extract_data                - Datenpunkte geparst: [135, 198, 224, 253, 260, 249, 240, 237, 216, 205, 186, 167, 153, 128, 114, 95, 87, 76, 72, 83, 68, 95, 184, 293, 540, 835, 1187, 1610, 2199, 2855, 3479, 4021, 4057, 4059, 4055, 4059, 4060, 4059, 4064, 4056, 4068, 4056, 4073, 4061, 4079, 4063, 4077, 4060, 4071, 4060, 4068, 4059, 4066, 4062, 4065, 4062, 4062, 4062, 4060, 4061, 4023, 3965, 3761, 3570, 3256, 2903, 2516, 2188, 1821, 1555, 1244, 1061, 840, 725, 562, 498, 391, 344, 265, 210, 217, 166, 212, 197, 245, 250, 279, 302, 304, 360, 344, 404, 375, 414, 373, 375, 326, 306, 257, 228, 173, 136, 97, 129, 130, 198, 203, 262, 254, 291, 269, 278, 245, 234, 202, 192, 166, 156, 136, 123, 110, 103, 92, 84, 77, 61, 60, 50, 41, 56, 42, 75, 72, 100, 97, 111, 106, 103, 98, 81, 84, 58, 68, 45, 50, 43, 44, 48, 47, 65, 66, 96, 95, 113, 110, 117, 115, 115, 116, 105, 109, 91, 97, 77, 83, 71, 79, 75, 85, 86, 91, 97, 99, 105, 98, 101, 82, 78, 57, 53, 52, 64, 70, 80, 82, 91, 95, 109, 120, 142, 152, 176, 184, 207, 210, 216, 205, 198, 180, 170, 153, 136, 113, 93, 75, 60, 48, 47, 46, 54, 55, 55, 48, 39, 29, 23, 21, 36, 39, 51, 51, 57, 54, 57, 52, 55, 55, 60, 59, 58, 53, 49, 49, 45, 46, 43, 48, 58, 70, 78, 97, 105, 122, 130, 142, 147, 157, 164, 173, 182, 189, 203, 211, 221, 215, 208, 185, 174, 153, 133, 106, 85, 64, 53, 50, 57, 61, 73, 82, 94, 102, 110, 117, 129, 136, 137, 138, 134, 133, 120, 114, 106, 105, 103, 102, 104, 107, 111, 109, 111, 112, 119, 124, 137, 146, 156, 165, 175, 192, 208, 229, 242, 253, 251, 247, 230, 213, 190, 168, 148, 135, 130, 118, 114, 116, 125, 140, 153, 164, 162, 156, 144, 139, 136, 142, 151, 162, 168, 158, 142, 117, 100, 86, 79, 85, 94, 108, 117, 124, 131, 138, 145, 150, 149, 155, 158, 156, 150, 131, 108, 85, 73, 68, 70, 67, 64, 59, 59, 58, 58, 58, 57, 56, 49, 42, 35, 36, 41, 55, 69, 88, 102, 119, 131, 144, 151, 153, 143, 118, 100, 94, 107, 135, 159, 185, 204, 217, 222, 231, 239, 251, 257, 258, 257, 251, 251, 245, 230, 196, 156]
16:51:52 - DEBUG    - EchogramProcessor:_parse_header_section        - Header geparst: {'DeviceID': '0 D24 Type RS232', 'TimeWork': '1770652311.67', 'Ping': '495', 'Altitude': '0.5809', 'Temperature': '17.49', 'NSamples': '400', 'Resolution,mm': '7.500', 'Sampling_Frequency,Hz': '100000', 'SoundSpeed,mps': '1500.00', 'Tx_Frequency,Hz': '200000', 'Range,m': '3.0', 'Interval,sec': '1.000', 'Threshold,%': '10', 'Offset,m': '0.000', 'Deadzone,m': '0.200', 'PulseLength,uks': '200', 'TxPower,dB': '0.000', 'TVG_Gain': '0.000', 'TVG_Slope': '1.000', 'TVG_Mode': '1', 'OutputMode': '4', 'Pitch,deg': '-1.300', 'Roll,deg': '-0.400'}
16:51:52 - DEBUG    - EchogramProcessor:_extract_data                - Datenpunkte geparst: [136, 200, 225, 253, 261, 250, 242, 240, 218, 206, 188, 169, 155, 130, 116, 97, 89, 76, 71, 76, 66, 92, 179, 289, 540, 838, 1194, 1615, 2202, 2868, 3491, 4020, 4052, 4061, 4058, 4056, 4055, 4055, 4061, 4063, 4070, 4057, 4072, 4054, 4073, 4060, 4077, 4060, 4070, 4067, 4069, 4054, 4059, 4058, 4063, 4061, 4061, 4067, 4032, 3975, 3764, 3586, 3299, 2971, 2583, 2251, 1872, 1584, 1271, 1059, 824, 696, 542, 493, 405, 431, 393, 431, 394, 410, 362, 363, 330, 307, 271, 209, 216, 151, 155, 143, 150, 169, 182, 217, 225, 262, 260, 294, 275, 293, 243, 237, 194, 203, 196, 234, 240, 295, 298, 348, 335, 369, 353, 384, 362, 385, 365, 379, 362, 367, 348, 334, 310, 283, 265, 229, 218, 174, 166, 118, 113, 77, 74, 52, 42, 47, 31, 40, 40, 49, 57, 66, 80, 86, 107, 105, 120, 106, 116, 97, 105, 88, 94, 78, 85, 67, 72, 56, 67, 55, 65, 53, 61, 57, 72, 70, 83, 76, 85, 72, 77, 67, 81, 76, 88, 78, 82, 70, 73, 64, 56, 48, 38, 38, 24, 20, 21, 13, 18, 10, 15, 8, 14, 8, 18, 13, 21, 13, 9, 16, 13, 20, 25, 29, 40, 45, 60, 61, 74, 74]
16:51:52 - INFO     - EchogramProcessor:process                      - 2 Ping(s) mit insgesamt 610 Datenpunkten geparst.
16:51:52 - INFO     - steuerung      :run_single_test              - Test '12bit-Echogram' beendet
16:51:52 - INFO     - visualisierung :create_plots_from_measurements - Erstelle Plots für 1 Messungen (Batch)...
16:51:53 - DEBUG    - visualisierung :_render_and_save_figure      - Plot gespeichert: logs\20260209_165121\echogram_messung3_ping_1.png
16:51:53 - INFO     - steuerung      :run_single_test              - --- Starte Test: Modus '12bit-Echogram' (4) mit Frequenz 'high' ---
16:51:54 - INFO     - sonar          :konfigurieren                - Konfiguration: output_mode='4', frequency='high' (Befehl: IdSetHighFreq)
16:51:54 - INFO     - sonar          :konfigurieren                - Wende spezifische Modus-Einstellungen an:
16:51:54 - INFO     - sonar          :konfigurieren                -   -> IdSamplFreq: 100000
16:51:54 - INFO     - sonar          :konfigurieren                -   -> IdRange: 3000
16:51:54 - INFO     - sonar          :konfigurieren                -   -> IdInterval: 1
16:51:54 - INFO     - sonar          :konfigurieren                -   -> IdDeadzone: 200
16:51:54 - INFO     - sonar          :konfigurieren                -   -> IdTxLengthH: 50
16:51:54 - INFO     - sonar          :konfigurieren                -   -> IdTxPower: -48
16:51:54 - INFO     - sonar          :konfigurieren                -   -> IdGain: 0
16:51:54 - INFO     - sonar          :konfigurieren                -   -> class_name: Stones
16:51:54 - INFO     - sonar          :konfigurieren                -   -> frequency: high
16:51:54 - INFO     - sonar          :daten_lesen                  - Starte Ping für 2.0 Sekunden...
16:52:02 - DEBUG    - sonar          :daten_lesen                  - Daten empfangen mit der Länge 4096
16:52:02 - INFO     - datenverarbeitung:verarbeite_daten             - Verarbeite Daten für Modus '12bit-Echogram' mit Processor 'EchogramProcessor'...
16:52:02 - DEBUG    - EchogramProcessor:_extract_packets             - Pakete extrahiert: 2
16:52:02 - DEBUG    - EchogramProcessor:_parse_header_section        - Header geparst: {'DeviceID': '0 D24 Type RS232', 'TimeWork': '1770652320.46', 'Ping': '500', 'Altitude': '0.3876', 'Temperature': '17.53', 'NSamples': '400', 'Resolution,mm': '7.500', 'Sampling_Frequency,Hz': '100000', 'SoundSpeed,mps': '1500.00', 'Tx_Frequency,Hz': '450000', 'Range,m': '3.0', 'Interval,sec': '1.000', 'Threshold,%': '10', 'Offset,m': '0.000', 'Deadzone,m': '0.200', 'PulseLength,uks': '50', 'TxPower,dB': '-48.000', 'TVG_Gain': '0.000', 'TVG_Slope': '1.000', 'TVG_Mode': '1', 'OutputMode': '4', 'Pitch,deg': '-0.800', 'Roll,deg': '-0.200'}
16:52:02 - DEBUG    - EchogramProcessor:_extract_data                - Datenpunkte geparst: [434, 348, 580, 961, 963, 1202, 2526, 3743, 4067, 4066, 4029, 3609, 3201, 3119, 2712, 2486, 2669, 2692, 2853, 2496, 1719, 1422, 1055, 802, 739, 571, 656, 691, 577, 557, 430, 401, 316, 365, 272, 295, 263, 247, 240, 235, 199, 158, 103, 78, 59, 36, 24, 34, 98, 180, 281, 421, 615, 877, 1039, 1035, 1134, 1401, 1774, 2108, 2318, 2468, 2500, 2505, 2360, 2144, 1823, 1491, 1133, 775, 521, 396, 301, 210, 154, 161, 202, 216, 202, 180, 146, 152, 152, 155, 163, 179, 203, 213, 197, 160, 141, 135, 129, 115, 101, 78, 60, 69, 81, 78, 76, 102, 140, 175, 195, 174, 154, 156, 164, 176, 197, 220, 242, 236, 214, 219, 226, 207, 181, 175, 164, 118, 116, 173, 242, 275, 261, 225, 193, 175, 144, 131, 169, 214, 221, 212, 196, 171, 154, 135, 117, 104, 110, 125, 143, 157, 158, 151, 143, 133, 117, 97, 79, 88, 99, 93, 95, 107, 85, 73, 84, 76, 68, 68, 71, 77, 77, 59, 53, 58, 65, 68, 67, 45, 57, 74, 69, 46, 51, 76, 74, 49, 43, 40, 40, 44, 46, 39, 32, 36, 47, 59, 68, 70, 61, 52, 47, 45, 46, 42, 37, 30, 24, 18, 16, 14, 25, 53, 68, 54, 45, 59, 49, 41, 53, 48, 36, 37, 49, 55, 43, 41, 61, 77, 55, 53, 71, 70, 47, 55, 68, 48, 53, 62, 48, 46, 47, 46, 40, 34, 31, 31, 33, 37, 43, 51, 53, 48, 40, 33, 26, 22, 19, 14, 11, 15, 31, 50, 70, 88, 100, 112, 124, 132, 131, 122, 109, 112, 131, 143, 147, 142, 135, 134, 137, 144, 154, 158, 159, 162, 150, 128, 110, 118, 150, 180, 204, 209, 187, 152, 109, 80, 65, 53, 42, 29, 21, 16, 13, 16, 17, 16, 15, 13, 9, 5, 7, 13, 17, 19, 52, 103, 147, 177, 203, 214, 214, 217, 221, 228, 226, 213, 207, 209, 200, 181, 166, 160, 166, 170, 157, 144, 142, 145, 149, 145, 129, 111, 91, 70, 54, 42, 32, 24, 16, 8, 2, 0, 1, 3, 6, 9, 12, 13, 12, 12, 16, 56, 97, 114, 128, 128, 105, 82, 86, 96, 91, 82, 82, 85, 82, 78, 77, 78, 76, 81, 70, 67, 73, 65, 66, 61, 59, 64, 60, 58, 58, 56, 55, 52, 53, 49, 48, 41, 36, 32, 25, 18, 12, 9]
16:52:02 - DEBUG    - EchogramProcessor:_parse_header_section        - Header geparst: {'DeviceID': '0 D24 Type RS232', 'TimeWork': '1770652321.46', 'Ping': '501', 'Altitude': '0.3747', 'Temperature': '17.49', 'NSamples': '400', 'Resolution,mm': '7.500', 'Sampling_Frequency,Hz': '100000', 'SoundSpeed,mps': '1500.00', 'Tx_Frequency,Hz': '450000', 'Range,m': '3.0', 'Interval,sec': '1.000', 'Threshold,%': '10', 'Offset,m': '0.000', 'Deadzone,m': '0.200', 'PulseLength,uks': '50', 'TxPower,dB': '-48.000', 'TVG_Gain': '0.000', 'TVG_Slope': '1.000', 'TVG_Mode': '1', 'OutputMode': '4', 'Pitch,deg': '-0.800', 'Roll,deg': '-0.300'}
16:52:02 - DEBUG    - EchogramProcessor:_extract_data                - Datenpunkte geparst: [397, 322, 565, 931, 872, 1095, 2457, 3779, 4067, 4064, 4046, 4055, 4059, 4060, 3838, 3575, 3503, 3303, 3304, 2778, 1926, 1555, 1185, 845, 751, 634, 602, 582, 489, 502, 381, 398, 301, 317, 249, 277, 235, 217, 205, 215, 214, 212, 198, 170, 168, 158, 158, 185, 257, 365, 500, 582, 697, 884, 1027, 1046, 1170, 1555, 1972, 2291, 2493, 2485, 2389, 2212, 2079, 1896, 1689, 1413, 1164, 966, 835, 763, 695, 627, 560, 523, 452, 321, 209, 154, 142, 114, 108, 123, 110, 85, 66, 69, 101, 102, 87, 113, 147, 143, 129, 146, 160, 138, 95, 76, 84, 94, 77, 71, 79, 68, 49, 29, 20, 18, 16, 16, 21, 25, 34, 53, 72, 86, 103, 121, 136, 151, 173, 185, 192, 179, 147, 101, 67, 56, 44, 80, 120, 109, 85, 75, 71, 60, 46, 68, 75, 54, 74, 120, 151, 149, 166, 178, 154, 105, 78, 95, 96, 64, 73, 81, 68, 67, 66, 53, 37, 31, 30, 26, 22, 17, 11, 9, 5, 4, 5, 9, 17, 22, 20, 17, 18, 22, 28, 42, 61, 84, 101, 106, 112, 128, 136, 134, 135, 148, 161, 147, 115, 111, 128, 144, 158, 175, 189, 177, 142, 132, 141, 153, 160, 152, 148, 143, 140, 148, 155, 157, 149, 137, 135, 136, 141, 150, 158, 165, 154, 135, 115, 103, 92, 80, 71, 60, 51, 4]
16:52:02 - INFO     - EchogramProcessor:process                      - 2 Ping(s) mit insgesamt 630 Datenpunkten geparst.
16:52:02 - INFO     - steuerung      :run_single_test              - Test '12bit-Echogram' beendet
16:52:02 - INFO     - visualisierung :create_plots_from_measurements - Erstelle Plots für 1 Messungen (Batch)...
16:52:02 - DEBUG    - visualisierung :_render_and_save_figure      - Plot gespeichert: logs\20260209_165121\echogram_messung4_ping_1.png
16:52:02 - INFO     - steuerung      :run_test_pair                - Starte KI-Klassifizierung für LF/HF Paar...
16:52:02 - INFO     - steuerung      :run_test_pair                - Klassifizierungsergebnis für Paar: Sand
16:52:02 - INFO     - datenverarbeitung:append_ping_to_csv           - Daten erfolgreich in 'logs\20260209_165121\training_data.csv' geschrieben.
16:52:02 - INFO     - datenverarbeitung:append_ping_to_csv           - Daten erfolgreich in 'logs\20260209_165121\training_data.csv' geschrieben.
16:52:02 - INFO     - steuerung      :run_test_pair                - --- Führe Test-Paar aus: Index 4 & 5 ---
16:52:02 - INFO     - steuerung      :run_single_test              - --- Starte Test: Modus '12bit-Echogram' (4) mit Frequenz 'low' ---
16:52:04 - INFO     - sonar          :konfigurieren                - Konfiguration: output_mode='4', frequency='low' (Befehl: IdSetLowFreq)
16:52:04 - INFO     - sonar          :konfigurieren                - Wende spezifische Modus-Einstellungen an:
16:52:04 - INFO     - sonar          :konfigurieren                -   -> IdSamplFreq: 100000
16:52:04 - INFO     - sonar          :konfigurieren                -   -> IdRange: 3000
16:52:04 - INFO     - sonar          :konfigurieren                -   -> IdInterval: 1
16:52:04 - INFO     - sonar          :konfigurieren                -   -> IdDeadzone: 200
16:52:04 - INFO     - sonar          :konfigurieren                -   -> IdTxLengthL: 200
16:52:04 - INFO     - sonar          :konfigurieren                -   -> IdTxPower: 0
16:52:04 - INFO     - sonar          :konfigurieren                -   -> IdGain: 0
16:52:04 - INFO     - sonar          :konfigurieren                -   -> class_name: Stones
16:52:04 - INFO     - sonar          :konfigurieren                -   -> frequency: low
16:52:04 - INFO     - sonar          :daten_lesen                  - Starte Ping für 2.0 Sekunden...
16:52:11 - DEBUG    - sonar          :daten_lesen                  - Daten empfangen mit der Länge 4096
16:52:11 - INFO     - datenverarbeitung:verarbeite_daten             - Verarbeite Daten für Modus '12bit-Echogram' mit Processor 'EchogramProcessor'...
16:52:11 - DEBUG    - EchogramProcessor:_extract_packets             - Pakete extrahiert: 1
16:52:11 - DEBUG    - EchogramProcessor:_parse_header_section        - Header geparst: {'DeviceID': '0 D24 Type RS232', 'TimeWork': '1770652330.25', 'Ping': '506', 'Altitude': '0.8020', 'Temperature': '17.55', 'NSamples': '400', 'Resolution,mm': '7.500', 'Sampling_Frequency,Hz': '100000', 'SoundSpeed,mps': '1500.00', 'Tx_Frequency,Hz': '200000', 'Range,m': '3.0', 'Interval,sec': '1.000', 'Threshold,%': '10', 'Offset,m': '0.000', 'Deadzone,m': '0.200', 'PulseLength,uks': '200', 'TxPower,dB': '0.000', 'TVG_Gain': '0.000', 'TVG_Slope': '1.000', 'TVG_Mode': '1', 'OutputMode': '4', 'Pitch,deg': '-0.600', 'Roll,deg': '-1.700'}
16:52:11 - DEBUG    - EchogramProcessor:_extract_data                - Datenpunkte geparst: [135, 199, 225, 254, 262, 250, 241, 239, 217, 206, 188, 170, 154, 129, 115, 95, 88, 76, 71, 77, 68, 95, 186, 298, 547, 844, 1199, 1618, 2205, 2872, 3506, 4028, 4057, 4063, 4059, 4060, 4064, 4053, 4055, 4053, 4068, 4063, 4078, 4057, 4072, 4063, 4084, 4058, 4065, 4063, 4070, 4060, 4061, 4060, 4063, 4067, 4069, 4065, 4001, 3908, 3725, 3537, 3231, 2900, 2510, 2183, 1806, 1522, 1226, 1029, 817, 704, 569, 538, 448, 466, 440, 487, 478, 519, 507, 539, 529, 542, 554, 546, 585, 555, 603, 577, 622, 602, 636, 617, 640, 623, 624, 607, 582, 559, 515, 483, 435, 408, 380, 371, 359, 375, 373, 393, 387, 403, 397, 427, 426, 463, 453, 485, 465, 481, 450, 442, 402, 373, 333, 297, 269, 229, 203, 160, 141, 104, 96, 73, 61, 59, 59, 75, 80, 95, 103, 119, 134, 148, 160, 166, 175, 172, 182, 171, 178, 153, 149, 119, 110, 80, 64, 48, 32, 30, 23, 27, 18, 33, 30, 41, 35, 43, 38, 57, 64, 81, 81, 87, 83, 83, 77, 70, 65, 56, 53, 41, 38, 23, 21, 15, 16, 9, 9, 15, 12, 25, 25, 37, 37, 44, 43, 45, 41, 48, 48, 57, 58, 66, 68, 75, 79, 85, 89, 91, 92, 94, 103, 108, 120, 119, 119, 109, 102, 88, 80, 73, 68, 69, 69, 83, 83, 90, 91, 95, 94, 97, 100, 104, 111, 116, 132, 142, 160, 170, 187, 192, 202, 199, 202, 200, 213, 224, 244, 261, 282, 294, 305, 306, 305, 298, 292, 283, 274, 265, 253, 248, 240, 237, 226, 218, 200, 188, 176, 171, 165, 171, 175, 185, 187, 196, 198, 201, 199, 201, 196, 187, 175, 163, 153, 140, 132, 112, 98, 88, 76, 67, 57, 43, 32, 29, 26, 28, 33, 46, 61, 80, 97, 107, 116, 116, 110, 97, 87, 82, 81, 92, 102, 117, 128, 138, 141, 144, 136, 129, 122, 129, 137, 148, 151, 147, 135, 125, 119, 110, 96, 74, 54, 41, 33, 28, 19, 20, 35, 61, 88, 117, 144, 173, 204, 228, 238, 231, 221, 210, 200, 185, 177, 171, 170, 170, 174, 180, 179, 177, 168, 170, 188, 207, 217, 219, 227, 226, 227, 222, 219, 214, 207, 202, 197, 197, 196, 187, 174, 163, 157, 158, 160, 155, 150, 138, 121, 97, 78, 56, 37, 26, 30, 39, 48, 50, 57, 71, 94, 1]
16:52:11 - INFO     - EchogramProcessor:process                      - 1 Ping(s) mit insgesamt 400 Datenpunkten geparst.
16:52:11 - INFO     - steuerung      :run_single_test              - Test '12bit-Echogram' beendet
16:52:11 - INFO     - visualisierung :create_plots_from_measurements - Erstelle Plots für 1 Messungen (Batch)...
16:52:12 - DEBUG    - visualisierung :_render_and_save_figure      - Plot gespeichert: logs\20260209_165121\echogram_messung5_ping_1.png
16:52:12 - INFO     - steuerung      :run_single_test              - --- Starte Test: Modus '12bit-Echogram' (4) mit Frequenz 'high' ---
16:52:13 - INFO     - sonar          :konfigurieren                - Konfiguration: output_mode='4', frequency='high' (Befehl: IdSetHighFreq)
16:52:13 - INFO     - sonar          :konfigurieren                - Wende spezifische Modus-Einstellungen an:
16:52:13 - INFO     - sonar          :konfigurieren                -   -> IdSamplFreq: 100000
16:52:13 - INFO     - sonar          :konfigurieren                -   -> IdRange: 3000
16:52:13 - INFO     - sonar          :konfigurieren                -   -> IdInterval: 1
16:52:13 - INFO     - sonar          :konfigurieren                -   -> IdDeadzone: 200
16:52:13 - INFO     - sonar          :konfigurieren                -   -> IdTxLengthH: 50
16:52:13 - INFO     - sonar          :konfigurieren                -   -> IdTxPower: -48
16:52:13 - INFO     - sonar          :konfigurieren                -   -> IdGain: 0
16:52:13 - INFO     - sonar          :konfigurieren                -   -> class_name: Stones
16:52:13 - INFO     - sonar          :konfigurieren                -   -> frequency: high
16:52:13 - INFO     - sonar          :daten_lesen                  - Starte Ping für 2.0 Sekunden...
16:52:21 - DEBUG    - sonar          :daten_lesen                  - Daten empfangen mit der Länge 4096
16:52:21 - INFO     - datenverarbeitung:verarbeite_daten             - Verarbeite Daten für Modus '12bit-Echogram' mit Processor 'EchogramProcessor'...
16:52:21 - DEBUG    - EchogramProcessor:_extract_packets             - Pakete extrahiert: 2
16:52:21 - DEBUG    - EchogramProcessor:_parse_header_section        - Header geparst: {'DeviceID': '0 D24 Type RS232', 'TimeWork': '1770652338.93', 'Ping': '511', 'Altitude': '0.3747', 'Temperature': '17.47', 'NSamples': '400', 'Resolution,mm': '7.500', 'Sampling_Frequency,Hz': '100000', 'SoundSpeed,mps': '1500.00', 'Tx_Frequency,Hz': '450000', 'Range,m': '3.0', 'Interval,sec': '1.000', 'Threshold,%': '10', 'Offset,m': '0.000', 'Deadzone,m': '0.200', 'PulseLength,uks': '50', 'TxPower,dB': '-48.000', 'TVG_Gain': '0.000', 'TVG_Slope': '1.000', 'TVG_Mode': '1', 'OutputMode': '4', 'Pitch,deg': '-1.100', 'Roll,deg': '-0.500'}
16:52:21 - DEBUG    - EchogramProcessor:_extract_data                - Datenpunkte geparst: [432, 346, 578, 997, 1030, 983, 1997, 3167, 3593, 2977, 2298, 1805, 1758, 2025, 1845, 1909, 2335, 2353, 2454, 2150, 1466, 1271, 930, 802, 803, 651, 745, 744, 602, 554, 452, 439, 347, 373, 271, 268, 242, 257, 272, 270, 234, 208, 166, 135, 96, 84, 69, 68, 131, 331, 564, 753, 805, 635, 710, 1249, 1885, 2336, 2519, 2572, 2403, 2287, 2164, 2041, 1764, 1468, 1183, 949, 700, 506, 379, 314, 310, 384, 433, 420, 332, 231, 178, 177, 161, 158, 202, 212, 177, 181, 177, 124, 128, 112, 108, 125, 146, 154, 122, 104, 119, 120, 90, 82, 97, 105, 80, 76, 76, 95, 104, 73, 80, 102, 120, 114, 104, 90, 66, 52, 64, 73, 85, 92, 84, 67, 72, 87, 118, 143, 154, 141, 124, 125, 150, 152, 128, 90, 97, 123, 179, 224, 247, 282, 323, 328, 274, 192, 157, 162, 170, 177, 176, 170, 159, 156, 165, 189, 221, 237, 238, 220, 179, 140, 132, 168, 203, 211, 188, 154, 124, 95, 66, 50, 44, 34, 21, 11, 10, 14, 24, 35, 40, 39, 31, 21, 23, 33, 41, 45, 71, 105, 137, 156, 159, 145, 111, 84, 82, 96, 112, 125, 103, 78, 87, 86, 77, 88, 89, 70, 67, 70, 66, 60, 56, 58, 60, 52, 50, 56, 53, 50, 43, 36, 28, 26, 24, 18, 15, 15, 18, 23, 29, 32, 32, 28, 21, 16, 13, 16, 23, 29, 33, 36, 61, 79, 65, 47, 49, 50, 38, 32, 32, 38, 36, 31, 36, 36, 40, 34, 33, 47, 48, 38, 33, 47, 53, 43, 48, 52, 43, 44, 46, 51, 50, 37, 39, 42, 39, 34, 30, 27, 24, 24, 23, 22, 17, 16, 18, 25, 29, 32, 28, 23, 18, 13, 7, 2, 4, 10, 18, 43, 85, 138, 174, 165, 132, 112, 110, 120, 133, 135, 133, 139, 153, 160, 154, 146, 142, 140, 150, 155, 147, 154, 164, 170, 173, 168, 159, 157, 165, 160, 138, 113, 92, 77, 66, 53, 44, 39, 36, 32, 26, 21, 18, 17, 14, 10, 7, 7, 8, 23, 64, 118, 171, 214, 243, 260, 274, 279, 275, 278, 277, 268, 260, 253, 249, 244, 237, 231, 231, 222, 209, 198, 193, 195, 193, 178, 171, 172, 166, 152, 125, 94, 62, 36, 26, 28, 28, 28, 22, 11, 7, 7, 5, 4, 3, 3, 4, 2, 5, 53, 100, 118]
16:52:21 - DEBUG    - EchogramProcessor:_parse_header_section        - Header geparst: {'DeviceID': '0 D24 Type RS232', 'TimeWork': '1770652339.93', 'Ping': '512', 'Altitude': '0.3770', 'Temperature': '17.47', 'NSamples': '400', 'Resolution,mm': '7.500', 'Sampling_Frequency,Hz': '100000', 'SoundSpeed,mps': '1500.00', 'Tx_Frequency,Hz': '450000', 'Range,m': '3.0', 'Interval,sec': '1.000', 'Threshold,%': '10', 'Offset,m': '0.000', 'Deadzone,m': '0.200', 'PulseLength,uks': '50', 'TxPower,dB': '-48.000', 'TVG_Gain': '0.000', 'TVG_Slope': '1.000', 'TVG_Mode': '1', 'OutputMode': '4', 'Pitch,deg': '0.000', 'Roll,deg': '-0.500'}
16:52:21 - DEBUG    - EchogramProcessor:_extract_data                - Datenpunkte geparst: [442, 358, 587, 960, 948, 1177, 2500, 3746, 4062, 4062, 4055, 3804, 3413, 3295, 2872, 2617, 2756, 2750, 2904, 2538, 1749, 1426, 1070, 783, 725, 574, 631, 648, 546, 539, 409, 381, 316, 374, 286, 310, 279, 261, 238, 219, 181, 148, 99, 71, 49, 32, 20, 39, 144, 305, 494, 658, 765, 625, 636, 1021, 1601, 2034, 2278, 2418, 2397, 2335, 2384, 2493, 2428, 2182, 1882, 1609, 1462, 1440, 1438, 1281, 1017, 694, 555, 533, 509, 474, 410, 343, 283, 251, 251, 254, 235, 192, 144, 101, 84, 73, 49, 42, 52, 78, 105, 125, 133, 136, 132, 128, 113, 97, 82, 67, 81, 92, 90, 113, 128, 120, 89, 77, 75, 60, 93, 128, 102, 78, 91, 101, 78, 72, 96, 113, 109, 96, 138, 188, 189, 159, 147, 133, 94, 94, 115, 120, 107, 108, 122, 143, 170, 199, 228, 243, 232, 217, 182, 150, 128, 115, 111, 103, 98, 100, 88, 87, 93, 99, 98, 85, 95, 102, 97, 77, 57, 70, 77, 54, 55, 76, 67, 46, 44, 52, 60, 48, 45, 44, 45, 55, 51, 44, 47, 48, 53, 55, 47, 50, 51, 50, 45, 52, 59, 68, 68, 58, 52, 54, 54, 55, 53, 51, 48, 44, 36, 31, 30, 31, 30, 27, 20, 11, 8, 33, 72, 103, 121, 128, 124, 122, 121, 123, 130, 131, 122, 124, 139, 151, 154, 144, 124]
16:52:21 - INFO     - EchogramProcessor:process                      - 2 Ping(s) mit insgesamt 631 Datenpunkten geparst.
16:52:21 - INFO     - steuerung      :run_single_test              - Test '12bit-Echogram' beendet
16:52:21 - INFO     - visualisierung :create_plots_from_measurements - Erstelle Plots für 1 Messungen (Batch)...
16:52:21 - DEBUG    - visualisierung :_render_and_save_figure      - Plot gespeichert: logs\20260209_165121\echogram_messung6_ping_1.png
16:52:21 - INFO     - steuerung      :run_test_pair                - Starte KI-Klassifizierung für LF/HF Paar...
16:52:21 - INFO     - steuerung      :run_test_pair                - Klassifizierungsergebnis für Paar: Stones
16:52:21 - INFO     - datenverarbeitung:append_ping_to_csv           - Daten erfolgreich in 'logs\20260209_165121\training_data.csv' geschrieben.
16:52:21 - INFO     - datenverarbeitung:append_ping_to_csv           - Daten erfolgreich in 'logs\20260209_165121\training_data.csv' geschrieben.
16:52:21 - INFO     - steuerung      :run_test_pair                - --- Führe Test-Paar aus: Index 6 & 7 ---
16:52:21 - INFO     - steuerung      :run_single_test              - --- Starte Test: Modus '12bit-Echogram' (4) mit Frequenz 'low' ---
16:52:23 - INFO     - sonar          :konfigurieren                - Konfiguration: output_mode='4', frequency='low' (Befehl: IdSetLowFreq)
16:52:23 - INFO     - sonar          :konfigurieren                - Wende spezifische Modus-Einstellungen an:
16:52:23 - INFO     - sonar          :konfigurieren                -   -> IdSamplFreq: 100000
16:52:23 - INFO     - sonar          :konfigurieren                -   -> IdRange: 3000
16:52:23 - INFO     - sonar          :konfigurieren                -   -> IdInterval: 1
16:52:23 - INFO     - sonar          :konfigurieren                -   -> IdDeadzone: 200
16:52:23 - INFO     - sonar          :konfigurieren                -   -> IdTxLengthL: 200
16:52:23 - INFO     - sonar          :konfigurieren                -   -> IdTxPower: 0
16:52:23 - INFO     - sonar          :konfigurieren                -   -> IdGain: 0
16:52:23 - INFO     - sonar          :konfigurieren                -   -> class_name: Stones
16:52:23 - INFO     - sonar          :konfigurieren                -   -> frequency: low
16:52:23 - INFO     - sonar          :daten_lesen                  - Starte Ping für 2.0 Sekunden...
16:52:30 - DEBUG    - sonar          :daten_lesen                  - Daten empfangen mit der Länge 4096
16:52:30 - INFO     - datenverarbeitung:verarbeite_daten             - Verarbeite Daten für Modus '12bit-Echogram' mit Processor 'EchogramProcessor'...
16:52:30 - DEBUG    - EchogramProcessor:_extract_packets             - Pakete extrahiert: 2
16:52:30 - DEBUG    - EchogramProcessor:_parse_header_section        - Header geparst: {'DeviceID': '0 D24 Type RS232', 'TimeWork': '1770652348.81', 'Ping': '517', 'Altitude': '0.0000', 'Temperature': '17.51', 'NSamples': '400', 'Resolution,mm': '7.500', 'Sampling_Frequency,Hz': '100000', 'SoundSpeed,mps': '1500.00', 'Tx_Frequency,Hz': '200000', 'Range,m': '3.0', 'Interval,sec': '1.000', 'Threshold,%': '10', 'Offset,m': '0.000', 'Deadzone,m': '0.200', 'PulseLength,uks': '200', 'TxPower,dB': '0.000', 'TVG_Gain': '0.000', 'TVG_Slope': '1.000', 'TVG_Mode': '1', 'OutputMode': '4', 'Pitch,deg': '-0.200', 'Roll,deg': '-0.100'}
16:52:30 - DEBUG    - EchogramProcessor:_extract_data                - Datenpunkte geparst: [136, 200, 226, 257, 262, 252, 244, 240, 217, 207, 187, 168, 154, 130, 114, 97, 88, 77, 72, 78, 67, 93, 179, 290, 537, 833, 1189, 1614, 2204, 2864, 3491, 4025, 4057, 4058, 4054, 4059, 4060, 4058, 4063, 4056, 4067, 4056, 4069, 4060, 4078, 4064, 4077, 4060, 4071, 4059, 4068, 4057, 4066, 4063, 4064, 4059, 4061, 4057, 4055, 4056, 3996, 3872, 3699, 3441, 3102, 2757, 2388, 2094, 1767, 1540, 1259, 1105, 898, 796, 618, 564, 459, 458, 402, 453, 435, 492, 487, 550, 554, 602, 611, 614, 598, 556, 533, 479, 458, 392, 362, 291, 260, 215, 219, 209, 246, 246, 302, 294, 344, 321, 324, 281, 253, 217, 186, 168, 130, 120, 85, 71, 69, 59, 66, 75, 83, 109, 114, 160, 159, 195, 178, 187, 169, 164, 157, 139, 151, 130, 151, 135, 146, 134, 137, 131, 123, 120, 105, 103, 83, 77, 58, 45, 49, 48, 62, 73, 88, 99, 104, 111, 108, 112, 108, 117, 111, 118, 108, 120, 107, 116, 100, 105, 93, 99, 89, 95, 92, 103, 106, 118, 128, 137, 150, 149, 158, 149, 154, 139, 137, 118, 121, 113, 120, 110, 113, 106, 110, 106, 110, 110, 116, 120, 123, 129, 129, 138, 134, 138, 125, 122, 101, 90, 75, 81, 88, 113, 129, 154, 168, 186, 192, 198, 196, 196, 193, 183, 174, 156, 144, 120, 106, 80, 60, 47, 43, 58, 68, 83, 89, 99, 102, 105, 102, 99, 95, 94, 94, 96, 96, 102, 108, 115, 120, 119, 121, 113, 107, 97, 93, 96, 104, 117, 131, 150, 155, 162, 158, 154, 140, 133, 123, 122, 123, 134, 138, 144, 144, 145, 140, 140, 141, 148, 160, 174, 186, 194, 209, 226, 257, 280, 301, 302, 296, 277, 258, 238, 222, 207, 190, 174, 162, 155, 146, 142, 119, 104, 89, 82, 72, 68, 55, 53, 52, 57, 61, 69, 68, 64, 50, 41, 42, 44, 57, 78, 107, 141, 175, 210, 240, 271, 284, 294, 290, 280, 261, 242, 221, 207, 197, 196, 200, 202, 197, 174, 150, 116, 87, 65, 65, 81, 107, 137, 172, 204, 231, 240, 245, 242, 239, 232, 230, 229, 234, 241, 246, 251, 245, 235, 212, 185, 159, 142, 129, 113, 99, 85, 73, 56, 44, 36, 25, 22, 29, 41, 58, 80, 105, 130, 150, 162, 173, 178, 180, 176, 173, 164, 150, 136, 132, 142, 150, 154, 144, 134]
16:52:30 - DEBUG    - EchogramProcessor:_parse_header_section        - Header geparst: {'DeviceID': '0 D24 Type RS232', 'TimeWork': '1770652349.81', 'Ping': '518', 'Altitude': '0.6819', 'Temperature': '17.47', 'NSamples': '400', 'Resolution,mm': '7.500', 'Sampling_Frequency,Hz': '100000', 'SoundSpeed,mps': '1500.00', 'Tx_Frequency,Hz': '200000', 'Range,m': '3.0', 'Interval,sec': '1.000', 'Threshold,%': '10', 'Offset,m': '0.000', 'Deadzone,m': '0.200', 'PulseLength,uks': '200', 'TxPower,dB': '0.000', 'TVG_Gain': '0.000', 'TVG_Slope': '1.000', 'TVG_Mode': '1', 'OutputMode': '4', 'Pitch,deg': '-0.800', 'Roll,deg': '-0.900'}
16:52:30 - DEBUG    - EchogramProcessor:_extract_data                - Datenpunkte geparst: [136, 199, 226, 254, 262, 251, 243, 240, 218, 207, 187, 170, 154, 130, 117, 95, 88, 76, 72, 76, 68, 95, 192, 303, 552, 847, 1200, 1617, 2202, 2867, 3507, 4029, 4052, 4059, 4056, 4055, 4056, 4056, 4062, 4056, 4077, 4063, 4072, 4051, 4070, 4060, 4076, 4061, 4070, 4063, 4072, 4054, 4054, 4052, 4057, 4056, 4055, 4061, 3984, 3849, 3689, 3442, 3075, 2722, 2314, 1990, 1623, 1368, 1080, 929, 739, 668, 550, 530, 464, 463, 416, 437, 395, 404, 353, 332, 246, 204, 159, 193, 217, 278, 303, 356, 368, 421, 416, 472, 464, 527, 523, 584, 576, 612, 581, 579, 526, 502, 455, 423, 388, 353, 330, 305, 284, 258, 242, 218, 214, 199, 199, 179, 189, 176, 205, 188, 220, 208, 225, 216, 227, 229, 232, 239, 233, 247, 236, 257, 237, 249, 224, 217, 187, 173, 155, 140, 135, 119, 138, 125, 144, 131, 140, 131, 135, 128, 125, 118, 118, 117, 114, 114, 110, 119, 118, 138, 134, 148, 137, 143, 129, 125, 119, 119, 122, 121, 129, 114, 116, 92, 81, 54, 49, 36, 47, 42, 52, 42, 47, 36, 46, 46, 6]
16:52:30 - INFO     - EchogramProcessor:process                      - 2 Ping(s) mit insgesamt 589 Datenpunkten geparst.
16:52:30 - INFO     - steuerung      :run_single_test              - Test '12bit-Echogram' beendet
16:52:30 - INFO     - visualisierung :create_plots_from_measurements - Erstelle Plots für 1 Messungen (Batch)...
16:52:31 - DEBUG    - visualisierung :_render_and_save_figure      - Plot gespeichert: logs\20260209_165121\echogram_messung7_ping_1.png
16:52:31 - INFO     - steuerung      :run_single_test              - --- Starte Test: Modus '12bit-Echogram' (4) mit Frequenz 'high' ---
16:52:33 - INFO     - sonar          :konfigurieren                - Konfiguration: output_mode='4', frequency='high' (Befehl: IdSetHighFreq)
16:52:33 - INFO     - sonar          :konfigurieren                - Wende spezifische Modus-Einstellungen an:
16:52:33 - INFO     - sonar          :konfigurieren                -   -> IdSamplFreq: 100000
16:52:33 - INFO     - sonar          :konfigurieren                -   -> IdRange: 3000
16:52:33 - INFO     - sonar          :konfigurieren                -   -> IdInterval: 1
16:52:33 - INFO     - sonar          :konfigurieren                -   -> IdDeadzone: 200
16:52:33 - INFO     - sonar          :konfigurieren                -   -> IdTxLengthH: 50
16:52:33 - INFO     - sonar          :konfigurieren                -   -> IdTxPower: -48
16:52:33 - INFO     - sonar          :konfigurieren                -   -> IdGain: 0
16:52:33 - INFO     - sonar          :konfigurieren                -   -> class_name: Stones
16:52:33 - INFO     - sonar          :konfigurieren                -   -> frequency: high
16:52:33 - INFO     - sonar          :daten_lesen                  - Starte Ping für 2.0 Sekunden...
16:52:40 - DEBUG    - sonar          :daten_lesen                  - Daten empfangen mit der Länge 4096
16:52:40 - INFO     - datenverarbeitung:verarbeite_daten             - Verarbeite Daten für Modus '12bit-Echogram' mit Processor 'EchogramProcessor'...
16:52:40 - DEBUG    - EchogramProcessor:_extract_packets             - Pakete extrahiert: 2
16:52:40 - DEBUG    - EchogramProcessor:_parse_header_section        - Header geparst: {'DeviceID': '0 D24 Type RS232', 'TimeWork': '1770652358.63', 'Ping': '523', 'Altitude': '0.3637', 'Temperature': '17.55', 'NSamples': '400', 'Resolution,mm': '7.500', 'Sampling_Frequency,Hz': '100000', 'SoundSpeed,mps': '1500.00', 'Tx_Frequency,Hz': '450000', 'Range,m': '3.0', 'Interval,sec': '1.000', 'Threshold,%': '10', 'Offset,m': '0.000', 'Deadzone,m': '0.200', 'PulseLength,uks': '50', 'TxPower,dB': '-48.000', 'TVG_Gain': '0.000', 'TVG_Slope': '1.000', 'TVG_Mode': '1', 'OutputMode': '4', 'Pitch,deg': '-1.000', 'Roll,deg': '-0.300'}
16:52:40 - DEBUG    - EchogramProcessor:_extract_data                - Datenpunkte geparst: [492, 395, 610, 976, 969, 1195, 2513, 3738, 4062, 4062, 4051, 3659, 3237, 3138, 2720, 2487, 2665, 2676, 2835, 2489, 1722, 1425, 1075, 797, 731, 571, 640, 661, 557, 551, 423, 410, 313, 357, 269, 241, 201, 219, 242, 248, 237, 232, 185, 141, 101, 113, 115, 173, 476, 935, 1436, 1885, 1931, 2022, 2745, 3641, 4066, 4064, 4060, 4053, 4064, 3865, 3185, 2503, 1974, 1636, 1373, 1141, 925, 708, 472, 332, 264, 224, 207, 204, 200, 218, 247, 257, 260, 243, 225, 203, 158, 133, 145, 141, 140, 142, 168, 172, 157, 134, 106, 116, 138, 164, 196, 229, 236, 198, 151, 145, 136, 96, 131, 210, 272, 305, 309, 269, 194, 142, 153, 169, 142, 109, 114, 157, 223, 273, 312, 340, 327, 297, 252, 211, 182, 166, 152, 143, 128, 100, 77, 59, 40, 32, 38, 52, 69, 90, 98, 101, 99, 103, 113, 138, 150, 132, 109, 102, 115, 117, 124, 130, 118, 118, 129, 109, 85, 104, 118, 107, 95, 89, 81, 67, 61, 88, 109, 92, 65, 66, 78, 91, 87, 67, 43, 25, 13, 7, 6, 10, 13, 15, 18, 20, 20, 19, 19, 14, 7, 3, 0, 1, 25, 46, 64, 68, 49, 46, 57, 51, 40, 56, 52, 37, 46, 50, 38, 45, 36, 35, 33, 36, 33, 30, 38, 30, 32, 30, 35, 48, 45, 34, 19, 14, 16, 25, 36, 45, 45, 40, 36, 34, 33, 34, 35, 35, 36, 40, 37, 36, 38, 43, 43, 42, 38, 30, 28, 31, 35, 48, 79, 104, 109, 102, 90, 76, 81, 88, 90, 86, 83, 85, 96, 108, 109, 101, 99, 96, 94, 103, 111, 116, 115, 109, 102, 91, 71, 51, 33, 18, 11, 8, 5, 1, 5, 13, 15, 14, 9, 5, 8, 15, 17, 21, 22, 19, 41, 82, 131, 170, 200, 227, 243, 251, 263, 267, 271, 273, 263, 265, 265, 259, 249, 235, 227, 226, 220, 221, 229, 234, 230, 222, 213, 214, 208, 199, 199, 200, 194, 179, 166, 167, 172, 166, 152, 131, 107, 85, 64, 46, 34, 31, 29, 27, 23, 19, 13, 11, 11, 15, 20, 26, 53, 114, 161, 180, 173, 138, 118, 114, 112, 124, 118, 103, 114, 116, 103, 98, 102, 104, 92, 92, 95, 98, 90, 77, 81, 91, 86, 71, 74, 80, 78, 68, 66, 70, 77, 81, 76, 66, 51, 38, 29, 26, 23, 19]
16:52:40 - DEBUG    - EchogramProcessor:_parse_header_section        - Header geparst: {'DeviceID': '0 D24 Type RS232', 'TimeWork': '1770652359.63', 'Ping': '524', 'Altitude': '0.3747', 'Temperature': '17.55', 'NSamples': '400', 'Resolution,mm': '7.500', 'Sampling_Frequency,Hz': '100000', 'SoundSpeed,mps': '1500.00', 'Tx_Frequency,Hz': '450000', 'Range,m': '3.0', 'Interval,sec': '1.000', 'Threshold,%': '10', 'Offset,m': '0.000', 'Deadzone,m': '0.200', 'PulseLength,uks': '50', 'TxPower,dB': '-48.000', 'TVG_Gain': '0.000', 'TVG_Slope': '1.000', 'TVG_Mode': '1', 'OutputMode': '4', 'Pitch,deg': '-0.500', 'Roll,deg': '-1.200'}
16:52:40 - DEBUG    - EchogramProcessor:_extract_data                - Datenpunkte geparst: [415, 332, 573, 936, 872, 1100, 2461, 3771, 4062, 4062, 4046, 4058, 4061, 4059, 3831, 3573, 3498, 3292, 3289, 2776, 1933, 1560, 1196, 850, 744, 626, 601, 589, 487, 504, 379, 391, 302, 330, 238, 226, 179, 179, 170, 171, 154, 154, 154, 142, 152, 138, 103, 159, 287, 366, 522, 613, 462, 445, 550, 926, 1338, 1715, 1960, 2257, 2477, 2634, 2526, 2331, 2093, 1906, 1688, 1537, 1392, 1258, 1063, 878, 711, 584, 482, 417, 361, 290, 220, 206, 234, 243, 200, 157, 155, 136, 96, 76, 87, 105, 94, 79, 93, 107, 72, 68, 78, 71, 50, 60, 73, 58, 44, 59, 71, 60, 69, 89, 81, 55, 71, 91, 93, 93, 88, 73, 48, 37, 43, 67, 99, 146, 181, 210, 217, 224, 218, 211, 194, 172, 155, 152, 162, 168, 174, 165, 144, 168, 210, 202, 181, 165, 116, 108, 125, 113, 83, 83, 83, 70, 71, 59, 49, 55, 58, 62, 51, 55, 55, 52, 70, 75, 55, 52, 49, 36, 26, 28, 29, 23, 15, 11, 12, 10, 9, 13, 20, 30, 40, 47, 49, 42, 27, 23, 35, 79, 119, 124, 118, 117, 120, 136, 150, 146, 137, 148, 156, 156, 154, 151, 146, 136, 139, 145, 141, 138, 143, 153, 166, 174, 173, 172, 164, 154, 145, 139, 148, 156, 168, 181, 179, 169, 154, 138, 13]
16:52:40 - INFO     - EchogramProcessor:process                      - 2 Ping(s) mit insgesamt 625 Datenpunkten geparst.
16:52:40 - INFO     - steuerung      :run_single_test              - Test '12bit-Echogram' beendet
16:52:40 - INFO     - visualisierung :create_plots_from_measurements - Erstelle Plots für 1 Messungen (Batch)...
16:52:40 - DEBUG    - visualisierung :_render_and_save_figure      - Plot gespeichert: logs\20260209_165121\echogram_messung8_ping_1.png
16:52:40 - INFO     - steuerung      :run_test_pair                - Starte KI-Klassifizierung für LF/HF Paar...
16:52:40 - INFO     - steuerung      :run_test_pair                - Klassifizierungsergebnis für Paar: Stones
16:52:40 - INFO     - datenverarbeitung:append_ping_to_csv           - Daten erfolgreich in 'logs\20260209_165121\training_data.csv' geschrieben.
16:52:40 - INFO     - datenverarbeitung:append_ping_to_csv           - Daten erfolgreich in 'logs\20260209_165121\training_data.csv' geschrieben.
16:52:40 - INFO     - sonar          :trennen                      - Stoppe Echolot und trenne Verbindung.
16:52:41 - INFO     - steuerung      :run_tests                    - Sonarverbindung getrennt.
16:52:41 - INFO     - steuerung      :run_tests                    - Alle geplanten Tests abgeschlossen. Sonar-Anwendung beendet.
