17:24:32 - INFO     - RandomForestModel:load                         - Random Forest Modell geladen.
17:24:32 - INFO     - steuerung      :execute_campaign             - Starte 1 Session(s).
17:24:32 - INFO     - sonar          :verbinden                    - Versuche, Sonar auf Port COM5 zu verbinden...
17:24:33 - INFO     - sonar          :verbinden                    - Echolot erfolgreich auf COM5 mit 115200 Baud erkannt.
17:24:33 - INFO     - steuerung      :execute_campaign             - === Starte Session 1 (2 Tasks, 2 Wiederholungen) ===
17:24:33 - INFO     - steuerung      :execute_campaign             - === Wiederholung 1/2 === 

17:24:33 - INFO     - steuerung      :execute_measurement          - --- Starte Test: Modus '12bit-Echogram' (4) mit Frequenz 'low' ---
17:24:35 - INFO     - sonar          :konfigurieren                - Konfiguration: output_mode='4', frequency='low' (Befehl: IdSetLowFreq)
17:24:35 - INFO     - sonar          :daten_lesen                  - Starte Ping für 2.0 Sekunden...
17:24:42 - INFO     - datenverarbeitung:verarbeite_daten             - Verarbeite Daten für Modus '12bit-Echogram' mit Processor 'EchogramProcessor'...
17:24:42 - INFO     - EchogramProcessor:process                      - 2 Ping(s) mit insgesamt 752 Datenpunkten geparst.
17:24:42 - INFO     - steuerung      :execute_measurement          - --- Starte Test: Modus '12bit-Echogram' (4) mit Frequenz 'high' ---
17:24:44 - INFO     - sonar          :konfigurieren                - Konfiguration: output_mode='4', frequency='high' (Befehl: IdSetHighFreq)
17:24:44 - INFO     - sonar          :daten_lesen                  - Starte Ping für 2.0 Sekunden...
17:24:52 - INFO     - datenverarbeitung:verarbeite_daten             - Verarbeite Daten für Modus '12bit-Echogram' mit Processor 'EchogramProcessor'...
17:24:52 - INFO     - EchogramProcessor:process                      - 2 Ping(s) mit insgesamt 800 Datenpunkten geparst.
17:24:52 - INFO     - steuerung      :execute_session              - --- Starte KI-Klassifizierung für Session---
17:24:52 - INFO     - RandomForestModel:predict                      - Vorhersage: Stones | Gravel: 0.10, Sand: 0.44, Stones: 0.46
17:24:52 - INFO     - steuerung      :execute_campaign             - === Wiederholung 2/2 === 

17:24:52 - INFO     - steuerung      :execute_measurement          - --- Starte Test: Modus '12bit-Echogram' (4) mit Frequenz 'low' ---
17:24:53 - INFO     - sonar          :konfigurieren                - Konfiguration: output_mode='4', frequency='low' (Befehl: IdSetLowFreq)
17:24:53 - INFO     - sonar          :daten_lesen                  - Starte Ping für 2.0 Sekunden...
17:25:01 - INFO     - datenverarbeitung:verarbeite_daten             - Verarbeite Daten für Modus '12bit-Echogram' mit Processor 'EchogramProcessor'...
17:25:01 - INFO     - EchogramProcessor:process                      - 2 Ping(s) mit insgesamt 752 Datenpunkten geparst.
17:25:01 - INFO     - steuerung      :execute_measurement          - --- Starte Test: Modus '12bit-Echogram' (4) mit Frequenz 'high' ---
17:25:02 - INFO     - sonar          :konfigurieren                - Konfiguration: output_mode='4', frequency='high' (Befehl: IdSetHighFreq)
17:25:03 - INFO     - sonar          :daten_lesen                  - Starte Ping für 2.0 Sekunden...
17:25:10 - INFO     - datenverarbeitung:verarbeite_daten             - Verarbeite Daten für Modus '12bit-Echogram' mit Processor 'EchogramProcessor'...
17:25:10 - INFO     - EchogramProcessor:process                      - 2 Ping(s) mit insgesamt 800 Datenpunkten geparst.
17:25:10 - INFO     - steuerung      :execute_session              - --- Starte KI-Klassifizierung für Session---
17:25:10 - INFO     - RandomForestModel:predict                      - Vorhersage: Sand | Gravel: 0.11, Sand: 0.46, Stones: 0.42
17:25:10 - INFO     - steuerung      :execute_campaign             - === Alle geplanten Tests abgeschlossen. === 

17:25:10 - INFO     - sonar          :trennen                      - Stoppe Echolot und trenne Verbindung.
17:25:10 - INFO     - steuerung      :execute_campaign             - Sonarverbindung getrennt.
