17:11:30 - INFO     - RandomForestModel:load                         - Random Forest Modell geladen.
17:11:30 - INFO     - steuerung      :execute_campaign             - Starte 1 Session(s).
17:11:30 - INFO     - sonar          :verbinden                    - Versuche, Sonar auf Port COM5 zu verbinden...
17:11:31 - INFO     - sonar          :verbinden                    - Echolot erfolgreich auf COM5 mit 115200 Baud erkannt.
17:11:31 - INFO     - steuerung      :execute_campaign             - === Starte Session 1 (2 Tasks, 2 Wiederholungen) ===
17:11:31 - INFO     - steuerung      :execute_campaign             - === Wiederholung 1/2
17:11:31 - INFO     - steuerung      :execute_measurement          - --- Starte Test: Modus '12bit-Echogram' (4) mit Frequenz 'low' ---
17:11:32 - INFO     - sonar          :konfigurieren                - Konfiguration: output_mode='4', frequency='low' (Befehl: IdSetLowFreq)
17:11:32 - INFO     - sonar          :daten_lesen                  - Starte Ping für 2.0 Sekunden...
17:11:40 - INFO     - datenverarbeitung:verarbeite_daten             - Verarbeite Daten für Modus '12bit-Echogram' mit Processor 'EchogramProcessor'...
17:11:40 - INFO     - EchogramProcessor:process                      - 2 Ping(s) mit insgesamt 756 Datenpunkten geparst.
17:11:40 - INFO     - steuerung      :execute_measurement          - --- Starte Test: Modus '12bit-Echogram' (4) mit Frequenz 'high' ---
17:11:42 - INFO     - sonar          :konfigurieren                - Konfiguration: output_mode='4', frequency='high' (Befehl: IdSetHighFreq)
17:11:42 - INFO     - sonar          :daten_lesen                  - Starte Ping für 2.0 Sekunden...
17:11:49 - INFO     - datenverarbeitung:verarbeite_daten             - Verarbeite Daten für Modus '12bit-Echogram' mit Processor 'EchogramProcessor'...
17:11:49 - INFO     - EchogramProcessor:process                      - 2 Ping(s) mit insgesamt 800 Datenpunkten geparst.
17:11:49 - INFO     - steuerung      :execute_session              - --- Starte KI-Klassifizierung für Session---
17:11:49 - INFO     - RandomForestModel:predict                      - Vorhersage: Stones | Gravel: 0.14, Sand: 0.30, Stones: 0.56
17:11:49 - INFO     - steuerung      :execute_campaign             - === Wiederholung 2/2
17:11:49 - INFO     - steuerung      :execute_measurement          - --- Starte Test: Modus '12bit-Echogram' (4) mit Frequenz 'low' ---
17:11:51 - INFO     - sonar          :konfigurieren                - Konfiguration: output_mode='4', frequency='low' (Befehl: IdSetLowFreq)
17:11:51 - INFO     - sonar          :daten_lesen                  - Starte Ping für 2.0 Sekunden...
17:11:58 - INFO     - datenverarbeitung:verarbeite_daten             - Verarbeite Daten für Modus '12bit-Echogram' mit Processor 'EchogramProcessor'...
17:11:58 - INFO     - EchogramProcessor:process                      - 2 Ping(s) mit insgesamt 755 Datenpunkten geparst.
17:11:58 - INFO     - steuerung      :execute_measurement          - --- Starte Test: Modus '12bit-Echogram' (4) mit Frequenz 'high' ---
17:12:00 - INFO     - sonar          :konfigurieren                - Konfiguration: output_mode='4', frequency='high' (Befehl: IdSetHighFreq)
17:12:00 - INFO     - sonar          :daten_lesen                  - Starte Ping für 2.0 Sekunden...
17:12:07 - INFO     - datenverarbeitung:verarbeite_daten             - Verarbeite Daten für Modus '12bit-Echogram' mit Processor 'EchogramProcessor'...
17:12:07 - INFO     - EchogramProcessor:process                      - 2 Ping(s) mit insgesamt 513 Datenpunkten geparst.
17:12:07 - INFO     - steuerung      :execute_session              - --- Starte KI-Klassifizierung für Session---
17:12:08 - INFO     - RandomForestModel:predict                      - Vorhersage: Stones | Gravel: 0.13, Sand: 0.30, Stones: 0.57
17:12:08 - INFO     - steuerung      :execute_campaign             - === Alle geplanten Tests abgeschlossen.
17:12:08 - INFO     - sonar          :trennen                      - Stoppe Echolot und trenne Verbindung.
17:12:08 - INFO     - steuerung      :execute_campaign             - Sonarverbindung getrennt.
