18:54:26 - DEBUG    - __main__       :__init__                     - Steuerung und alle Komponenten initialisiert.
18:54:26 - INFO     - __main__       :starte_anwendung             - Sonar-Anwendung wird gestartet.
18:54:26 - INFO     - sonar          :verbinden                    - Versuche, Sonar auf Port COM5 zu verbinden...
18:54:28 - INFO     - sonar          :verbinden                    - Echolot erfolgreich auf COM5 mit 115200 Baud erkannt.
18:54:28 - INFO     - __main__       :starte_anwendung             - Sonar erfolgreich verbunden.
18:54:28 - INFO     - __main__       :fuehre_12_bit_binary_test_durch - Starte 12-Bit Binärdaten-Test...
18:54:28 - INFO     - sonar          :konfigurieren                - Konfiguriere Echolot...
18:54:29 - INFO     - sonar          :konfigurieren                - Konfiguration: output_mode='4', frequency='low', interval='0.2', pulse_length='20', sampl_freq='100000'
18:54:29 - INFO     - sonar          :daten_lesen                  - Starte Ping für 4.0 Sekunden...
18:54:38 - DEBUG    - sonar          :daten_lesen                  - Text-Darstellung: 5
14
19
20
16
12
11
9
13
13
9
11
9
7
11
11
9
11
8
5
7
6
8
7
8
7
7
7
6
4
6
5
6
5
4
2
2
1
0
0
0
2
10
17
19
15
12
9
13
13
9
6
7
8
10
10
8
5
8
8
6
7
6
6
3
3
##DataEnd

$SDDBT,0.000,f,0.000,M,0.000,F*06
$SDMTW,26.1,C*01
$SDXDR,A,5.0,D,PTCH,A,1.4,D,ROLL*4B


#DeviceID  D24 Type RS232
#TimeWork 1762365274.18
#Ping 192
#Altitude  0.0000
#Temperature 26.21
#NSamples 6800
#Resolution,mm  7.500
#Sampling_Frequency,Hz 100000
#SoundSpeed,mps 1500.00
#---------------Parameters---------------
#Tx_Frequency,Hz 200000
#Range,m  50.0
#Interval,sec  1.950
#Threshold,% 10
#Offset,m  0.000
#Deadzone,m  0.500
#PulseLength,uks 20
#TxPower,dB  0.000
#TVG_Gain   0.000
#TVG_Slope  1.000
#TVG_Mode 1
#OutputMode 4
#Pitch,deg  4.900
#Roll,deg   1.400

##DataStart
142
216
216
177
198
253
363
520
709
932
1108
1258
1378
1465
1585
1743
1991
2466
3077
3697
4025
4057
4053
4044
4056
4055
4069
4050
4065
4054
4075
4069
4070
4055
4064
4050
4057
4054
4061
4058
4061
4070
4060
4054
4047
4060
3976
4039
3953
3965
3752
3391
2891
2427
1947
1553
1177
892
641
456
325
222
177
139
123
108
105
96
97
91
92
93
89
90
84
90
81
90
79
86
79
81
79
75
80
72
78
69
75
66
73
65
69
63
66
63
63
61
61
59
61
57
57
55
56
53
53
52
50
50
48
50
46
46
45
45
43
43
42
42
40
41
39
38
37
36
36
35
34
34
34
34
32
32
31
30
29
29
28
28
27
28
27
25
25
24
24
23
23
22
22
23
21
20
20
20
20
19
18
18
17
18
17
16
16
16
16
15
14
14
14
15
13
13
13
12
12
11
11
11
10
11
10
9
9
10
10
8
9
8
8
8
7
8
7
7
7
6
6
5
6
6
6
5
6
5
5
6
4
4
4
4
4
4
4
3
4
3
3
2
3
3
3
2
2
3
3
3
3
2
1
1
1
1
2
1
1
2
1
3
1
1
0
1
0
0
0
0
0
0
0
1
0
0
0
0
0
0
0
0
0
0
0
0
0
0
0
0
0
0
0
0
0
0
0
0
0
0
0
0
0
0
0
0
0
0
0
0
0
0
0
0
0
0
0
0
0
0
0
0
0
0
0
0
0
0
0
0
0
0
0
0
0
0
0
0
0
0
0
0
0
0
0
0
0
0
0
0
0
0
0
0
0
0
0
0
0
0
0
0
0
0
0
0
0
0
0
0
0
0
0
0
0
0
0
0
0
0
0
0
0
0
0
0
0
0
0
0
0
0
0
0
0
0
0
0
0
0
0
0
0
0
0
0
0
0
0
0
0
0
0
0
0
0
0
0
0
0
0
0
0
0
0
0
0
0
0
0
0
0
0
0
0
0
0
0
0
0
0
0
0
0
0
0
0
0
0
0
0
0
0
0
0
0
0
0
0
0
0
0
0
0
0
0
0
0
0
0
0
0
0
0
0
0
0
0
0
0
0
0
0
0
0
0
0
0
0
0
0
0
0
0
0
0
0
0
0
0
0
0
0
0
0
0
0
0
0
0
0
0
0
0
0
0
0
0
0
0
0
0
0
2
0
1
1
1
0
1
0
2
0
2
0
1
0
2
1
1
1
2
1
2
0
0
0
0
0
1
0
0
0
1
0
1
0
0
0
1
0
1
0
2
0
0
1
1
0
0
0
1
0
1
0
0
0
0
0
0
0
1
0
0
0
0
0
0
0
0
0
0
0
0
0
0
0
0
0
0
0
0
0
0
0
0
0
0
0
0
0
0
0
0
0
0
0
0
0
0
0
0
0
0
0
0
0
0
0
0
0
0
0
0
0
0
0
0
0
0
0
0
0
0
0
0
0
0
0
0
0
0
0
0
0
0
0
0
0
0
0
0
0
0
0
0
0
0
0
0
0
0
0
0
0
0
0
0
0
0
0
0
0
0
0
0
0
0
0
0
0
0
0
0
0
0
0
0
0
0
0
0
0
0
0
0
0
0
0
0
0
0
0
0
0
0
0
0
0
0
0
0
0
0
0
0
0
0
0
0
0
0
0
0
0
0
0
0
0
0
0
0
0
0
0
0
0
0
0
0
0
0
0
0
0
0
0
0
0
0
0
0
0
0
0
0
0
0
0
0
0
0
0
0
0
0
0
0
0
0
0
0
0
0
0
0
0
0
0
0
0
0
0
0
0
0
0
0
0
0
0
0
0
0
0
0
0
0
0
0
0
0
0
0
0
0
0
0
0
0
0
0
0
0
0
0
0
0
0
0
0
0
0
0
0
0
0
0
0
0
0
0
0
0
0
0
0
0
0
0
0
0
0
0
0
0
0
0
0
0
0
0
0
0
0
0
0
0
0
0
0
0
0
0
0
0
0
0
0
0
0
0
0
0
0
0
0
0
0
0
0
0
0
0
0
0
0
0
0
0
0
0
0
0
0
0
0
0
0
0
0
0
0
0
0
0
0
0
0
0
0
0
0
0
0
0
0
0
0
0
0
0
0
0
0
0
0
0
0
0
0
0
0
0
0
0
0
0
0
0
0
0
0
0
0
0
0
0
0
0
0
0
0
0
0
0
0
0
0
0
0
0
0
0
0
0
0
0
0
0
0
0
0
0
0
0
0
0
0
0
0
0
0
0
0
0
0
0
0
0
0
0
0
0
0
0
0#DeviceID  D24 Type RS232
#TimeWork 1762365278.08
#Ping 194
#Altitude  0.0000
#Temperature 26.21
#NSamples 6800
#Resolution,mm  7.500
#Sampling_Frequency,Hz 100000
#SoundSpeed,mps 1500.00
#---------------Parameters---------------
#Tx_Frequency,Hz 200000
#Range,m  50.0
#Interval,sec  1.950
#Threshold,% 10
#Offset,m  0.000
#Deadzone,m  0.500
#PulseLength,uks 20
#TxPower,dB  0.000
#TVG_Gain   0.000
#TVG_Slope  1.000
#TVG_Mode 1
#OutputMode 4
#Pitch,deg  4.900
#Roll,deg   1.300

##DataStart
142
216
215
178
197
253
362
520
710
934
1109
1260
1380
1467
1589
1746
1994
2471
3082
3702
4027
4057
4052
4044
4055
4055
4069
4050
4065
4055
4075
4069
4070
4055
4068
4050
4055
4052
4059
4057
4061
4071
4060
4055
4048
4059
3975
4040
3955
3967
3756
3397
2898
2433
1953
1559
1181
895
643
458
326
224
178
138
123
108
104
95
97
92
92
99
88
90
85
91
81
89
78
86
78
82
80
75
79
72
80
69
75
66
72
67
69
63
66
63
63
61
61
59
61
57
57
55
56
53
53
51
51
50
48
50
46
46
45
45
43
43
41
42
40
41
39
39
38
37
36
35
34
33
33
32
31
31
31
30
29
29
29
27
27
26
26
18:54:40 - INFO     - sonar          :trennen                      - Stoppe Echolot und trenne Verbindung.
18:54:40 - INFO     - __main__       :starte_anwendung             - Sonarverbindung getrennt.
18:54:40 - INFO     - __main__       :starte_anwendung             - Sonar-Anwendung beendet.
