10:04:13 - DEBUG    - __main__       :__init__                     - Steuerung und alle Komponenten initialisiert.
10:04:13 - INFO     - __main__       :starte_anwendung             - Sonar-Anwendung wird gestartet.
10:04:13 - INFO     - sonar          :verbinden                    - Versuche, Sonar auf Port COM5 zu verbinden...
10:04:13 - ERROR    - sonar          :verbinden                    - Fehler beim Erstellen des Echosounder-Objekts: could not open port '\\\\.\\COM5': FileNotFoundError(2, 'Das System kann die angegebene Datei nicht finden.', None, 2)
10:04:13 - ERROR    - __main__       :starte_anwendung             - Anwendung konnte nicht gestartet werden, da das Sonar nicht verbunden werden konnte.
10:04:13 - INFO     - __main__       :starte_anwendung             - Sonar-Anwendung beendet.
10:04:35 - DEBUG    - __main__       :__init__                     - Steuerung und alle Komponenten initialisiert.
10:04:35 - INFO     - __main__       :starte_anwendung             - Sonar-Anwendung wird gestartet.
10:04:35 - INFO     - sonar          :verbinden                    - Versuche, Sonar auf Port COM5 zu verbinden...
10:04:39 - INFO     - sonar          :verbinden                    - Echolot erfolgreich auf COM5 mit 115200 Baud erkannt.
10:04:39 - INFO     - __main__       :starte_anwendung             - Sonar erfolgreich verbunden.
10:04:39 - INFO     - __main__       :fuehre_10_bit_echogram_test_durch - Starte 10-Bit String-Test...
10:04:39 - INFO     - sonar          :konfigurieren                - Konfiguriere Echolot...
10:04:41 - INFO     - sonar          :konfigurieren                - Konfiguration: output_mode='2', frequency='low', interval='0.2', pulse_length='20', sampl_freq='100000'
10:04:41 - INFO     - sonar          :daten_lesen                  - Starte Ping für 4.0 Sekunden...
10:04:49 - DEBUG    - sonar          :daten_lesen                  - Daten empfangen mit der Länge 5339
10:04:51 - DEBUG    - __main__       :fuehre_10_bit_echogram_test_durch - Text-Darstellung: DeviceID  D24 Type RS232
#TimeWork 1762506285.10
#Ping 575
#Altitude  0.0000
#Temperature 21.37
#NSamples 6800
#Resolution,mm  7.500
#Sampling_Frequency,Hz 100000
#SoundSpeed,mps 1500.00
#---------------Parameters---------------
#Tx_Frequency,Hz 200000
#Range,m  50.0
#Interval,sec  1.910
#Threshold,% 10
#Offset,m  0.000
#Deadzone,m  0.500
#PulseLength,uks 20
#TxPower,dB  0.000
#TVG_Gain   0.000
#TVG_Slope  1.000
#TVG_Mode 1
#OutputMode 2
#Pitch,deg 76.100
#Roll,deg  -11.200

##DataStart
35
53
53
44
52
67
101
139
177
214
236
260
273
281
297
307
353
423
510
591
651
709
738
775
793
829
893
958
1003
995
1017
1009
1018
1016
1020
1014
1015
1013
1015
1014
1015
1015
1015
1014
1003
989
949
940
892
819
715
613
511
428
357
299
256
219
197
170
159
139
132
115
109
94
88
77
70
62
57
53
48
46
41
42
35
38
30
32
24
26
19
21
16
19
14
16
13
13
11
10
9
7
8
6
7
6
7
6
7
6
6
6
6
5
5
5
5
5
5
4
5
4
4
4
4
4
4
4
4
4
3
4
3
3
2
3
3
3
3
3
3
2
2
2
2
2
2
2
2
2
2
2
1
2
1
1
1
1
1
1
1
1
1
1
1
1
1
1
1
1
1
1
1
0
0
0
0
0
0
0
0
0
0
0
0
0
0
0
0
0
0
0
0
0
0
0
0
0
0
0
0
0
0
0
0
0
0
0
0
0
0
0
0
0
0
0
0
0
0
0
0
0
0
0
0
0
0
0
0
0
0
0
0
0
0
0
0
0
0
0
0
0
0
0
0
0
0
0
0
0
0
0
0
0
0
0
0
0
0
0
0
0
0
0
0
0
0
0
0
0
0
0
0
0
0
0
0
0
0
0
0
0
0
0
0
0
0
0
0
0
0
0
0
0
0
0
0
0
0
0
0
0
0
0
0
0
0
0
0
0
0
0
0
0
0
0
0
0
0
0
0
0
0
0
0
0
0
0
0
0
0
0
0
0
0
0
0
0
0
0
0
0
0
0
0
0
0
0
0
0
0
0
0
0
0
0
0
0
0
0
0
0
0
0
0
0
0
0
0
0
0
0
0
0
0
0
0
0
0
0
0
0
0
0
0
0
0
0
0
0
0
0
0
0
0
0
0
0
0
0
0
0
0
0
0
0
0
0
0
0
0
0
0
0
0
0
0
0
0
0
0
0
0
0
0
0
0
0
0
0
0
0
0
0
0
0
0
0
0
0
0
0
0
0
0
0
0
0
0
0
0
0
0
0
0
0
0
0
0
0
0
0
0
0
0
0
0
0
0
0
0
0
0
0
0
0
0
0
0
0
0
0
0
0
0
0
0
0
0
0
0
0
0
0
0
0
0
0
0
0
0
0
0
0
1
0
0
0
0
0
0
0
0
0
0
0
0
0
0
0
1
0
0
0
0
0
1
0
0
0
0
0
0
0
0
0
0
0
0
0
0
1
0
0
0
0
0
0
0
0
0
0
0
0
0
0
0
0
0
0
0
0
0
0
0
0
0
0
0
0
0
0
0
0
0
0
0
0
0
0
0
0
0
0
0
0
0
0
0
0
0
0
0
0
0
0
0
0
0
0
0
0
0
0
0
0
0
0
0
0
0
0
0
0
0
0
0
0
0
0
0
0
0
0
0
0
0
0
0
0
0
0
0
0
0
0
0
0
0
0
0
0
0
0
0
0
0
0
0
0
0
0
0
0
0
0
0
0
0
0
0
0
0
0
0
0
0
0
0
0
0
0
0
0
0
0
0
0
0
0
0
0
0
0
0
0
0
0
0
0
0
0
0
0
0
0
0
0
0
0
0
0
0
0
0
0
0
0
0
0
0
0
0
0
0
0
0
0
0
0
0
0
0
0
0
0
0
0
0
0
0
0
0
0
0
0
0
0
0
0
0
0
0
0
0
0
0
0
0
0
0
0
0
0
0
0
0
0
0
0
0
0
0
0
0
0
0
0
0
0
0
0
0
0
0
0
0
0
0
0
0
0
0
0
0
0
0
0
0
0
0
0
0
0
0
0
0
0
0
0
0
0
0
0
0
0
0
0
0
0
0
0
0
0
0
0
0
0
0
0
0
0
0
0
0
0
0
0
0
0
0
0
0
0
0
0
0
0
0
0
0
0
0
0
0
0
0
0
0
0
0
0
0
0
0
0
0
0
0
0
0
0
0
0
0
0
0
0
0
0
0
0
0
0
0
0
0
0
0
0
0
0
0
0
0
0
0
0
0
0
0
0
0
0
0
0
0
0
0
0
0
0
0
0
0
0
0
0
0
0
0
0
0
0
0
0
0
0
0
0
0
0
0
0
0
0
0
0
0
0
0
0
0
0
0
0
0
0
0
0
0
0
0
0
0
0
0
0
0
0
0
0
0
0
0
0
0
0
0
0
0
0
0
0
0
0
0
0
0
0
0
0
0
0
0
0
0
0
0
0
0
0
0
0
0
0
0
0
0
0
0
0
0
0
0
0
0
0
0
0
0
0
0
0
0
0
0
0
0
0
0
0
0
0
0
0
0
0
0
0
0
0
0
0
0
0
0
0
0
0
0
0
0
0
0
0
0
0
0
0
0
0
0
0
0
0
0
0
0
0
0
0
0
0
0
0
0
0
0
0
0
0
0
0
0
0
0
0
0
0
0
0
0
0
0
0
0
0
0
0
0
0
0
0
0
0
0
0
0
0
0
0
0
0
0
0
0
0
0
0
0
0
0
0
0
0
0
0
0
0
0
0
0
0
0
0
0
0
0
0
0
0
0
0
0
0
0
0
0
0
0
0
0
0
0
0
0
0
0
0
0
0
0
0
0

0
1
0
0
0
0
0
0
0
0
0
0
0
0
1
0
0
0
0
0
0
0
0
0
0
0
0
1
0
1
0
1
0
0
0
0
0
1
0
0
0
0
0
0
0
0
0
0
0
0
0
0
0
0
0
0
0
1
0
0
0
0
0
0
0
0
0
0
0
0
0
0
0
0
0
0
0
0
0
0
0
0
0
0
0
0
0
0
0
0
0
0
0
0
0
0
0
0
0
0
0
0
0
0
0
0
0
0
0
0
0
0
0
0
0
0
0
0
0
0
0
0
0
0
0
0
0
0
0
0
0
0
0
0
0
0
0
0
0
0
0
0
0
0
0
0
0
0
0
0
0
0
0
0
0
0
0
0
0
0
0
0
0
0
0
0
0
0
0
0
0
0
0
0
0
0
0
0
0
0
0
0
0
0
0
0
0
0
0
0
0
0
0
0
0
0
0
0
0
0
0
0
0
0
0
0
0
0
0
0
0
0
0
0
0
0
0
0
0
0
0
0
0
0
0
0
0
0
0
0
0
0
0
0
0
0
0
0
0
0
0
0
0
0
0
0
0
0
0
0
0
0
0
0
0
0
0
0
0
0
0
0
0
0
0
0
0
0
0
0
0
0
0
0
0
0
0
0
0
0
0
0
0
0
0
0
0
0
0
0
0
0
0
0
0
0
0
0
0
0
0
0
0
0
0
0
0
0
0
0
0
0
0
0
0
0
0
0
0
0
0
0
0
0
0
0
0
0
0
0
0
0
0
0
0
0
0
0
0
0
0
0
0
0
0
0
0
0
0
0
0
0
0
0
0
0
0
0
0
0
0
0
0
0
0
0
0
0
0
0
0
0
0
0
0
0
0
0
0
0
0
0
0
0
0
0
0
0
0
0
0
0
0
0
0
0
0
0
0
0
0
0
0
0
0
0
0
0
0
0
0
0
0
0

10:04:51 - INFO     - sonar          :trennen                      - Stoppe Echolot und trenne Verbindung.
10:04:51 - INFO     - __main__       :starte_anwendung             - Sonarverbindung getrennt.
10:04:51 - INFO     - __main__       :starte_anwendung             - Sonar-Anwendung beendet.
